    Blocking waiting for file lock on artifact directory
   Compiling audit-018-round5-drag-sort v0.0.0 (/Users/eddix/Codes/github.com/eddix/gpui-rhai/docs/audits/2026-10-02-interaction-0.1.8-round5/drag-sort/probe)
warning: function `virtual_scroll_item` is never used
  --> src/lib.rs:70:4
   |
70 | fn virtual_scroll_item(visual:&mut VisualTestContext,view:&ScriptViewHandle)->usize {
   |    ^^^^^^^^^^^^^^^^^^^
   |
   = note: `#[warn(dead_code)]` (part of `#[warn(unused)]`) on by default

warning: function `realized_indices` is never used
  --> src/lib.rs:74:4
   |
74 | fn realized_indices(node:&UiNode)->Option<std::collections::BTreeSet<usize>> {
   |    ^^^^^^^^^^^^^^^^

warning: `audit-018-round5-drag-sort` (lib test) generated 2 warnings
    Finished `test` profile [unoptimized + debuginfo] target(s) in 21.26s
     Running unittests src/lib.rs (tests/native-keyboard/target/debug/deps/audit_018_round5_drag_sort-2866f6b3c0edf168)

running 3 tests
new drag direct gap before=(0, 0.0), after=(0, 0.0), outcome=rejected
test canceled_tick_cannot_transfer_previous_destination_to_new_drag ... ok
direct blocked target without accepted history: end=rejected, scroll=(0, 0.0)
row gap block=false, before=(0, 0.0), after=(2, 36.0), end=cancelled, diagnostic=None
test open_row_gap_continues_with_stationary_pointer ... ok
row gap block=true, before=(0, 0.0), after=(2, 36.0), end=cancelled, diagnostic=None

thread 'occluding_rejecting_child_blocks_row_gap_continuation' (2383701) panicked at src/lib.rs:138:15:
assertion `left == right` failed: occluding rejecting child must stop gap continuation
  left: (0, 0.0)
 right: (2, 36.0)
note: run with `RUST_BACKTRACE=1` environment variable to display a backtrace
test occluding_rejecting_child_blocks_row_gap_continuation ... FAILED

failures:

failures:
    occluding_rejecting_child_blocks_row_gap_continuation

test result: FAILED. 2 passed; 1 failed; 0 ignored; 0 measured; 0 filtered out; finished in 1.17s

error: test failed, to rerun pass `--lib`
