   Compiling gpui-rhai v0.1.8 (/Users/eddix/Codes/github.com/eddix/gpui-rhai/crates/gpui-rhai)
   Compiling gpui-rhai-cli v0.1.8 (/Users/eddix/Codes/github.com/eddix/gpui-rhai/crates/gpui-rhai-cli)
   Compiling gpui-rhai-native-keyboard-tests v0.0.0 (/var/folders/r0/rh2q01k55bv9w7lhwxn0_x240000gn/T/gpui-rhai-pr96-semantic-5fu0209r)
    Finished `test` profile [unoptimized + debuginfo] target(s) in 1m 06s
     Running tests/audit_pr96_semantics.rs (tests/native-keyboard/target/debug/deps/audit_pr96_semantics-ca25556a875f6907)

running 2 tests
test parser_expression_limit_is_distinct_from_runtime_operations ... PARSE nesting=4 ok=true operations=0 error=None
PARSE nesting=64 ok=false operations=0 error=Some("failed to compile Rhai UI source: Syntax error: Expression exceeds maximum complexity (line 1, position 31)")
ok
test pr_workload_and_a_true_over_default_case ... BASELINE iterations=60000 ok=true operations=180009 elapsed_ms=39.021
BASELINE iterations=250000 ok=true operations=750009 elapsed_ms=163.921

thread 'pr_workload_and_a_true_over_default_case' (1501209) panicked at tests/audit_pr96_semantics.rs:13:3:
assertion `left == right` failed
  left: true
 right: false
note: run with `RUST_BACKTRACE=1` environment variable to display a backtrace
FAILED

failures:

failures:
    pr_workload_and_a_true_over_default_case

test result: FAILED. 1 passed; 1 failed; 0 ignored; 0 measured; 0 filtered out; finished in 1.05s

error: test failed, to rerun pass `--test audit_pr96_semantics`
