   Compiling audit-transforms-selection-round4 v0.0.0 (/Users/eddix/Codes/github.com/eddix/gpui-rhai/docs/audits/2026-10-01-interaction-0.1.8-round4/transforms-selection)
warning: function `find_signal` is never used
  --> src/lib.rs:56:4
   |
56 | fn find_signal(node: &UiNode, property: SignalProperty) -> Option<NativeSignal> {
   |    ^^^^^^^^^^^
   |
   = note: `#[warn(dead_code)]` (part of `#[warn(unused)]`) on by default

warning: function `signal_value` is never used
   --> src/lib.rs:106:4
    |
106 | fn signal_value(
    |    ^^^^^^^^^^^^

warning: `audit-transforms-selection-round4` (lib test) generated 2 warnings
    Finished `test` profile [unoptimized + debuginfo] target(s) in 2.64s
     Running unittests src/lib.rs (tests/native-keyboard/target/debug/deps/audit_transforms_selection_round4-a6dea75b79c044f3)

running 3 tests
test round4_large_canvas_high_zoom_enclose ... 1000px Canvas scale=1000000, visible target=GeometryBounds { x: 499.0, y: 499.0, width: 4.9999999873762135, height: 4.9999999873762135 }, selected=["a"]
ok
test round4_large_canvas_lower_zoom_control ... 1000px Canvas scale=10000, visible target=GeometryBounds { x: 499.0, y: 499.0, width: 4.999999999881766, height: 4.999999999881766 }, selected=["a"]
ok
test round4_selection_hit_matches_padded_canvas_paint ... padded Canvas click at painted a center: area=GeometryBounds { x: 1.0, y: 27.0, width: 258.0, height: 118.0 }, click=Point { x: 56px, y: 82px }, selected=["a"]
ok

test result: ok. 3 passed; 0 failed; 0 ignored; 0 measured; 0 filtered out; finished in 1.04s

