   Compiling audit-transforms-selection-round5 v0.0.0 (/Users/eddix/Codes/github.com/eddix/gpui-rhai/docs/audits/2026-10-02-interaction-0.1.8-round5/transforms-selection)
warning: constant `ROOT` is never used
 --> src/lib.rs:8:7
  |
8 | const ROOT: &str = concat!(env!("CARGO_MANIFEST_DIR"), "/../../../..");
  |       ^^^^
  |
  = note: `#[warn(dead_code)]` (part of `#[warn(unused)]`) on by default

warning: struct `Host` is never constructed
 --> src/lib.rs:9:8
  |
9 | struct Host {
  |        ^^^^

warning: function `mount` is never used
  --> src/lib.rs:23:4
   |
23 | fn mount(
   |    ^^^^^

warning: function `find_signal` is never used
  --> src/lib.rs:61:4
   |
61 | fn find_signal(node: &UiNode, property: SignalProperty) -> Option<NativeSignal> {
   |    ^^^^^^^^^^^

warning: function `status` is never used
  --> src/lib.rs:72:4
   |
72 | fn status(v: &mut VisualTestContext, view: &ScriptViewHandle) -> String {
   |    ^^^^^^

warning: function `bounds` is never used
  --> src/lib.rs:83:4
   |
83 | fn bounds(
   |    ^^^^^^

warning: function `select_script` is never used
   --> src/lib.rs:100:4
    |
100 | fn select_script(multiple: bool) -> String {
    |    ^^^^^^^^^^^^^

warning: function `signal_value` is never used
   --> src/lib.rs:111:4
    |
111 | fn signal_value(
    |    ^^^^^^^^^^^^

warning: function `low_scale_select` is never used
   --> src/lib.rs:126:4
    |
126 | fn low_scale_select(cx: &mut TestAppContext, scale: f64, name: &str) {
    |    ^^^^^^^^^^^^^^^^

warning: `audit-transforms-selection-round5` (lib) generated 9 warnings
    Finished `dev` profile [unoptimized + debuginfo] target(s) in 7.48s
     Running `tests/native-keyboard/target/debug/round5_pan_geometry`
pan/zoom actual paint: inset=(20,20,20,20), anchor=(106.0, 66.0), after2x=(106.0, 66.0), drift=(0.0, 0.0)
pan/zoom actual paint: inset=(40,0,20,0), anchor=(126.0, 66.0), after2x=(106.0, 56.0), drift=(-20.0, -10.0)

thread 'main' (2389441) panicked at src/bin/round5_pan_geometry.rs:162:5:
asymmetric content must keep same pointer anchor
note: run with `RUST_BACKTRACE=1` environment variable to display a backtrace
