   Compiling gpui-rhai v0.1.8 (/Users/eddix/Codes/github.com/eddix/gpui-rhai/crates/gpui-rhai)
    Finished `release` profile [optimized] target(s) in 2m 16s
   Compiling gpui-rhai v0.1.8 (/Users/eddix/Codes/github.com/eddix/gpui-rhai/crates/gpui-rhai)
   Compiling gpui-rhai-cli v0.1.8 (/Users/eddix/Codes/github.com/eddix/gpui-rhai/crates/gpui-rhai-cli)
    Finished `release` profile [optimized] target(s) in 1m 45s
scripts/release-smoke.sh: line 26: 89782 Terminated: 15          "target/release/examples/${example}" > "${log}" 2>&1
release smoke passed: artistic_showcase
scripts/release-smoke.sh: line 26: 89786 Terminated: 15          "target/release/examples/${example}" > "${log}" 2>&1
release smoke passed: code_viewer
scripts/release-smoke.sh: line 26: 89797 Terminated: 15          "target/release/examples/${example}" > "${log}" 2>&1
release smoke passed: dashboard_layout
scripts/release-smoke.sh: line 26: 89804 Terminated: 15          "target/release/examples/${example}" > "${log}" 2>&1
release smoke passed: data_table
scripts/release-smoke.sh: line 26: 89818 Terminated: 15          "target/release/examples/${example}" > "${log}" 2>&1
release smoke passed: diff_viewer
scripts/release-smoke.sh: line 26: 89830 Terminated: 15          "target/release/examples/${example}" > "${log}" 2>&1
release smoke passed: embedded_hello_world
scripts/release-smoke.sh: line 26: 89843 Terminated: 15          "target/release/examples/${example}" > "${log}" 2>&1
release smoke passed: embedded_views
scripts/release-smoke.sh: line 26: 89861 Terminated: 15          "target/release/examples/${example}" > "${log}" 2>&1
release smoke passed: extension_host
scripts/release-smoke.sh: line 26: 89868 Terminated: 15          "target/release/examples/${example}" > "${log}" 2>&1
release smoke passed: form_showcase
scripts/release-smoke.sh: line 26: 89878 Terminated: 15          "target/release/examples/${example}" > "${log}" 2>&1
release smoke passed: hello_world
scripts/release-smoke.sh: line 26: 89894 Terminated: 15          "target/release/examples/${example}" > "${log}" 2>&1
release smoke passed: host_owned_tree
scripts/release-smoke.sh: line 26: 89902 Terminated: 15          "target/release/examples/${example}" > "${log}" 2>&1
release smoke passed: mini_timeline
scripts/release-smoke.sh: line 26: 89921 Terminated: 15          "target/release/examples/${example}" > "${log}" 2>&1
release smoke passed: multi_window
scripts/release-smoke.sh: line 26: 89935 Terminated: 15          "target/release/examples/${example}" > "${log}" 2>&1
release smoke passed: native_overlay_smoke
scripts/release-smoke.sh: line 26: 89949 Terminated: 15          "target/release/examples/${example}" > "${log}" 2>&1
release smoke passed: native_virtual_list_smoke
release smoke passed: performance_probe
scripts/release-smoke.sh: line 26: 89967 Terminated: 15          "target/release/examples/${example}" > "${log}" 2>&1
release smoke passed: phase0_probe
scripts/release-smoke.sh: line 26: 89977 Terminated: 15          "target/release/examples/${example}" > "${log}" 2>&1
release smoke passed: settings_panel
scripts/release-smoke.sh: line 26: 89983 Terminated: 15          "target/release/examples/${example}" > "${log}" 2>&1
release smoke passed: table_1000
scripts/release-smoke.sh: line 26: 89989 Terminated: 15          "target/release/examples/${example}" > "${log}" 2>&1
release smoke passed: variable_height_chat
scripts/release-smoke.sh: line 55: 90010 Terminated: 15          GPUI_RHAI_THEME_STUDIO=1 target/release/gpui-rhai > "${theme_studio_log}" 2>&1
release smoke passed: theme studio
scripts/release-smoke.sh: line 93: 90023 Terminated: 15          ( cd "${gallery_root}"; exec "${gallery_binary}" gallery --story apps/operations --case large ) > "${gallery_log}" 2>&1
release smoke passed: gallery
scripts/release-smoke.sh: line 126: 90037 Terminated: 15          GPUI_RHAI_VISUAL_STATE="${state}" "target/release/examples/data_table" > "${log}" 2>&1
release smoke passed: data_table selected
scripts/release-smoke.sh: line 126: 90043 Terminated: 15          GPUI_RHAI_VISUAL_STATE="${state}" "target/release/examples/data_table" > "${log}" 2>&1
release smoke passed: data_table loading
scripts/release-smoke.sh: line 126: 90049 Terminated: 15          GPUI_RHAI_VISUAL_STATE="${state}" "target/release/examples/data_table" > "${log}" 2>&1
release smoke passed: data_table empty
scripts/release-smoke.sh: line 126: 90059 Terminated: 15          GPUI_RHAI_VISUAL_STATE="${state}" "target/release/examples/data_table" > "${log}" 2>&1
release smoke passed: data_table grouped
