   Compiling gpui-rhai v0.1.8 (/Users/eddix/Codes/github.com/eddix/gpui-rhai/crates/gpui-rhai)
    Finished `release` profile [optimized] target(s) in 1m 37s
   Compiling gpui-rhai-registry v0.1.8 (/Users/eddix/Codes/github.com/eddix/gpui-rhai/registry)
   Compiling gpui-rhai v0.1.8 (/Users/eddix/Codes/github.com/eddix/gpui-rhai/crates/gpui-rhai)
   Compiling gpui-rhai-cli v0.1.8 (/Users/eddix/Codes/github.com/eddix/gpui-rhai/crates/gpui-rhai-cli)
    Finished `release` profile [optimized] target(s) in 1m 46s
scripts/release-smoke.sh: line 26: 95269 Terminated: 15          "target/release/examples/${example}" > "${log}" 2>&1
release smoke passed: artistic_showcase
scripts/release-smoke.sh: line 26: 95272 Terminated: 15          "target/release/examples/${example}" > "${log}" 2>&1
release smoke passed: code_viewer
scripts/release-smoke.sh: line 26: 95282 Terminated: 15          "target/release/examples/${example}" > "${log}" 2>&1
release smoke passed: dashboard_layout
scripts/release-smoke.sh: line 26: 95288 Terminated: 15          "target/release/examples/${example}" > "${log}" 2>&1
release smoke passed: data_table
scripts/release-smoke.sh: line 26: 95294 Terminated: 15          "target/release/examples/${example}" > "${log}" 2>&1
release smoke passed: diff_viewer
scripts/release-smoke.sh: line 26: 95307 Terminated: 15          "target/release/examples/${example}" > "${log}" 2>&1
release smoke passed: embedded_hello_world
scripts/release-smoke.sh: line 26: 95317 Terminated: 15          "target/release/examples/${example}" > "${log}" 2>&1
release smoke passed: embedded_views
scripts/release-smoke.sh: line 26: 95332 Terminated: 15          "target/release/examples/${example}" > "${log}" 2>&1
release smoke passed: extension_host
scripts/release-smoke.sh: line 26: 95339 Terminated: 15          "target/release/examples/${example}" > "${log}" 2>&1
release smoke passed: form_showcase
scripts/release-smoke.sh: line 26: 95350 Terminated: 15          "target/release/examples/${example}" > "${log}" 2>&1
release smoke passed: hello_world
scripts/release-smoke.sh: line 26: 95361 Terminated: 15          "target/release/examples/${example}" > "${log}" 2>&1
release smoke passed: host_owned_tree
scripts/release-smoke.sh: line 26: 95368 Terminated: 15          "target/release/examples/${example}" > "${log}" 2>&1
release smoke passed: mini_timeline
scripts/release-smoke.sh: line 26: 95380 Terminated: 15          "target/release/examples/${example}" > "${log}" 2>&1
release smoke passed: multi_window
scripts/release-smoke.sh: line 26: 95386 Terminated: 15          "target/release/examples/${example}" > "${log}" 2>&1
release smoke passed: native_overlay_smoke
scripts/release-smoke.sh: line 26: 95392 Terminated: 15          "target/release/examples/${example}" > "${log}" 2>&1
release smoke passed: native_virtual_list_smoke
release smoke passed: performance_probe
scripts/release-smoke.sh: line 26: 95405 Terminated: 15          "target/release/examples/${example}" > "${log}" 2>&1
release smoke passed: phase0_probe
scripts/release-smoke.sh: line 26: 95413 Terminated: 15          "target/release/examples/${example}" > "${log}" 2>&1
release smoke passed: settings_panel
scripts/release-smoke.sh: line 26: 95421 Terminated: 15          "target/release/examples/${example}" > "${log}" 2>&1
release smoke passed: table_1000
scripts/release-smoke.sh: line 26: 95430 Terminated: 15          "target/release/examples/${example}" > "${log}" 2>&1
release smoke passed: variable_height_chat
scripts/release-smoke.sh: line 55: 95441 Terminated: 15          GPUI_RHAI_THEME_STUDIO=1 target/release/gpui-rhai > "${theme_studio_log}" 2>&1
release smoke passed: theme studio
scripts/release-smoke.sh: line 93: 95451 Terminated: 15          ( cd "${gallery_root}"; exec "${gallery_binary}" gallery --story apps/operations --case large ) > "${gallery_log}" 2>&1
release smoke passed: gallery
scripts/release-smoke.sh: line 126: 95459 Terminated: 15          GPUI_RHAI_VISUAL_STATE="${state}" "target/release/examples/data_table" > "${log}" 2>&1
release smoke passed: data_table selected
scripts/release-smoke.sh: line 126: 95469 Terminated: 15          GPUI_RHAI_VISUAL_STATE="${state}" "target/release/examples/data_table" > "${log}" 2>&1
release smoke passed: data_table loading
scripts/release-smoke.sh: line 126: 95475 Terminated: 15          GPUI_RHAI_VISUAL_STATE="${state}" "target/release/examples/data_table" > "${log}" 2>&1
release smoke passed: data_table empty
scripts/release-smoke.sh: line 126: 95483 Terminated: 15          GPUI_RHAI_VISUAL_STATE="${state}" "target/release/examples/data_table" > "${log}" 2>&1
release smoke passed: data_table grouped
