   Compiling gpui-rhai v0.1.8 (/Users/eddix/Codes/github.com/eddix/gpui-rhai/crates/gpui-rhai)
    Finished `test` profile [unoptimized + debuginfo] target(s) in 28.37s
     Running unittests src/lib.rs (target/debug/deps/gpui_rhai-211f66b2df6210d9)

running 450 tests
test accessibility::tests::committed_frame_rejects_unknown_native_roles_before_presentation ... ok
test action::tests::key_bindings_validate_and_convert_to_gpui ... ok
test accessibility::tests::semantic_tree_preserves_pressed_expanded_orientation_and_range_values ... ok
test accessibility::tests::semantic_tree_flattens_layout_and_resolves_label_relationships ... ok
test accessibility::tests::semantic_descendant_inherits_nearest_realized_geometry ... ok
test accessibility::tests::presented_tree_excludes_retained_but_unpainted_subtrees ... ok
test app::tests::error_banner_policy_defaults_on_and_can_be_disabled ... ok
test action::tests::disabled_actions_do_not_dispatch ... ok
test app::tests::embedded_runtime_clock_is_installed_before_initial_render ... ok
test app::tests::embedded_font_sources_are_validated_and_retained_for_mount ... ok
test app::tests::missing_entry_has_path_aware_error ... ok
test app::tests::motion_frame_freezes_only_events_present_at_its_sample_boundary ... ok
test app::tests::pointer_callback_return_controls_gpui_propagation ... ok
test app::tests::embedded_host_theme_overrides_cover_primary_and_additional_variants ... ok
test app::tests::declared_component_assets_preload_and_render_without_lifecycle_io ... ok
test app::tests::reduced_motion_environment_values_are_normalized ... ok
test app::tests::retained_descendant_resolves_nearest_scroll_ancestor ... ok
test app::tests::embedded_asset_sources_match_file_provider_namespace ... ok
test app::tests::missing_declared_component_asset_fails_preparation ... ok
test app::tests::prepare_resolves_copied_component_modules ... ok
test app::tests::initial_mount_failure_returns_a_structured_root_diagnostic ... ok
test app::tests::script_registered_semantic_action_dispatches_generation_bound_callback ... ok
test app::tests::file_and_embedded_apps_produce_equivalent_locale_asset_tree ... ok
test app::tests::prepared_view_starts_engine_and_lifecycle_on_mount ... ok
test asset::tests::logical_ids_reject_urls_and_traversal ... ok
test app::tests::structured_script_error_keeps_human_display_separate_from_diagnostic ... ok
test app::tests::script_window_api_queues_open_and_installs_close_confirmation_handler ... ok
test asset::tests::namespace_refresh_preserves_handle_and_replaces_cached_bytes ... ok
test asset::tests::provider_images_are_cached_behind_opaque_handles ... ok
test app::tests::file_view_applies_the_validated_component_stylesheet ... ok
test asset::tests::rejected_duplicate_provider_keeps_uncached_assets_from_the_original ... ok
test asset::tests::svg_variant_cache_is_lru_bounded_and_observable ... ok
test asset::tests::svg_current_color_uses_external_default_without_overriding_local_color ... ok
test asset::tests::transaction_rollback_restores_a_cancelled_decode_registration ... ok
test async_runtime::tests::async_error_payload_is_always_bounded_utf8 ... ok
test asset::tests::raster_decode_delivers_handle_on_foreground_drain ... ok
test asset::tests::svg_raster_adapter_preserves_fixed_color_gradient_and_semantic_alpha ... ok
test app::tests::startup_rejects_manifest_capabilities_missing_from_host ... ok
test async_runtime::tests::cancellation_wakes_a_blocked_lossless_producer ... ok
test async_runtime::tests::rhai_delivery_preflight_matches_recursive_engine_limits ... ok
test asset::tests::canceled_and_stale_image_decodes_do_not_deliver ... ok
test async_runtime::tests::exact_effect_activation_cancellation_preserves_replacement_work ... ok
test app::tests::theme_handle_state_only_advances_for_an_effective_theme_change ... ok
test async_runtime::tests::producer_close_and_registry_drop_report_first_close_reason ... ok
test async_runtime::tests::stale_generation_discards_buffer_and_reclaims_subscription ... ok
test async_runtime::tests::task_completion_delivers_on_foreground_drain ... ok
test async_runtime::tests::task_cancellation_is_reversible_until_transaction_commit ... ok
test automation::tests::json_lines_protocol_correlates_success_and_errors ... ok
test async_runtime::tests::task_panic_becomes_an_error_delivery_and_releases_the_entry ... ok
test automation::tests::locators_require_one_unambiguous_semantic_node ... ok
test budget::tests::default_budgets_are_valid_and_limits_are_inclusive ... ok
test canvas::tests::path_sampling_uses_arc_length_and_morph_requires_matching_topology ... ok
test async_runtime::tests::subscription_defaults_to_bounded_ordered_delivery ... ok
test canvas::tests::presented_hit_testing_tracks_morph_trim_and_non_scaling_stroke ... ok
test canvas::tests::scene_hit_testing_uses_reverse_paint_order_and_path_geometry ... ok
test canvas::tests::scene_rejects_duplicate_keys ... ok
test capability::tests::async_handler_builds_validated_worker_without_moving_rhai_callbacks ... ok
test capability::tests::manifest_controls_capability_access_and_versions ... ok
test capability::tests::manifest_must_cover_component_capability_requirements ... ok
test capability::tests::output_is_validated_even_for_rust_handlers ... ok
test clock::tests::manual_clock_is_shared_and_monotonic_by_host_policy ... ok
test collection_projection::tests::outline_projection_is_stable_and_rejects_cycles ... ok
test collection_projection::tests::stable_grouping_preserves_first_group_and_item_order ... ok
test collection_projection::tests::collapsed_outline_still_enforces_global_depth_limit ... ok
test column_resize::tests::intrinsic_measurement_is_a_keyed_lifecycle_primitive ... ok
test column_resize::tests::realized_measurements_replace_and_unmount_without_retaining_stale_maxima ... ok
test column_resize::tests::resize_event_uses_a_fixed_width_descriptor ... ok
test async_runtime::tests::window_and_component_scope_cancellation_preserves_app_tasks ... ok
test column_resize::tests::width_delta_and_clamping_follow_text_direction ... ok
test component::tests::component_assets_are_safe_and_part_of_header_identity ... ok
test component::tests::component_collector_is_idempotent_and_rejects_conflicts ... ok
test component::tests::component_header_is_machine_readable ... ok
test component::tests::component_reuse_equality_is_conservative_for_nested_nodes ... ok
test component::tests::header_and_exported_metadata_must_match ... ok
test component::tests::invalid_nested_schema_definition_is_rejected_at_export ... ok
test canvas::tests::script_paths_are_typed_transformed_clipped_and_budgeted_by_segments ... ok
test component::tests::component_schema_round_trips_for_tooling ... ok
test component::tests::invocation_applies_defaults_and_rejects_unknown_props ... ok
test component::tests::registry_resolves_dependencies_first ... ok
test component::tests::invocation_normalizes_data_style_and_callback_props_for_retention ... ok
test component::tests::stateful_components_require_keys ... ok
test component::tests::standard_style_props_are_typed_and_reject_unknown_parts ... ok
test app::tests::secondary_window_engine_restores_compiled_component_exports ... ok
test async_runtime::tests::canceled_and_stale_tasks_never_deliver ... ok
test context::tests::event_mutations_are_batched ... ok
test context::tests::event_target_bounds_are_untracked_and_event_only ... ok
test context::tests::focus_by_ref_key_queues_a_window_scoped_retained_command ... ok
test context::tests::host_can_register_a_new_native_collection_after_mount ... ok
test context::tests::host_motion_preference_changes_without_replacing_runtime_state ... ok
test component::tests::invocation_rejects_anonymous_retained_callback_props ... ok
test component_styles::tests::source_decodes_typed_styles_and_validates_parts ... ok
test component_styles::tests::source_rejects_unknown_components_parts_and_non_styles ... ok
test context::tests::presentation_geometry_and_capture_are_isolated_per_view ... ok
test context::tests::render_context_rejects_mutation ... ok
test context::tests::render_signal_reads_disable_component_reuse ... ok
test component_styles::tests::stylesheet_precedes_instance_overrides_during_component_render ... ok
test context::tests::locale_and_viewport_reads_register_exact_component_dependencies ... ok
test context::tests::script_reads_fixed_today_calendar_and_locale_formatters ... ok
test context::tests::runtime_transaction_rollback_restores_cancelled_subscription ... ok
test context::tests::returning_subscription_work_closes_external_emitters_with_reason ... ok
test context::tests::receiver_subscription_forwards_external_values_until_sender_drop ... ok
test context::tests::receiver_subscription_waits_for_lossless_capacity_without_ending_the_stream ... ok
test context::tests::structural_store_paths_invalidate_executable_owner_not_synthetic_scope ... ok
test context::tests::timeline_handles_cannot_cross_view_contexts ... ok
test context::tests::transaction_tokens_cannot_cross_runtime_or_commit_unbalanced ... ok
test context::tests::viewport_class_is_window_scoped_and_script_readable ... ok
test context::tests::window_release_uses_segment_boundaries_and_clears_suspend_tombstones ... ok
test date::tests::arithmetic_crosses_month_year_and_century_boundaries ... ok
test context::tests::scripts_receive_restricted_context_without_gpui_types ... ok
test date::tests::fixed_clock_is_deterministic ... ok
test date::tests::strict_iso_and_leap_year_validation ... ok
test date::tests::weekdays_match_known_dates ... ok
test dependency::tests::changes_invalidate_transitive_dependants ... ok
test context::tests::scripts_use_bounded_nested_and_keyed_store_paths ... ok
test dependency::tests::import_extraction_rejects_dynamic_and_invalid_imports ... ok
test dependency::tests::import_extraction_uses_rhai_parser_for_nested_comments_and_templates ... ok
test dependency::tests::failed_refresh_does_not_commit_partial_cache ... ok
test dependency::tests::import_extraction_uses_unoptimized_ast_for_nested_templates ... ok
test dependency::tests::import_scanner_ignores_comments_and_string_contents ... ok
test devtools::tests::sensitive_trace_payload_is_redacted_before_storage ... ok
test devtools::tests::inspector_reports_host_handler_label_without_opaque_details ... ok
test context::tests::script_theme_switch_preserves_component_state_and_ast_generation ... ok
test context::tests::semantic_event_and_action_traces_never_retain_payload_values ... ok
test devtools::tests::trace_buffer_is_bounded_and_ordered ... ok
test diagnostic::tests::terminated_evaluation_preserves_structured_runtime_context ... ok
test devtools::tests::snapshot_captures_source_and_redacts_sensitive_state ... ok
test document::tests::host_limits_fail_explicitly_before_unbounded_work ... ok
test devtools::tests::snapshot_includes_runtime_mechanism_identity_and_state ... ok
test document::tests::line_ranges_normalize_crlf_but_retain_terminal_empty_line ... ok
test date::tests::rhai_date_data_api_is_checked_and_month_grid_is_stable ... ok
test document::tests::native_documents_are_revisioned_and_registry_reads_are_exact ... ok
test document::tests::diff_is_direction_neutral_refines_unicode_and_collapses_context ... ok
test document::tests::whitespace_policy_is_explicit ... ok
test document_view::tests::code_descriptor_exposes_string_or_native_document_without_rhai_rows ... ok
test document_view::tests::document_font_resolution_uses_an_installed_monospace_before_fallback ... ok
test document_view::tests::document_selection_copies_original_cross_line_text ... ok
test async_runtime::tests::online_schema_rejection_formats_only_the_first_issue ... ok
test document_view::tests::overlapping_highlight_layers_become_ordered_composed_runs ... ok
test document_view::tests::tab_expansion_preserves_source_and_display_offsets ... ok
test document_view::tests::wrapping_respects_tabs_and_unicode_grapheme_boundaries ... ok
test drag_drop::tests::typed_target_acceptance_distinguishes_payload_and_operation ... ok
test draggable::tests::drag_axes_snap_and_containment_are_one_pure_policy ... ok
test document_view::tests::native_search_supports_case_word_and_regex_policies ... ok
test diagnostic::tests::runtime_diagnostic_contains_location_component_and_stack ... ok
test element_ref::tests::pending_geometry_reader_binds_after_the_ref_commits ... ok
test element_ref::tests::stale_refs_do_not_rebind_after_scope_removal ... ok
test async_runtime::tests::subscription_throttles_to_latest_value_and_cancels ... ok
test engine::tests::callbacks_are_rejected_after_reload ... ok
test effect::tests::unchanged_effects_do_not_restart_and_removed_effects_cleanup ... ok
test engine::tests::canvas_scene_is_keyed_validated_and_script_constructible ... ok
test engine::tests::click_handlers_can_carry_typed_semantic_payloads ... ok
test engine::tests::default_runtime_rejects_filesystem_imports ... ok
test effect::tests::restarted_effect_uses_a_distinct_async_activation_scope ... ok
test engine::tests::execution_timings_cover_compile_and_render ... ok
test engine::tests::callbacks_cannot_cross_runtime_engines ... ok
test engine::tests::failed_candidate_keeps_last_good_generation_active ... ok
test engine::tests::failed_nested_component_records_the_deepest_component_path ... ok
test engine::tests::final_box_and_fragment_atoms_are_distinct_snapshots ... ok
test engine::tests::independent_candidates_never_share_callback_authority ... ok
test engine::tests::final_component_api_registers_render_once_and_invokes_by_id ... ok
test engine::tests::inline_svg_atom_is_bounded_and_self_contained ... ok
test engine::tests::invalid_state_default_reports_the_field_and_tagged_encoding ... ok
test engine::tests::lazy_error_boundary_catches_rhai_evaluation_failure ... ok
test engine::tests::old_component_handles_cannot_target_a_same_key_remount ... ok
test engine::tests::one_program_preparation_shares_identity_across_module_and_entry_compilation ... ok
test engine::tests::recompilation_invalidates_previous_generation ... ok
test engine::tests::replay_hydrates_formal_subtrees_inside_nested_dynamic_node_shapes ... ok
test engine::tests::retained_callbacks_reject_capturing_functions_and_non_data_curry ... ok
test collection_projection::tests::ten_thousand_outline_roots_project_without_quadratic_ancestry_walks ... ok
test document::tests::rhai_and_go_are_built_in_and_unknown_languages_fall_back_to_plain_text ... ok
test engine::tests::retained_virtual_renderer_replays_curried_node_presentation ... ok
test engine::tests::rhai_nodes_attach_only_registered_schema_checked_native_handlers ... ok
test engine::tests::rhai_nodes_retain_ordered_handlers_for_all_event_phases ... ok
test engine::tests::runtime_emits_official_rhai_language_server_definitions ... ok
test engine::tests::script_builds_a_declarative_tree ... ok
test engine::tests::script_builds_a_typed_controlled_overlay ... ok
test engine::tests::script_builds_an_error_boundary ... ok
test engine::tests::self_contained_compile_rejects_dynamic_imports_before_evaluation ... ok
test engine::tests::sticky_virtual_collection_indices_are_bounded_unique_and_top_aligned ... ok
test engine::tests::text_accepts_typed_inline_span_runs ... ok
test engine::tests::unsafe_const_container_assignment_is_rejected_before_evaluation ... ok
test engine::tests::virtual_collection_reveal_key_is_known_and_has_one_scroll_owner ... ok
test engine::tests::virtual_row_formal_component_preserves_the_real_callback_owner ... ok
test environment_dependency::tests::environment_dependencies_invalidate_only_matching_domains ... ok
test event::tests::capture_target_bubble_and_immediate_stop_are_ordered ... ok
test event::tests::events_bubble_until_explicitly_handled ... ok
test event::tests::host_callback_identity_debug_and_tree_drop_follow_rc_ownership ... ok
test event::tests::pointer_capture_is_node_scoped_and_clears_on_unmount ... ok
test event::tests::rhai_cannot_construct_host_callbacks ... ok
test event::tests::stop_allows_remaining_same_phase_handlers_but_blocks_ancestors ... ok
test font::tests::font_sources_validate_format_size_and_duplicates ... ok
test geometry::tests::affine_composition_inverse_and_bounds_share_one_coordinate_fact ... ok
test geometry::tests::affine_inverse_is_scale_relative_and_rejects_singular_matrices ... ok
test geometry::tests::changed_geometry_invalidates_exact_readers_and_snapshot_restores ... ok
test geometry::tests::layout_and_trigger_motion_sample_from_committed_native_state ... ok
test geometry::tests::presented_geometry_maps_local_and_window_coordinates_both_ways ... ok
test geometry::tests::shared_layout_history_expires_after_its_last_presented_frame ... ok
test engine::tests::multiple_dirty_components_share_one_incremental_budget ... ok
test host_slot::tests::registry_rejects_invalid_and_duplicate_names ... ok
test inline_svg::tests::inline_svg_accepts_local_gradients_and_current_color ... ok
test inline_svg::tests::inline_svg_rejects_active_and_external_content ... ok
test interaction::tests::gesture_session_owns_activation_and_total_delta ... ok
test host_slot::tests::extension_registers_a_keyed_opaque_primitive_constructor ... ok
test invocation::tests::retained_callback_chains_start_with_a_fresh_call_depth ... ok
test invocation::tests::synchronous_recursion_still_obeys_the_engine_limit ... ok
test engine::tests::delayed_component_callback_starts_with_a_fresh_operation_budget ... ok
test engine::tests::nested_component_work_consumes_one_shared_operation_budget ... ok
test lifecycle::tests::async_capability_completes_through_foreground_delivery ... ok
test lifecycle::tests::async_image_decode_completes_through_lifecycle_delivery ... ok
test lifecycle::tests::canvas_scene_budget_is_independent_from_command_budget ... ok
test lifecycle::tests::exit_ghost_uses_the_views_committed_geometry_domain ... ok
test lifecycle::tests::hot_reload_rolls_back_candidate_init_state_on_render_failure ... ok
test lifecycle::tests::controlled_rerender_synchronously_rebuilds_the_retained_virtual_window ... ok
test lifecycle::tests::failed_event_callback_rolls_back_ui_state ... ok
test lifecycle::tests::geometry_motion_reserves_capacity_from_timeline_control ... ok
test lifecycle::tests::layer_budget_rejects_candidate_before_commit ... ok
test lifecycle::tests::hot_reload_rolls_back_engine_generation_after_retained_validation_failure ... ok
test lifecycle::tests::missing_optional_lifecycle_functions_are_valid ... ok
test lifecycle::tests::lifecycle_order_and_optional_functions_are_enforced ... ok
test lifecycle::tests::lifecycle_motion_uses_the_host_runtime_clock ... ok
test lifecycle::tests::invalid_native_semantics_reject_the_candidate_before_commit ... ok
test lifecycle::tests::resume_reload_unfreezes_motion_at_the_preserved_position ... ok
test lifecycle::tests::reload_migrates_timeline_authority_to_the_candidate_generation ... ok
test lifecycle::tests::nested_virtual_targets_preserve_callbacks_snapshots_and_prune_atomically ... ok
test lifecycle::tests::retained_candidate_over_host_budget_is_rejected_before_commit ... ok
test lifecycle::tests::motion_budget_admits_active_timeline_to_idle_plus_direct_replacement ... ok
test lifecycle::tests::subscription_capability_streams_until_close ... ok
test lifecycle::tests::retained_root_remount_allocates_new_motion_identity ... ok
test lifecycle::tests::subscription_start_outside_a_declarative_effect_is_rejected ... ok
test lifecycle::tests::suspended_reload_migrates_atomically_and_keeps_last_good_on_failure ... ok
test lifecycle::tests::suspend_resume_preserves_state_and_freezes_motion_time ... ok
test locale::tests::dates_and_numbers_use_selected_bundle_metadata ... ok
test locale::tests::live_locale_switch_advances_only_locale_generation ... ok
test locale::tests::malformed_calendar_and_number_contracts_fail_load ... ok
test locale::tests::month_year_pattern_controls_date_picker_header_order ... ok
test locale::tests::rtl_direction_follows_scope_window_and_app_precedence ... ok
test locale::tests::scope_precedence_and_fallback_are_deterministic ... ok
test motion::tests::affine_canvas_motion_rejects_axis_aligned_path_clips ... ok
test motion::tests::animated_nodes_require_keys_and_removed_declarations_cancel ... ok
test motion::tests::autoreverse_completion_keeps_the_sampled_terminal_value ... ok
test motion::tests::bouncing_inertia_is_bounded_and_matches_timeline_sampling ... ok
test motion::tests::compatible_generation_migration_preserves_progress_but_rekeys_authority ... ok
test lifecycle::tests::virtual_item_motion_uses_the_stable_data_key_path ... ok
test lifecycle::tests::virtual_realization_commits_the_complete_target_window_and_prunes_old_items ... ok
test motion::tests::direct_and_timeline_physics_share_one_sampler_and_extremes_fail ... ok
test motion::tests::exit_ghost_rejects_an_unsupported_nested_subtree_atomically ... ok
test motion::tests::looping_transition_repeats_without_completing ... ok
test motion::tests::node_declarations_reconcile_without_restarting_same_target ... ok
test motion::tests::none_policy_cannot_be_bypassed_by_restart ... ok
test motion::tests::encoded_paths_do_not_alias_legal_slash_keys_and_root_remounts_restart ... ok
test motion::tests::play_and_restart_recheck_active_budget ... ok
test motion::tests::reconciliation_validates_targets_ownership_and_is_atomic ... ok
test motion::tests::reduced_motion_keeps_looping_indicators_visible_at_midpoint ... ok
test motion::tests::none_policy_reprojects_settled_and_outer_autoreverse_terminals ... ok
test motion::tests::reduced_motion_settles_without_frames ... ok
test motion::tests::replay_key_restarts_a_settled_declaration_without_restarting_equal_renders ... ok
test motion::tests::scoped_reconciliation_does_not_remove_other_window_motion ... ok
test motion::tests::script_preference_cannot_relax_a_stricter_host_policy ... ok
test motion::tests::retained_timeline_targets_resolve_to_the_target_node_identity ... ok
test motion::tests::spring_converges_without_rhai_frame_callbacks ... ok
test motion::tests::terminal_events_are_partitioned_and_discarded_by_presentation_scope ... ok
test motion::tests::timeline_handles_are_instance_bound_and_play_is_idempotent ... ok
test motion::tests::timeline_rejects_overlapping_property_ownership ... ok
test motion::tests::timeline_budget_is_independent_of_declaration_order ... ok
test motion::tests::timeline_sequence_seek_pause_and_complete_are_deterministic ... ok
test motion::tests::timeline_snapshot_resets_future_sequence_tracks_when_seeking_back ... ok
test motion::tests::transition_retargets_from_current_sample ... ok
test motion::tests::unconstrained_inertia_uses_the_closed_form_at_any_animation_age ... ok
test native_collection::tests::grouped_table_projection_collapses_rows_but_retains_header_counts ... ok
test native_collection::tests::fuzzy_projection_filters_groups_projects_and_reuses_structural_order ... ok
test native_collection::tests::grouped_table_projection_flattens_headers_and_sorted_rows ... ok
test native_collection::tests::registering_a_missing_name_invalidates_its_exact_readers ... ok
test motion::tests::script_motion_configs_are_strict_and_keyframes_sample_natively ... ok
test native_collection::tests::tracked_replacement_invalidates_only_collection_readers ... ok
test native_collection::tests::table_projection_filters_then_pages_the_sorted_native_rows ... ok
test native_collection::tests::validates_keys_and_caches_rust_sort_order ... ok
test native_handler::tests::descriptor_rejects_unsafe_ids_and_events ... ok
test node::tests::component_snapshot_activates_lazily_and_stays_free_of_outer_presentation ... ok
test node::tests::component_replacement_preserves_every_external_presentation_mutation ... ok
test node::tests::inherited_motion_group_replays_across_nested_component_replacement ... ok
test node::tests::node_identity_style_source_and_attributes_are_runtime_owned ... ok
test node::tests::node_styles_share_immutable_snapshots_and_mutate_without_aliasing ... ok
test node::tests::realized_items_move_into_nested_collections_without_copies ... ok
test overlay::tests::centered_dialog_ignores_anchor_and_fits_viewport ... ok
test overlay::tests::clicking_trigger_is_not_an_outside_dismissal ... ok
test overlay::tests::dismissing_parent_closes_nested_children_top_down ... ok
test overlay::tests::escape_closes_only_topmost_dismissible_overlay ... ok
test native_collection::tests::missing_dependencies_are_render_only_validated_and_bounded ... ok
test overlay::tests::placement_flips_then_clamps_to_window ... ok
test overlay::tests::tooltip_delay_cancels_on_leave_and_transitions_deterministically ... ok
test overlay_element::tests::removing_a_view_closes_overlays_without_callbacks ... ok
test overlay_element::tests::window_coordinator_shares_parent_stack_and_resets_per_frame ... ok
test pan_zoom::tests::pointer_anchored_zoom_preserves_the_content_point ... ok
test primitive::tests::custom_primitive_events_are_normalized ... ok
test primitive::tests::custom_primitive_props_and_keys_are_validated ... ok
test primitive::tests::effect_descriptors_require_current_platform_lifecycle_and_budgets ... ok
test primitive::tests::primitive_context_holds_only_a_weak_registry_reference ... ok
test primitive::tests::native_panics_are_converted_to_primitive_errors ... ok
test primitive::tests::primitive_identity_uses_the_presented_retained_key ... ok
test primitive::tests::primitive_identity_uses_retained_node_not_component_local_key ... ok
test primitive::tests::primitive_resource_scope_rolls_back_and_continues_after_cleanup_panic ... ok
test primitive::tests::successful_tree_cleanup_unmounts_removed_keyed_instances ... ok
test range_input::tests::horizontal_rtl_geometry_keeps_the_fill_between_minimum_and_thumb ... ok
test range_input::tests::range_values_clamp_and_snap_to_step ... ok
test range_slider::tests::normalized_pairs_are_bounded_gapped_and_idempotent ... ok
test range_slider::tests::pair_normalization_preserves_order_and_gap ... ok
test range_slider::tests::pair_normalization_solves_legal_endpoint_constraints_jointly ... ok
test reload::tests::failed_reload_preserves_last_good_tree_and_generation ... ok
test node::tests::selectable_rejects_non_text_nodes_at_the_script_boundary ... ok
test renderer::tests::aligned_text_nodes_become_flex_content_boxes ... ok
test renderer::tests::ambient_text_color_inherits_and_a_local_value_wins ... ok
test primitive::tests::primitive_theme_exposes_only_resolved_semantic_snapshot ... ok
test renderer::tests::canvas_motion_uses_one_affine_transform_for_paint_and_hit_testing ... ok
test renderer::tests::canvas_signal_transform_is_shared_by_paint_and_hit_testing ... ok
test renderer::tests::asset_svg_uses_an_ancestor_text_color ... ok
test renderer::tests::committed_semantics_write_native_role_label_state_and_range ... ok
test renderer::tests::logical_overlay_edges_resolve_against_text_direction ... ok
test renderer::tests::logical_spacing_resolves_to_physical_edges_in_both_directions ... ok
test renderer::tests::native_signal_values_override_approved_properties_without_rhai ... ok
test renderer::tests::optional_width_override_activates_fixed_layout_only_when_present ... ok
test renderer::tests::declarative_nodes_and_typed_styles_convert_without_a_gpui_context ... ok
test renderer::tests::plain_text_semantics_use_a_valued_native_label ... ok
test renderer::tests::pointer_payload_uses_committed_local_geometry_and_canvas_hit_key ... ok
test renderer::tests::property_specific_layout_values_reach_gpui_without_loss ... ok
test renderer::tests::pseudo_paint_preserves_native_border_text_and_opacity_states ... ok
test renderer::tests::retained_tab_order_reads_explicit_group_indices ... ok
test renderer::tests::rtl_keyboard_navigation_maps_physical_arrows_to_logical_handlers ... ok
test renderer::tests::sampled_motion_values_override_dimensions_and_transform_without_rhai ... ok
test renderer::tests::styled_inline_svg_fills_its_node_box_without_losing_intrinsic_default ... ok
test renderer::tests::symbolic_typography_resolves_and_explicit_fields_win ... ok
test resizable::tests::containment_and_aspect_ratio_clamp_one_atomic_rect ... ok
test resizable::tests::west_and_north_handles_keep_the_opposite_corner_fixed ... ok
test responsive::tests::discrete_classes_change_only_at_configured_boundaries ... ok
test retained::tests::duplicate_key_rejects_candidate_without_consuming_ids ... ok
test retained::tests::fragment_rejects_layout_or_interaction_decoration ... ok
test retained::tests::keyed_reorder_preserves_ids_and_reports_moves ... ok
test retained::tests::kind_change_replaces_only_the_changed_subtree ... ok
test retained::tests::named_child_groups_isolate_duplicate_slot_keys ... ok
test rotatable::tests::arbitrary_pivot_stays_fixed_under_rotation_compensation ... ok
test schema::tests::bounds_and_unions_report_precise_failures ... ok
test schema::tests::invalid_definitions_are_rejected ... ok
test schema::tests::length_ui_value_and_asset_are_distinct ... ok
test schema::tests::node_callback_and_handle_types_are_distinct ... ok
test schema::tests::objects_report_all_precise_paths ... ok
test schema::tests::online_and_complete_durable_validation_agree_on_acceptance ... ok
test reload::tests::successful_reload_atomically_replaces_tree ... ok
test engine::tests::retained_virtual_renderer_budget_ignores_parent_history ... ok
test renderer::tests::owned_color_snapshot_matches_the_native_primitive_theme_surface ... ok
test engine::tests::retained_component_budget_ignores_parent_history_without_resetting_session_total ... ok
test lifecycle::tests::virtual_target_commit_retains_and_releases_the_complete_component_manifest ... ok
test schema::tests::online_ui_value_validation_stops_after_the_first_issue ... ok
test script_lint::tests::known_call_lint_normalizes_native_method_receiver_arity ... ok
test script_source::tests::embedded_source_is_content_addressed ... ok
test script_lint::tests::known_call_lint_characterizes_rhai_language_intrinsics ... ok
test script_source::tests::missing_embedded_module_is_explicit ... ok
test scrollbar::tests::vertical_track_uses_the_logical_end_edge ... ok
test scrollbar::tests::visibility_contract_is_strict_and_round_trips ... ok
test selection_area::tests::degenerate_marquee_does_not_contain_far_collinear_points ... ok
test selection_area::tests::marquee_policies_distinguish_intersection_and_enclosure ... ok
test selection_area::tests::polygon_predicates_preserve_translation_and_scale ... ok
test signal::tests::optional_float_signal_supports_an_inactive_width_override ... ok
test signal::tests::reconcile_preserves_value_and_revision_for_compatible_identity ... ok
test signal::tests::related_signal_patch_validates_every_member_before_mutating ... ok
test signal::tests::stale_and_type_mismatched_writes_are_atomic ... ok
test sortable::tests::adjacent_and_self_moves_are_no_ops ... ok
test script_lint::tests::known_call_lint_accepts_local_module_core_and_standard_calls ... ok
test script_source::tests::file_and_embedded_sources_have_identical_resolution ... ok
test script_lint::tests::known_call_lint_checks_unexecuted_branches_and_arities ... ok
test source::tests::module_ids_reject_escape_paths ... ok
test source::tests::module_init_rejects_effectful_calls_before_evaluation ... ok
test source::tests::missing_modules_are_diagnostic_errors ... ok
test source::tests::module_init_accepts_literal_consts_and_direct_pure_definition ... ok
test source::tests::resolver_reuses_only_content_matching_cached_asts ... ok
test source::tests::cyclic_imports_report_the_cycle ... ok
test script_lint::tests::known_call_lint_checks_qualified_installed_modules ... ok
test split_resize::tests::split_delta_and_constraints_are_directional_and_deterministic ... ok
test state::tests::failed_render_does_not_change_committed_state ... ok
test state::tests::inspect_instance_is_exact_and_redacts_sensitive_values ... ok
test state::tests::scoped_commit_preserves_other_window_roots_and_remove_scope_cleans_one ... ok
test state::tests::snapshots_share_instances_until_one_store_mutates ... ok
test state::tests::successful_render_cleans_unreachable_instances ... ok
test state::tests::successful_render_resets_only_incompatible_fields ... ok
test state::tests::updates_are_schema_checked ... ok
test store::tests::deserialized_schema_defaults_are_validated_before_store_declaration ... ok
test store::tests::removing_window_clears_window_store ... ok
test store::tests::repeated_value_does_not_invalidate ... ok
test store::tests::snapshots_share_large_store_values_until_a_write ... ok
test store::tests::nested_writes_invalidate_only_changed_path_and_whole_readers ... ok
test store::tests::keyed_item_reader_ignores_reorder_but_observes_item_change ... ok
test store::tests::successful_subtree_reconcile_removes_stale_app_store_readers ... ok
test source::tests::module_init_rejects_mutable_globals_and_computed_definitions ... ok
test source::tests::registered_modules_can_be_imported ... ok
test store::tests::writes_invalidate_only_exact_field_readers ... ok
test style::tests::caller_overlay_wins_deterministically ... ok
test style::tests::disabled_pseudo_state_has_final_precedence ... ok
test style::tests::invalid_lengths_are_rejected ... ok
test style::tests::script_uses_validated_symbolic_typography_roles ... ok
test style::tests::strict_color_literals_share_one_typed_value_path ... ok
test style::tests::script_builds_extended_layout_paint_and_typography ... ok
test text_area::tests::config_rejects_controlled_values_over_grapheme_limit ... ok
test text_area::tests::visual_line_layout_maps_positions_and_selection ... ok
test text_edit::tests::ime_can_temporarily_exceed_then_clamps_only_marked_text ... ok
test text_edit::tests::ime_composition_is_one_revision_and_external_control_resets_history ... ok
test style::tests::script_builds_typed_styles ... ok
test text_edit::tests::max_length_counts_extended_graphemes_and_credits_selection ... ok
test text_edit::tests::oversized_paste_truncates_at_grapheme_boundary ... ok
test text_edit::tests::physical_line_boundaries_are_stable ... ok
test text_edit::tests::undo_redo_coalesces_typing_and_restores_selection ... ok
test text_edit::tests::utf16_offsets_never_split_extended_graphemes ... ok
test text_input::tests::grapheme_navigation_does_not_split_emoji_or_combining_text ... ok
test text_input::tests::horizontal_scroll_keeps_the_active_cursor_inside_the_viewport ... ok
test text_input::tests::marked_text_replacement_tracks_ime_range ... ok
test text_input::tests::utf16_round_trip_supports_cjk_and_surrogate_pairs ... ok
test theme::tests::document_palette_defaults_preserve_explicit_theme_tuning ... ok
test theme::tests::invalid_host_token_override_rejects_the_candidate_theme ... ok
test theme::tests::host_token_overrides_are_partial_merged_and_validated ... ok
test theme::tests::missing_semantic_token_is_rejected ... ok
test theme::tests::namespaced_typed_tokens_validate_and_resolve_colors ... ok
test style::tests::script_selects_uniform_border_style ... ok
test theme::tests::replacing_a_variant_preserves_identity_and_advances_generation ... ok
test theme::tests::semantic_motion_tokens_default_validate_and_reject_invalid_physics ... ok
test theme::tests::scope_precedes_window_and_app_preferences ... ok
test theme::tests::semantic_spacing_and_radius_lengths_resolve_without_recursion ... ok
test theme::tests::typography_roles_are_required_validated_and_resolved ... ok
test theme::tests::switching_theme_only_advances_theme_generation ... ok
test timer::tests::changing_signature_restarts_and_removal_cleans_scope ... ok
test timer::tests::reconcile_preserves_deadline_pause_and_one_shot_completion ... ok
test timer::tests::view_resume_does_not_clear_an_explicit_pause ... ok
test style::tests::script_layout_values_separate_auto_and_signed_offsets_from_lengths ... ok
test value::tests::bounded_paths_read_and_replace_existing_nested_values ... ok
test value::tests::keyed_item_paths_survive_array_reorder ... ok
test value::tests::non_finite_numbers_are_rejected_from_rhai_and_serialization ... ok
test value::tests::nested_values_round_trip ... ok
test value::tests::ui_nodes_cannot_cross_capability_boundary ... ok
test virtual_list::tests::variable_height_measurements_survive_reorder_and_tail_alignment ... ok
test style::tests::weighted_flex_grow_is_validated_overloaded_and_merges_as_one_property ... ok
test virtual_list::tests::virtual_collection_metrics_track_frame_scroll_requests_and_rollback ... ok
test virtual_list_element::tests::frame_target_does_not_fill_the_gap_to_an_offscreen_focused_item ... ok
test theme::tests::rhai_theme_source_is_typed_and_validated ... ok
test virtual_list_element::tests::frame_target_prunes_items_outside_the_current_halo ... ok
test virtual_list_element::tests::initial_reveal_keeps_estimated_visible_predecessors ... ok
test virtual_list_element::tests::frame_target_retains_cached_overdraw_without_oscillation ... ok
test virtual_list_element::tests::sticky_sections_select_the_latest_header_and_push_before_the_next ... ok
test window::tests::commands_validate_identity_lifecycle_and_duplicates ... ok
test window::tests::embedded_view_policy_rejects_window_commands_at_call_site ... ok
test window::tests::invalid_window_specs_never_reserve_an_id ... ok
test virtual_list::tests::variable_height_window_is_bounded_and_measurement_preserves_anchor ... ok
test script_lint::tests::known_call_lint_restores_engine_optimization_after_parse_failure ... ok
test document::tests::host_registered_syntax_participates_in_background_safe_snapshots ... ok
test document::tests::public_launch_language_pack_resolves_every_declared_language ... ok

test result: ok. 450 passed; 0 failed; 0 ignored; 0 measured; 0 filtered out; finished in 2.99s

