   Compiling audit-018-round2-drag-sort v0.0.0 (/Users/eddix/Codes/github.com/eddix/gpui-rhai/docs/audits/2026-09-30-interaction-0.1.8-round2/drag-sort/probe)
    Finished `test` profile [unoptimized + debuginfo] target(s) in 2.24s
     Running unittests src/lib.rs (tests/native-keyboard/target/debug/deps/audit_018_round2_drag_sort-12fe596700a7e069)

running 5 tests
foreground location=Point { x: 290px, y: 90px }; error=None
covered target drop=cover clicked
test explicit_occlusion_blocks_underlying_drop_target ... ok
test same_host_cross_view_drop_is_supported_for_pointer_and_keyboard ... ok
modal=GeometryBounds { x: 750.0, y: 477.5, width: 378.0, height: 125.0 }; source=Point { x: 939px, y: 548.5px }; background=Point { x: 40px, y: 40px }
modal background drops after keyboard=1
modal background drops after pointer=1
test modal_explicit_keyboard_target_policy_characterization ... ok
realized after actual wheel=["Item 2", "Item 3", "Item 4", "Item 5", "Item 6"]
actual wheel drag result=ready

thread 'virtual_sortable_preserves_drag_across_actual_wheel_scroll' (56653228) panicked at src/lib.rs:136:5:
virtual scrolling must not cancel an existing valid source: ready
note: run with `RUST_BACKTRACE=1` environment variable to display a backtrace
test virtual_sortable_preserves_drag_across_actual_wheel_scroll ... FAILED
realized after scroll=["Item 0", "Item 1", "Item 2", "Item 3", "Item 4"]
long virtual drag=item-0:before:item-4

thread 'virtual_sortable_edge_auto_scroll_advances_realization' (56653227) panicked at src/lib.rs:99:5:
edge auto-scroll never left initial rows: ["Item 0", "Item 1", "Item 2", "Item 3", "Item 4"]
test virtual_sortable_edge_auto_scroll_advances_realization ... FAILED

failures:

failures:
    virtual_sortable_edge_auto_scroll_advances_realization
    virtual_sortable_preserves_drag_across_actual_wheel_scroll

test result: FAILED. 3 passed; 2 failed; 0 ignored; 0 measured; 0 filtered out; finished in 1.06s

error: test failed, to rerun pass `--lib`
