   Compiling gpui-rhai-performance-tests v0.0.0 (/Users/eddix/Codes/github.com/eddix/gpui-rhai/tests/performance)
    Finished `test` profile [unoptimized + debuginfo] target(s) in 3.51s
     Running tests/e2e.rs (tests/performance/target/debug/deps/e2e-4e8b8dce2a6d0430)

running 1 test
{
  "schema": "gpui-rhai-chart-e2e-v2",
  "points": 100000,
  "prepare_us": 974328,
  "mount_first_frame_us": 451263,
  "resize_p50_us": 200583,
  "resize_p95_us": 200583,
  "streaming_p50_us": 350342,
  "streaming_p95_us": 350342,
  "retained_nodes": 53,
  "rhai_operations_after_stream": 0
}
test chart_end_to_end_baseline ... ok

test result: ok. 1 passed; 0 failed; 0 ignored; 0 measured; 5 filtered out; finished in 3.18s

     Running tests/state_structure.rs (tests/performance/target/debug/deps/state_structure-a3263b5c406d7cc5)

running 0 tests

test result: ok. 0 passed; 0 failed; 0 ignored; 0 measured; 1 filtered out; finished in 0.00s

