     Locking 104 packages to latest Rust 1.94.0 compatible versions
      Adding addr2line v0.25.1
      Adding as-raw-xcb-connection v1.0.1
      Adding ash v0.38.0+1.3.281
      Adding ash-window v0.13.0
      Adding ashpd v0.11.1
      Adding backtrace v0.3.76
      Adding blade-graphics v0.7.1
      Adding blade-macros v0.3.0
      Adding blade-util v0.3.0
      Adding block2 v0.6.2
      Adding bytemuck_derive v1.12.0
      Adding calloop-wayland-source v0.3.0
      Adding cocoa v0.25.0
      Adding cocoa-foundation v0.1.2
      Adding core-graphics v0.23.2
      Adding core-graphics-helmer-fork v0.24.0
      Adding cosmic-text v0.14.2
      Adding dispatch v0.2.0
      Adding dispatch2 v0.3.1
      Adding downcast-rs v1.2.1
      Adding filedescriptor v0.8.3
      Adding font-types v0.12.4
      Adding fontdb v0.16.2
      Adding gethostname v1.1.0
      Adding gimli v0.32.3
      Adding git2 v0.20.4
      Adding glow v0.16.0
      Adding gpu-alloc v0.6.2
      Adding gpu-alloc-ash v0.7.1
      Adding gpu-alloc-types v0.3.1
      Adding hashbrown v0.14.5
      Adding hidden-trait v0.1.2
      Adding is-docker v0.2.0
      Adding is-wsl v0.4.0
      Adding khronos-egl v6.0.0
      Adding libgit2-sys v0.18.8+1.9.7
      Adding libz-sys v1.1.29
      Adding mint v0.5.9
      Adding ntapi v0.4.3
      Adding objc-foundation v0.1.1
      Adding objc2 v0.6.4
      Adding objc2-app-kit v0.3.2
      Adding objc2-core-foundation v0.3.2
      Adding objc2-encode v4.1.0
      Adding objc2-foundation v0.3.2
      Adding objc2-metal v0.3.2
      Adding objc2-quartz-core v0.3.2
      Adding objc2-ui-kit v0.3.2
      Adding objc_exception v0.1.2
      Adding objc_id v0.1.1
      Adding object v0.37.3
      Adding open v5.4.2
      Adding quick-xml v0.41.0
      Adding rangemap v1.8.0
      Adding raw-window-metal v0.4.0
      Adding read-fonts v0.41.0
      Adding rustc-demangle v0.1.28
      Adding rustybuzz v0.14.1
      Adding scoped-tls v1.0.1
      Adding screencapturekit v0.2.8
      Adding screencapturekit-sys v0.2.8
      Adding self_cell v1.3.0
      Adding skrifa v0.44.0
      Adding smol_str v0.2.2
      Adding spirv v0.3.0+sdk-1.3.268.0
      Adding swash v0.2.10
      Adding syn v1.0.109
      Adding sys-locale v0.3.2
      Adding sysinfo v0.31.4
      Adding tao-core-video-sys v0.2.0
      Adding ttf-parser v0.20.0
      Adding ttf-parser v0.21.1
      Adding unicode-bidi-mirroring v0.2.0
      Adding unicode-ccc v0.2.0
      Adding unicode-linebreak v0.1.5
      Adding vcpkg v0.2.15
      Adding wayland-backend v0.3.17
      Adding wayland-client v0.31.15
      Adding wayland-cursor v0.31.14
      Adding wayland-protocols v0.31.2
      Adding wayland-protocols v0.32.13
      Adding wayland-protocols-plasma v0.2.0
      Adding wayland-scanner v0.31.11
      Adding wayland-sys v0.31.11
      Adding windows v0.57.0
      Adding windows-capture v1.5.0
      Adding windows-core v0.57.0
      Adding windows-implement v0.57.0
      Adding windows-interface v0.57.0
      Adding windows-result v0.1.2
      Adding x11 v2.21.0
      Adding x11-clipboard v0.9.3
      Adding x11rb v0.13.2
      Adding x11rb-protocol v0.13.2
      Adding xcb v1.7.1
      Adding xcursor v0.3.11
      Adding xim-ctext v0.3.0
      Adding xim-parser v0.2.2
      Adding xkbcommon v0.8.0
      Adding xkeysym v0.2.1
      Adding yazi v0.2.1
      Adding zed-scap v0.0.8-zed
      Adding zed-xim v0.4.0-zed
      Adding zeno v0.3.3
   Compiling chart-core-native-a31da5a8 v0.0.0 (/var/folders/r0/rh2q01k55bv9w7lhwxn0_x240000gn/T/chart-core-native-3ao7721m)
    Finished `test` profile [unoptimized + debuginfo] target(s) in 3.72s
     Running tests/review.rs (tests/native-keyboard/target/debug/deps/review-c5b9e5b9fb3fbc5b)

running 8 tests

thread 'failed_compensation_does_not_claim_quiescent_view' (44491138) panicked at tests/review.rs:128:13:
injected native resume failure
note: run with `RUST_BACKTRACE=1` environment variable to display a backtrace

thread 'native_resume_failure_remains_suspended_and_retryable' (44491141) panicked at tests/review.rs:128:13:
injected native resume failure

thread 'failed_compensation_does_not_claim_quiescent_view' (44491138) panicked at tests/review.rs:121:13:
injected native suspend failure
COMPENSATION_FAILURE result=Err(Resume("native primitive resume failed: primitive `PrimitiveId(\"audit.p1\")` panicked during resume; compensation failed: primitive `PrimitiveId(\"audit.p0\")` panicked during suspend")) view_state=Suspended active=[true, false, false]

thread 'failed_compensation_does_not_claim_quiescent_view' (44491138) panicked at tests/review.rs:466:5:
failed compensation leaves a native instance active under a Suspended view

thread 'native_suspend_failure_does_not_skip_later_resources' (44491142) panicked at tests/review.rs:121:13:
injected native suspend failure
RESUME_HOOK_FAILURE result=Err(Resume("native primitive resume failed: primitive `PrimitiveId(\"audit.p1\")` panicked during resume")) state_after=Suspended active_after=[false, false, false] retry=Ok(true) resume_calls=[2, 2, 2]
SUSPEND_HOOK_FAILURE result=Err(Suspend("native primitive suspend failed: primitive `PrimitiveId(\"audit.p1\")` panicked during suspend")) state=Active active=[true, true, true] retry=Ok(true) suspend_calls=[2, 2, 2]
test native_resume_failure_remains_suspended_and_retryable ... ok
test failed_compensation_does_not_claim_quiescent_view ... FAILED
test native_suspend_failure_does_not_skip_later_resources ... ok
PREPARED_NOT_PRESENTED ticks=6 old=1 wanted=2 before_suspend=1 after_resume=1 layouts=2

thread 'resume_finishes_a_prepared_but_unpresented_revision' (44491143) panicked at tests/review.rs:435:5:
assertion `left == right` failed: prepared revision was mistaken for a committed scene after layout cancellation
  left: 1
 right: 2
test resume_finishes_a_prepared_but_unpresented_revision ... FAILED

thread 'failed_resume_does_not_consume_chart_motion_time' (44491139) panicked at tests/review.rs:479:13:
injected slow native resume failure
CANCELLED_PREVIEW committed=ChartPoint { x: 116.8, y: 148.0 } preview=ChartPoint { x: 165.39999999999998, y: 148.0 } committed_hits=1 preview_hits=2 layouts=2

thread 'canceling_preview_invalidates_presented_viewport' (44491136) panicked at tests/review.rs:663:5:
assertion `left == right` failed: controller reset the viewport but kept presenting the cancelled preview
  left: "1"
 right: "2"
test canceling_preview_invalidates_presented_viewport ... FAILED
FAILED_RESUME_MOTION failed=Err(Resume("native primitive resume failed: primitive `PrimitiveId(\"zz_lifecycle.clock_bomb\")` panicked during resume")) hits_at_frozen=1 hits_after_target=2

thread 'failed_resume_does_not_consume_chart_motion_time' (44491139) panicked at tests/review.rs:569:5:
assertion `left == right` failed: time spent preparing a failed resume advanced an animation whose view never became Active
  left: "1"
 right: "2"
GEO_LINK source_hits|target_hits|zoom=1|2|2.718281828459045

thread 'geo_link_group_synchronizes_acknowledged_viewport' (44491140) panicked at tests/review.rs:770:5:
source viewport changed but linked target remained at its old geometry
test failed_resume_does_not_consume_chart_motion_time ... FAILED
FROZEN_MOTION start=ChartPoint { x: 92.0, y: 102.0 } terminal=ChartPoint { x: 292.0, y: 102.0 } hits_before=1 hits_after_old=2 hits_after_terminal=2
test geo_link_group_synchronizes_acknowledged_viewport ... FAILED
test chart_motion_freezes_across_suspension ... ok

failures:

failures:
    canceling_preview_invalidates_presented_viewport
    failed_compensation_does_not_claim_quiescent_view
    failed_resume_does_not_consume_chart_motion_time
    geo_link_group_synchronizes_acknowledged_viewport
    resume_finishes_a_prepared_but_unpresented_revision

test result: FAILED. 3 passed; 5 failed; 0 ignored; 0 measured; 0 filtered out; finished in 0.96s

error: test failed, to rerun pass `--test review`
