     Locking 104 packages to latest Rust 1.94.0 compatible versions
      Adding addr2line v0.25.1
      Adding as-raw-xcb-connection v1.0.1
      Adding ash v0.38.0+1.3.281
      Adding ash-window v0.13.0
      Adding ashpd v0.11.1
      Adding backtrace v0.3.76
      Adding blade-graphics v0.7.1
      Adding blade-macros v0.3.0
      Adding blade-util v0.3.0
      Adding block2 v0.6.2
      Adding bytemuck_derive v1.12.0
      Adding calloop-wayland-source v0.3.0
      Adding cocoa v0.25.0
      Adding cocoa-foundation v0.1.2
      Adding core-graphics v0.23.2
      Adding core-graphics-helmer-fork v0.24.0
      Adding cosmic-text v0.14.2
      Adding dispatch v0.2.0
      Adding dispatch2 v0.3.1
      Adding downcast-rs v1.2.1
      Adding filedescriptor v0.8.3
      Adding font-types v0.12.4
      Adding fontdb v0.16.2
      Adding gethostname v1.1.0
      Adding gimli v0.32.3
      Adding git2 v0.20.4
      Adding glow v0.16.0
      Adding gpu-alloc v0.6.2
      Adding gpu-alloc-ash v0.7.1
      Adding gpu-alloc-types v0.3.1
      Adding hashbrown v0.14.5
      Adding hidden-trait v0.1.2
      Adding is-docker v0.2.0
      Adding is-wsl v0.4.0
      Adding khronos-egl v6.0.0
      Adding libgit2-sys v0.18.8+1.9.7
      Adding libz-sys v1.1.29
      Adding mint v0.5.9
      Adding ntapi v0.4.3
      Adding objc-foundation v0.1.1
      Adding objc2 v0.6.4
      Adding objc2-app-kit v0.3.2
      Adding objc2-core-foundation v0.3.2
      Adding objc2-encode v4.1.0
      Adding objc2-foundation v0.3.2
      Adding objc2-metal v0.3.2
      Adding objc2-quartz-core v0.3.2
      Adding objc2-ui-kit v0.3.2
      Adding objc_exception v0.1.2
      Adding objc_id v0.1.1
      Adding object v0.37.3
      Adding open v5.4.2
      Adding quick-xml v0.41.0
      Adding rangemap v1.8.0
      Adding raw-window-metal v0.4.0
      Adding read-fonts v0.41.0
      Adding rustc-demangle v0.1.28
      Adding rustybuzz v0.14.1
      Adding scoped-tls v1.0.1
      Adding screencapturekit v0.2.8
      Adding screencapturekit-sys v0.2.8
      Adding self_cell v1.3.0
      Adding skrifa v0.44.0
      Adding smol_str v0.2.2
      Adding spirv v0.3.0+sdk-1.3.268.0
      Adding swash v0.2.10
      Adding syn v1.0.109
      Adding sys-locale v0.3.2
      Adding sysinfo v0.31.4
      Adding tao-core-video-sys v0.2.0
      Adding ttf-parser v0.20.0
      Adding ttf-parser v0.21.1
      Adding unicode-bidi-mirroring v0.2.0
      Adding unicode-ccc v0.2.0
      Adding unicode-linebreak v0.1.5
      Adding vcpkg v0.2.15
      Adding wayland-backend v0.3.17
      Adding wayland-client v0.31.15
      Adding wayland-cursor v0.31.14
      Adding wayland-protocols v0.31.2
      Adding wayland-protocols v0.32.13
      Adding wayland-protocols-plasma v0.2.0
      Adding wayland-scanner v0.31.11
      Adding wayland-sys v0.31.11
      Adding windows v0.57.0
      Adding windows-capture v1.5.0
      Adding windows-core v0.57.0
      Adding windows-implement v0.57.0
      Adding windows-interface v0.57.0
      Adding windows-result v0.1.2
      Adding x11 v2.21.0
      Adding x11-clipboard v0.9.3
      Adding x11rb v0.13.2
      Adding x11rb-protocol v0.13.2
      Adding xcb v1.7.1
      Adding xcursor v0.3.11
      Adding xim-ctext v0.3.0
      Adding xim-parser v0.2.2
      Adding xkbcommon v0.8.0
      Adding xkeysym v0.2.1
      Adding yazi v0.2.1
      Adding zed-scap v0.0.8-zed
      Adding zed-xim v0.4.0-zed
      Adding zeno v0.3.3
   Compiling ui-theme-native-e5d26877 v0.0.0 (/var/folders/r0/rh2q01k55bv9w7lhwxn0_x240000gn/T/chart-core-native-eo20wh_q)
    Finished `test` profile [unoptimized + debuginfo] target(s) in 6.64s
     Running tests/review.rs (tests/native-keyboard/target/debug/deps/review-439217c43e95d608)

running 3 tests
NATIVE_CUSTOM_TOKEN expected=Rgba8(1437256959) captures=[None, None]

thread 'native_theme_preserves_valid_namespaced_color' (45586089) panicked at tests/review.rs:145:5:
assertion `left == right` failed: native semantic snapshot dropped a validated namespaced theme color
  left: None
 right: Some(Rgba8(1437256959))
note: run with `RUST_BACKTRACE=1` environment variable to display a backtrace
test native_theme_preserves_valid_namespaced_color ... FAILED
THEMED_TABS list=GeometryBounds { x: 0.0, y: 0.0, width: 154.0, height: 30.0 } tab=GeometryBounds { x: 8.0, y: 2.0, width: 61.0, height: 26.0 } expected_inset=8 left=8 top=2 bottom=2

thread 'tabs_track_accommodates_valid_theme_inset' (45586091) panicked at tests/review.rs:89:5:
fixed track height violates theme inset on top/bottom
THEMED_TABS_TEXT line_height=36 border_total=2 actual_tab_height=26

thread 'tabs_slot_accommodates_theme_text_line' (45586090) panicked at tests/review.rs:184:5:
fixed tab slot does not contain its resolved theme line box and borders
test tabs_slot_accommodates_theme_text_line ... FAILED
test tabs_track_accommodates_valid_theme_inset ... FAILED

failures:

failures:
    native_theme_preserves_valid_namespaced_color
    tabs_slot_accommodates_theme_text_line
    tabs_track_accommodates_valid_theme_inset

test result: FAILED. 0 passed; 3 failed; 0 ignored; 0 measured; 0 filtered out; finished in 1.03s

error: test failed, to rerun pass `--test review`
