   Compiling gpui-rhai-issue-audit-6373e4b3 v0.0.0 (/var/folders/r0/rh2q01k55bv9w7lhwxn0_x240000gn/T/gpui-rhai-issue-audit.1JTirs)
    Finished `test` profile [unoptimized + debuginfo] target(s) in 4.00s
     Running tests/edges.rs (tests/native-keyboard/target/debug/deps/edges-01fecdbaec5a3de3)

running 9 tests
SVG alpha=0 actual=[171, 52, 18, 255]

thread 'svg_semantic_color_preserves_alpha' (40868076) panicked at tests/edges.rs:144:5:
assertion `left == right` failed
  left: 255
 right: 0
note: run with `RUST_BACKTRACE=1` environment variable to display a backtrace
SVG currentColor BGRA=[171, 52, 18, 255]; fixed red actual=[255, 0, 0, 255], expected=[0,0,255,255]

thread 'svg_fixed_colors_preserve_bgra' (40868075) panicked at tests/edges.rs:134:5:
assertion `left == right` failed
  left: [255, 0, 0, 255]
 right: [0, 0, 255, 255]
test svg_semantic_color_preserves_alpha ... FAILED
test svg_fixed_colors_preserve_bgra ... FAILED
HostSlot flex slot=GeometryBounds { x: 0.0, y: 30.0, width: 300.0, height: 210.0 } native=Bounds { origin: Point { x: 0px, y: 30px }, size: Size { 300px × 210px } }
test host_slot_fills_flex_height ... ok
motion_group mode=none click=Ok(Dispatch { report: AutomationDispatchReport { target: 2, visited: [2], invoked: 1, default_prevented: false, stopped: true } }) count1=true last_error=None
HostSlot native clicks=1 ancestor capture unchanged=true
test host_slot_capture_isolation ... ok
node prop enter_motion property=opacity dispatch=Ok(Dispatch { report: AutomationDispatchReport { target: 2, visited: [2], invoked: 1, default_prevented: false, stopped: true } }) value1=true
Table parent=relative fill=false outer=GeometryBounds { x: 0.0, y: 30.0, width: 600.0, height: 462.0 } rows=16 native=Some(Bounds { origin: Point { x: 1px, y: 61px }, size: Size { 598px × 430px } }) virtual=[VirtualCollectionMetrics { id: VirtualCollectionId { component: ComponentInstancePath([ComponentInstanceSegment { component: "View", key: "table-fixed" }, ComponentInstanceSegment { component: "Table", key: "table" }]), key: "table-body" }, item_count: 15, realized_count: 15, realized_range: 0..15, requested_count: 0, requested_range: 0..0, visible_range: 0..15, viewport_height: 430.0, scroll_item: 0, scroll_offset: 0.0, is_scrolled: false, sticky_header: None, bottom_align: false, follow_tail: false }] error=None
Table parent=fixed fill=false outer=GeometryBounds { x: 0.0, y: 30.0, width: 600.0, height: 462.0 } rows=16 native=Some(Bounds { origin: Point { x: 1px, y: 61px }, size: Size { 598px × 430px } }) virtual=[VirtualCollectionMetrics { id: VirtualCollectionId { component: ComponentInstancePath([ComponentInstanceSegment { component: "View", key: "table-fixed" }, ComponentInstanceSegment { component: "Table", key: "table" }]), key: "table-body" }, item_count: 15, realized_count: 15, realized_range: 0..15, requested_count: 0, requested_range: 0..0, visible_range: 0..15, viewport_height: 430.0, scroll_item: 0, scroll_offset: 0.0, is_scrolled: false, sticky_header: None, bottom_align: false, follow_tail: false }] error=None
motion_group mode=explicit click=Ok(Dispatch { report: AutomationDispatchReport { target: 2, visited: [2], invoked: 1, default_prevented: false, stopped: true } }) count1=true last_error=None
HostSlot with_script_view separate_host=false explicit_container=false resident_error=None
node prop enter_motion property=translate_y dispatch=Ok(Dispatch { report: AutomationDispatchReport { target: 2, visited: [2], invoked: 1, default_prevented: false, stopped: true } }) value1=true
test enter_motion_on_owned_node_prop_keeps_callbacks_live ... ok
Table parent=relative fill=true outer=GeometryBounds { x: 0.0, y: 30.0, width: 600.0, height: 1050.0 } rows=16 native=Some(Bounds { origin: Point { x: 1px, y: 61px }, size: Size { 598px × 1018px } }) virtual=[VirtualCollectionMetrics { id: VirtualCollectionId { component: ComponentInstancePath([ComponentInstanceSegment { component: "View", key: "table-fill" }, ComponentInstanceSegment { component: "Table", key: "table" }]), key: "table-body" }, item_count: 15, realized_count: 15, realized_range: 0..15, requested_count: 0, requested_range: 0..0, visible_range: 0..15, viewport_height: 1018.0, scroll_item: 0, scroll_offset: 0.0, is_scrolled: false, sticky_header: None, bottom_align: false, follow_tail: false }] error=None
test table_relative_parent_fill_height_realizes_rows ... ok
Table parent=fixed fill=true outer=GeometryBounds { x: 0.0, y: 30.0, width: 600.0, height: 470.0 } rows=16 native=Some(Bounds { origin: Point { x: 1px, y: 61px }, size: Size { 598px × 438px } }) virtual=[VirtualCollectionMetrics { id: VirtualCollectionId { component: ComponentInstancePath([ComponentInstanceSegment { component: "View", key: "table-fill" }, ComponentInstanceSegment { component: "Table", key: "table" }]), key: "table-body" }, item_count: 15, realized_count: 15, realized_range: 0..15, requested_count: 0, requested_range: 0..0, visible_range: 0..15, viewport_height: 438.0, scroll_item: 0, scroll_offset: 0.0, is_scrolled: false, sticky_header: None, bottom_align: false, follow_tail: false }] error=None
test table_fill_height_realizes_rows ... ok
motion_group mode=inherited click=Err(Automation(Command("invalid shared layout declaration: shared layout group and id must be declared together"))) count1=false last_error=Some("invalid shared layout declaration: shared layout group and id must be declared together")

thread 'motion_group_survives_incremental_component_updates' (40868074) panicked at tests/edges.rs:335:5:
inherited group identity was lost by incremental rerender
test motion_group_survives_incremental_component_updates ... FAILED
HostSlot with_script_view separate_host=true explicit_container=false resident_error=Some("embedded ScriptView must be rendered inside ScriptViewHost::container")
HostSlot with_script_view separate_host=true explicit_container=true resident_error=None

thread 'host_slot_preserves_independent_script_view_host' (40868073) panicked at tests/edges.rs:501:5:
slotted view lost its independent ScriptViewHost frame boundary
test host_slot_preserves_independent_script_view_host ... FAILED

failures:

failures:
    host_slot_preserves_independent_script_view_host
    motion_group_survives_incremental_component_updates
    svg_fixed_colors_preserve_bgra
    svg_semantic_color_preserves_alpha

test result: FAILED. 5 passed; 4 failed; 0 ignored; 0 measured; 0 filtered out; finished in 3.87s

error: test failed, to rerun pass `--test edges`
