    Blocking waiting for file lock on artifact directory
   Compiling audit-transforms-selection-round2 v0.0.0 (/Users/eddix/Codes/github.com/eddix/gpui-rhai/docs/audits/2026-09-30-interaction-0.1.8-round2/transforms-selection)
    Finished `test` profile [unoptimized + debuginfo] target(s) in 3.56s
     Running unittests src/lib.rs (target/debug/deps/audit_transforms_selection_round2-a20c7ea78143bb5d)

running 6 tests
handle pivot: canvas=GeometryBounds { x: -25.0, y: 1.0, width: 298.0, height: 218.0 }, translation=(-26,0)

thread 'round2_initial_pivot_with_separate_handle' (56641090) panicked at src/lib.rs:135:5:
pivot compensation used wrong surface dimensions
note: run with `RUST_BACKTRACE=1` environment variable to display a backtrace
test round2_initial_pivot_with_separate_handle ... FAILED
resize pivot: before=GeometryBounds { x: -1065.0, y: 851.0, width: 1918.0, height: 218.0 } tx=-1066, after=GeometryBounds { x: -1065.0, y: 851.0, width: 598.0, height: 218.0 } tx=-1066

thread 'round2_resize_recomputes_pivot' (56641092) panicked at src/lib.rs:164:5:
pivot compensation remained stale after resize
horizontal marquee actual=["a", "b"]

thread 'round2_horizontal_marquee_does_not_select_far_collinear_object' (56641089) panicked at src/lib.rs:191:5:
assertion `left == right` failed: no target intersects short segment x=5..50
  left: "[\"a\", \"b\"]"
 right: "[]"
wheel Escape: zoomed=1.1051709180756477, after Escape=1.1051709180756477, expected=1.0
test round2_resize_recomputes_pivot ... FAILED
negative/nonuniform/rotation enclose control=["a"]
single-mode Space actual=["a", "b"]

thread 'round2_single_mode_space_respects_selection_invariant' (56641093) panicked at src/lib.rs:212:5:
assertion failed: !actual.contains(',')
test round2_horizontal_marquee_does_not_select_far_collinear_object ... FAILED
test round2_negative_nonuniform_rotation_enclose_control ... ok
test round2_single_mode_space_respects_selection_invariant ... FAILED
wheel after Escape then Ended commits=1

thread 'round2_escape_cancels_active_wheel_preview' (56641088) panicked at src/lib.rs:261:5:
assertion `left == right` failed: Escape did not cancel owned wheel preview
  left: 1.1051709180756477
 right: 1.0
test round2_escape_cancels_active_wheel_preview ... FAILED

failures:

failures:
    round2_escape_cancels_active_wheel_preview
    round2_horizontal_marquee_does_not_select_far_collinear_object
    round2_initial_pivot_with_separate_handle
    round2_resize_recomputes_pivot
    round2_single_mode_space_respects_selection_invariant

test result: FAILED. 1 passed; 5 failed; 0 ignored; 0 measured; 0 filtered out; finished in 0.93s

error: test failed, to rerun pass `--lib`
