   Compiling audit-018-round3-drag-sort v0.0.0 (/Users/eddix/Codes/github.com/eddix/gpui-rhai/docs/audits/2026-09-30-interaction-0.1.8-round3/drag-sort/probe)
warning: function `drag` is never used
  --> src/lib.rs:63:4
   |
63 | fn drag(visual: &mut VisualTestContext, source: gpui::Point<gpui::Pixels>, target: gpui::Point<gpui::Pixels>) {
   |    ^^^^
   |
   = note: `#[warn(dead_code)]` (part of `#[warn(unused)]`) on by default

warning: `audit-018-round3-drag-sort` (lib test) generated 1 warning
    Finished `test` profile [unoptimized + debuginfo] target(s) in 4.07s
     Running unittests src/lib.rs (tests/native-keyboard/target/debug/deps/audit_018_round3_drag_sort-fac083a2b0fa9700)

running 5 tests
virtual lane Lane 0 Some(ElementGeometry { layout: GeometryBounds { x: 12.0, y: 94.0, width: 256.0, height: 40.0 }, visual: GeometryBounds { x: 12.0, y: 94.0, width: 256.0, height: 40.0 }, clip: None })
virtual lane Lane 1 Some(ElementGeometry { layout: GeometryBounds { x: 12.0, y: 134.0, width: 256.0, height: 40.0 }, visual: GeometryBounds { x: 12.0, y: 134.0, width: 256.0, height: 40.0 }, clip: None })
virtual lane Lane 2 Some(ElementGeometry { layout: GeometryBounds { x: 12.0, y: 174.0, width: 256.0, height: 40.0 }, visual: GeometryBounds { x: 12.0, y: 174.0, width: 256.0, height: 40.0 }, clip: None })
virtual lane Lane 3 Some(ElementGeometry { layout: GeometryBounds { x: 12.0, y: 214.0, width: 256.0, height: 40.0 }, visual: GeometryBounds { x: 12.0, y: 214.0, width: 256.0, height: 40.0 }, clip: None })
virtual lane Lane 4 Some(ElementGeometry { layout: GeometryBounds { x: 12.0, y: 254.0, width: 256.0, height: 40.0 }, visual: GeometryBounds { x: 12.0, y: 254.0, width: 256.0, height: 40.0 }, clip: None })
visible source Escape focus=true, result=ready
test escape_cancels_while_virtual_source_is_still_visible ... ok
source deleted: ready
external drag virtual destination scroll_item=0, drop=lane-4, source=Point { x: 140px, y: 66px }, bottom=Point { x: 140px, y: 269px }, error=None

thread 'external_typed_drag_auto_scrolls_virtual_destination' (56920693) panicked at src/lib.rs:109:5:
auto-scroll must follow destination, not require source collection membership
note: run with `RUST_BACKTRACE=1` environment variable to display a backtrace
test external_typed_drag_auto_scrolls_virtual_destination ... FAILED
source reordered: ready
stationary restore_focus=true, scroll start=0, later=6, focus before Escape=true, escaped=7, settled=7, commit=ready
test recovering_host_focus_allows_escape_to_cancel_offscreen_drag ... ok
source disabled: ready
source replaced: ready
test changed_offscreen_source_revokes_logical_drag_lease ... ok
stationary restore_focus=false, scroll start=0, later=6, focus before Escape=true, escaped=6, settled=15, commit=item-0:before:item-20

thread 'stationary_pointer_scrolls_and_escape_releases_scroll' (56920695) panicked at src/lib.rs:175:5:
assertion `left == right` failed: cancelled virtual auto-scroll must stop
  left: 6
 right: 15
test stationary_pointer_scrolls_and_escape_releases_scroll ... FAILED

failures:

failures:
    external_typed_drag_auto_scrolls_virtual_destination
    stationary_pointer_scrolls_and_escape_releases_scroll

test result: FAILED. 3 passed; 2 failed; 0 ignored; 0 measured; 0 filtered out; finished in 1.59s

error: test failed, to rerun pass `--lib`
