   Compiling audit-018-round3-drag-sort v0.0.0 (/Users/eddix/Codes/github.com/eddix/gpui-rhai/docs/audits/2026-09-30-interaction-0.1.8-round3/drag-sort/probe)
warning: function `drag` is never used
  --> src/lib.rs:63:4
   |
63 | fn drag(visual: &mut VisualTestContext, source: gpui::Point<gpui::Pixels>, target: gpui::Point<gpui::Pixels>) {
   |    ^^^^
   |
   = note: `#[warn(dead_code)]` (part of `#[warn(unused)]`) on by default

warning: `audit-018-round3-drag-sort` (lib test) generated 1 warning
    Finished `test` profile [unoptimized + debuginfo] target(s) in 2.27s
     Running unittests src/lib.rs (tests/native-keyboard/target/debug/deps/audit_018_round3_drag_sort-fac083a2b0fa9700)

running 3 tests
virtual lane Lane 0 Some(ElementGeometry { layout: GeometryBounds { x: 12.0, y: 94.0, width: 256.0, height: 40.0 }, visual: GeometryBounds { x: 12.0, y: 94.0, width: 256.0, height: 40.0 }, clip: None })
virtual lane Lane 1 Some(ElementGeometry { layout: GeometryBounds { x: 12.0, y: 134.0, width: 256.0, height: 40.0 }, visual: GeometryBounds { x: 12.0, y: 134.0, width: 256.0, height: 40.0 }, clip: None })
virtual lane Lane 2 Some(ElementGeometry { layout: GeometryBounds { x: 12.0, y: 174.0, width: 256.0, height: 40.0 }, visual: GeometryBounds { x: 12.0, y: 174.0, width: 256.0, height: 40.0 }, clip: None })
virtual lane Lane 3 Some(ElementGeometry { layout: GeometryBounds { x: 12.0, y: 214.0, width: 256.0, height: 40.0 }, visual: GeometryBounds { x: 12.0, y: 214.0, width: 256.0, height: 40.0 }, clip: None })
virtual lane Lane 4 Some(ElementGeometry { layout: GeometryBounds { x: 12.0, y: 254.0, width: 256.0, height: 40.0 }, visual: GeometryBounds { x: 12.0, y: 254.0, width: 256.0, height: 40.0 }, clip: None })
source deleted: ready
external drag virtual destination scroll_item=0, drop=ready, source=Point { x: 140px, y: 66px }, bottom=Point { x: 140px, y: 269px }, error=Some("callback `dropped` belongs to an unmounted incarnation of component `/View[audit-drag-sort]/VirtualCollection[targets]`")

thread 'external_typed_drag_auto_scrolls_virtual_destination' (56915393) panicked at src/lib.rs:108:5:
positive control: typed drag/drop is valid
note: run with `RUST_BACKTRACE=1` environment variable to display a backtrace
test external_typed_drag_auto_scrolls_virtual_destination ... FAILED
source reordered: ready
source disabled: ready
stationary scroll start=0, later=6, focus before Escape=true, escaped=6, settled=15, commit=item-0:before:item-20

thread 'stationary_pointer_scrolls_and_escape_releases_scroll' (56915394) panicked at src/lib.rs:149:5:
assertion `left == right` failed: cancelled virtual auto-scroll must stop
  left: 6
 right: 15
test stationary_pointer_scrolls_and_escape_releases_scroll ... FAILED
source replaced: ready
test changed_offscreen_source_revokes_logical_drag_lease ... ok

failures:

failures:
    external_typed_drag_auto_scrolls_virtual_destination
    stationary_pointer_scrolls_and_escape_releases_scroll

test result: FAILED. 1 passed; 2 failed; 0 ignored; 0 measured; 0 filtered out; finished in 1.44s

error: test failed, to rerun pass `--lib`
