4281282285f395906ecbb7e099257a66bb5cab58663f14c42ed6243ea3bb4991  /private/var/folders/r0/rh2q01k55bv9w7lhwxn0_x240000gn/T/gpui-rhai-visual.Yt6e0M/GPUI Rhai Visual Test.app/Contents/MacOS/gpui-rhai-example
d763948f04009743e7bc3d540349d2acae3b41830fdbf6ee8cc7f243171aade6  /tmp/gpui-rhai-018-native-capture.WZYwOr/r8-43732b89/default-light.en.ltr.raw.png
21c71cbc645dade639bf2a48e401faf7c599b0a03ac4fbdbc898d24a8a8c9ca2  /tmp/gpui-rhai-018-native-capture.WZYwOr/r8-43732b89/candidates/default-light.en.ltr.png
captured default-light.en.ltr
4281282285f395906ecbb7e099257a66bb5cab58663f14c42ed6243ea3bb4991  /private/var/folders/r0/rh2q01k55bv9w7lhwxn0_x240000gn/T/gpui-rhai-visual.R6pvav/GPUI Rhai Visual Test.app/Contents/MacOS/gpui-rhai-example
88b7888456fa47e2e2afce8ae38295e75afd6716f8e7ee299c21eac9b348d779  /tmp/gpui-rhai-018-native-capture.WZYwOr/r8-43732b89/default-light.en.loading.raw.png
e62353a0518cf228a1435699eca9cb13573f40714a6c7c0b0a13c760d8b9d4d8  /tmp/gpui-rhai-018-native-capture.WZYwOr/r8-43732b89/candidates/default-light.en.loading.png
captured default-light.en.loading
4281282285f395906ecbb7e099257a66bb5cab58663f14c42ed6243ea3bb4991  /private/var/folders/r0/rh2q01k55bv9w7lhwxn0_x240000gn/T/gpui-rhai-visual.56OPI1/GPUI Rhai Visual Test.app/Contents/MacOS/gpui-rhai-example
7feda50cc60af2ecfed2c4fe559dab6d4c9613f9b001e16eee6ab66b05abe5a2  /tmp/gpui-rhai-018-native-capture.WZYwOr/r8-43732b89/default-light.en.empty.raw.png
b756db92e7215e79a23f2718142816d8b7c33ad46c513b6bedd5a22b3f9ed878  /tmp/gpui-rhai-018-native-capture.WZYwOr/r8-43732b89/candidates/default-light.en.empty.png
captured default-light.en.empty
4281282285f395906ecbb7e099257a66bb5cab58663f14c42ed6243ea3bb4991  /private/var/folders/r0/rh2q01k55bv9w7lhwxn0_x240000gn/T/gpui-rhai-visual.XF7Ffu/GPUI Rhai Visual Test.app/Contents/MacOS/gpui-rhai-example
518c2ba16a4f314aed7dd40e1282e21af8820a684d1c9e38c154c7fbf9415fca  /tmp/gpui-rhai-018-native-capture.WZYwOr/r8-43732b89/default-dark.en.selected.raw.png
3e79d30e604518f706bacb6637465b5daffd4a2fb3f05a09799c2106eca7ea06  /tmp/gpui-rhai-018-native-capture.WZYwOr/r8-43732b89/candidates/default-dark.en.selected.png
captured default-dark.en.selected
4281282285f395906ecbb7e099257a66bb5cab58663f14c42ed6243ea3bb4991  /private/var/folders/r0/rh2q01k55bv9w7lhwxn0_x240000gn/T/gpui-rhai-visual.cOKIQI/GPUI Rhai Visual Test.app/Contents/MacOS/gpui-rhai-example
335ffe81f1970c52b2f0addc703d76f180a4c1bcbf03e4a22b0a5810f21428d1  /tmp/gpui-rhai-018-native-capture.WZYwOr/r8-43732b89/catppuccin-mocha.ar.rtl.raw.png
5583359606568f800c7426fc969ff1a040d8909d82f0741d6b1252ba5639e897  /tmp/gpui-rhai-018-native-capture.WZYwOr/r8-43732b89/candidates/catppuccin-mocha.ar.rtl.png
captured catppuccin-mocha.ar.rtl
"Config applied successfully"
