   Compiling audit-transforms-selection-round3 v0.0.0 (/Users/eddix/Codes/github.com/eddix/gpui-rhai/docs/audits/2026-09-30-interaction-0.1.8-round3/transforms-selection)
    Finished `test` profile [unoptimized + debuginfo] target(s) in 2.27s
     Running unittests src/lib.rs (/tmp/gpui-rhai-round3-transforms-815bb82b/debug/deps/audit_transforms_selection_round3-e6074ccbde0336ac)

running 6 tests
enclose at zoom1e6: painted target=GeometryBounds { x: 129.0, y: 59.0, width: 4.9999999873762135, height: 5.000000001587068 }, actual selected=[]

thread 'round3_enclose_remains_valid_at_supported_large_zoom' (56916521) panicked at src/lib.rs:318:5:
assertion `left == right` failed
  left: "[]"
 right: "[\"a\"]"
note: run with `RUST_BACKTRACE=1` environment variable to display a backtrace
Canvas part size: bounds=GeometryBounds { x: -257.0, y: 41.0, width: 200.0, height: 100.0 }, tx=-258,ty=40

thread 'round3_pivot_uses_canvas_content_part_size' (56916524) panicked at src/lib.rs:235:5:
assertion failed: (tx + (image.width + image.height) / 2.0).abs() < 0.01
test round3_pivot_uses_canvas_content_part_size ... FAILED
test round3_enclose_remains_valid_at_supported_large_zoom ... FAILED
resize while rotate: old width=1918, current width=598, angle=78.57881372500071, tx=-875.940594059406, ty=852.5940594059406, projected pivot delta=(-529.3069306930693, 646.9306930693069)
idle PanZoom dialog open=true

thread 'round3_idle_panzoom_does_not_swallow_dialog_escape' (56916523) panicked at src/lib.rs:214:5:
assertion `left == right` failed
  left: "true"
 right: "false"

thread 'round3_resize_during_rotation_preserves_live_pivot' (56916525) panicked at src/lib.rs:282:5:
live preview uses stale gesture viewport after resize
test round3_idle_panzoom_does_not_swallow_dialog_escape ... FAILED
test round3_resize_during_rotation_preserves_live_pivot ... FAILED
pointer pan: after Escape tx=0, after extra move tx=70, commits=1

thread 'round3_escape_cancels_pointer_pan' (56916522) panicked at src/lib.rs:150:5:
assertion `left == right` failed
  left: "1"
 right: "0"
test round3_escape_cancels_pointer_pan ... FAILED
wheel other focus: zoomed=1.1051709180756477, after Escape=1.1051709180756477, commits=1

thread 'round3_wheel_owner_cancels_when_other_control_has_focus' (56916526) panicked at src/lib.rs:189:5:
assertion `left == right` failed
  left: 1.1051709180756477
 right: 1.0
test round3_wheel_owner_cancels_when_other_control_has_focus ... FAILED

failures:

failures:
    round3_enclose_remains_valid_at_supported_large_zoom
    round3_escape_cancels_pointer_pan
    round3_idle_panzoom_does_not_swallow_dialog_escape
    round3_pivot_uses_canvas_content_part_size
    round3_resize_during_rotation_preserves_live_pivot
    round3_wheel_owner_cancels_when_other_control_has_focus

test result: FAILED. 0 passed; 6 failed; 0 ignored; 0 measured; 0 filtered out; finished in 0.90s

error: test failed, to rerun pass `--lib`
