   Compiling audit-018-round7-interaction-crosscheck v0.0.0 (/Users/eddix/Codes/github.com/eddix/gpui-rhai/docs/audits/2026-10-02-interaction-0.1.8-round7/interaction-crosscheck/probe)
warning: function `virtual_scroll_item` is never used
  --> src/lib.rs:70:4
   |
70 | fn virtual_scroll_item(visual:&mut VisualTestContext,view:&ScriptViewHandle)->usize {
   |    ^^^^^^^^^^^^^^^^^^^
   |
   = note: `#[warn(dead_code)]` (part of `#[warn(unused)]`) on by default

warning: function `realized_indices` is never used
  --> src/lib.rs:74:4
   |
74 | fn realized_indices(node:&UiNode)->Option<std::collections::BTreeSet<usize>> {
   |    ^^^^^^^^^^^^^^^^

warning: `audit-018-round7-interaction-crosscheck` (lib test) generated 2 warnings
    Finished `test` profile [unoptimized + debuginfo] target(s) in 2.12s
     Running unittests src/lib.rs (tests/native-keyboard/target/debug/deps/audit_018_round7_interaction_crosscheck-5eb73fff7259ba0a)

running 4 tests
peer state update during drag: source=accepted; destination=1:1
test peer_view_state_commit_does_not_cancel_other_views_active_drag ... ok
new drag direct gap before=(0, 0.0), after=(0, 0.0), outcome=rejected
test canceled_tick_cannot_transfer_previous_destination_to_new_drag ... ok
direct blocked target without accepted history: end=rejected, scroll=(0, 0.0)
row gap block=false, before=(0, 0.0), after=(2, 36.0), end=cancelled, diagnostic=None
test open_row_gap_continues_with_stationary_pointer ... ok
row gap block=true, before=(0, 0.0), after=(0, 0.0), end=cancelled, diagnostic=None
test occluding_rejecting_child_blocks_row_gap_continuation ... ok

test result: ok. 4 passed; 0 failed; 0 ignored; 0 measured; 0 filtered out; finished in 1.00s

