   Compiling gpui_media v0.2.2
   Compiling gpui v0.2.2
   Compiling jiff-core v0.1.0
   Compiling inventory v0.3.24
   Compiling syntect v5.3.0
   Compiling rhai v1.26.0
   Compiling similar v3.2.0
   Compiling toml v0.8.23
   Compiling semver v1.0.28
   Compiling jiff v0.2.35
   Compiling gpui-rhai v0.1.3 (/Users/eddix/Codes/github.com/eddix/gpui-rhai/crates/gpui-rhai)
   Compiling gpui-rhai-motion-bench v0.0.0 (/tmp/gpui-rhai-motion-review-23874744/bench)
    Finished `release` profile [optimized] target(s) in 48.78s
     Running `target/release/gpui-rhai-motion-bench`
age_s=1 count=100 inertia=false p50_ms=0.0499 p95_ms=0.1454
age_s=1 count=100 inertia=true p50_ms=0.2296 p95_ms=0.3100
age_s=1 count=1000 inertia=false p50_ms=0.6356 p95_ms=0.8558
age_s=1 count=1000 inertia=true p50_ms=1.3962 p95_ms=1.5037
age_s=8 count=100 inertia=false p50_ms=0.0483 p95_ms=0.0530
age_s=8 count=100 inertia=true p50_ms=0.5891 p95_ms=0.6262
age_s=8 count=1000 inertia=false p50_ms=0.5957 p95_ms=0.6808
age_s=8 count=1000 inertia=true p50_ms=6.0927 p95_ms=6.1627
