Probe project: /var/folders/r0/rh2q01k55bv9w7lhwxn0_x240000gn/T//gpui-rhai-audit.yFurqw
   Compiling gpui-rhai-audit-probes v0.0.0 (/var/folders/r0/rh2q01k55bv9w7lhwxn0_x240000gn/T/gpui-rhai-audit.yFurqw)
    Finished `dev` profile [unoptimized + debuginfo] target(s) in 6.05s
     Running `target/debug/gpui-rhai-audit-probes`
PASS pause/seek and stale instance rejection
PASS None restart does not animate
reload generations old=ScriptGeneration(1) candidate=ScriptGeneration(2)
reload new_context_lookup=Err(Motion(UnknownTimeline("intro"))) old_handle_still_valid=Some(Playing) progress=[0.25]
resume_reload state=Running expected_width=40 actual=[20.0] needs_frame=false
ghost after_remove active=1 samples={MotionKey { component: ComponentInstancePath([ComponentInstanceSegment { component: "UiNode", key: "window:w/view:v/root/ghost:3" }]), property: Opacity }: 1.0}
ghost after_unrelated_update expected_active=1 actual_active=0 samples={}
policy reduced_before={MotionKey { component: ComponentInstancePath([ComponentInstanceSegment { component: "UiNode", key: "root/card" }]), property: Opacity }: 1.0}
policy None_after={MotionKey { component: ComponentInstancePath([ComponentInstanceSegment { component: "UiNode", key: "root/card" }]), property: Opacity }: 1.0}
timeline_autoreverse normal_terminal={MotionKey { component: ComponentInstancePath([ComponentInstanceSegment { component: "UiNode", key: "root/card" }]), property: Opacity }: 0.0} none_terminal={MotionKey { component: ComponentInstancePath([ComponentInstanceSegment { component: "UiNode", key: "root/card" }]), property: Opacity }: 1.0}
slash_key distinct_retained_nodes reconcile=Err(PropertyOwnerConflict { path: "root/a/b", property: Opacity, first: "motion declaration", second: "motion declaration" })
root_remount unmounted=[NodeId(1)] old_handle_retained=true sample={MotionKey { component: ComponentInstancePath([ComponentInstanceSegment { component: "UiNode", key: "root" }]), property: Opacity }: 0.5}
sampling_debug count=100 inertia=false avg_frame_ms=0.253
sampling_debug count=100 inertia=true avg_frame_ms=4.319
sampling_debug count=1000 inertia=false avg_frame_ms=3.344
sampling_debug count=1000 inertia=true avg_frame_ms=47.653
budget_replace_playing_timeline_with_idle_plus_direct expected_success_active1 actual=Err(Motion(ActiveBudget { actual: 2, limit: 1 }))
