    Blocking waiting for file lock on artifact directory
   Compiling audit-018-round3-drag-sort v0.0.0 (/Users/eddix/Codes/github.com/eddix/gpui-rhai/docs/audits/2026-09-30-interaction-0.1.8-round3/drag-sort/probe)
warning: function `drag` is never used
  --> src/lib.rs:63:4
   |
63 | fn drag(visual: &mut VisualTestContext, source: gpui::Point<gpui::Pixels>, target: gpui::Point<gpui::Pixels>) {
   |    ^^^^
   |
   = note: `#[warn(dead_code)]` (part of `#[warn(unused)]`) on by default

warning: `audit-018-round3-drag-sort` (lib test) generated 1 warning
    Finished `test` profile [unoptimized + debuginfo] target(s) in 40.47s
     Running unittests src/lib.rs (tests/native-keyboard/target/debug/deps/audit_018_round3_drag_sort-fac083a2b0fa9700)

running 5 tests
test changed_offscreen_source_revokes_logical_drag_lease ... source deleted: ready
source reordered: ready
source disabled: ready
source replaced: ready
ok
test escape_cancels_while_virtual_source_is_still_visible ... visible source Escape focus=true, result=ready
ok
test external_typed_drag_auto_scrolls_virtual_destination ... virtual lane Lane 0 Some(ElementGeometry { layout: GeometryBounds { x: 12.0, y: 94.0, width: 256.0, height: 40.0 }, visual: GeometryBounds { x: 12.0, y: 94.0, width: 256.0, height: 40.0 }, clip: None })
virtual lane Lane 1 Some(ElementGeometry { layout: GeometryBounds { x: 12.0, y: 134.0, width: 256.0, height: 40.0 }, visual: GeometryBounds { x: 12.0, y: 134.0, width: 256.0, height: 40.0 }, clip: None })
virtual lane Lane 2 Some(ElementGeometry { layout: GeometryBounds { x: 12.0, y: 174.0, width: 256.0, height: 40.0 }, visual: GeometryBounds { x: 12.0, y: 174.0, width: 256.0, height: 40.0 }, clip: None })
virtual lane Lane 3 Some(ElementGeometry { layout: GeometryBounds { x: 12.0, y: 214.0, width: 256.0, height: 40.0 }, visual: GeometryBounds { x: 12.0, y: 214.0, width: 256.0, height: 40.0 }, clip: None })
virtual lane Lane 4 Some(ElementGeometry { layout: GeometryBounds { x: 12.0, y: 254.0, width: 256.0, height: 40.0 }, visual: GeometryBounds { x: 12.0, y: 254.0, width: 256.0, height: 40.0 }, clip: None })
external drag virtual destination scroll_item=9, drop=lane-13, source=Point { x: 140px, y: 66px }, bottom=Point { x: 140px, y: 269px }, error=None
ok
test recovering_host_focus_allows_escape_to_cancel_offscreen_drag ... stationary restore_focus=true, scroll start=0, later=4, focus before Escape=true, escaped=4, settled=4, commit=ready
ok
test stationary_pointer_scrolls_and_escape_releases_scroll ... stationary restore_focus=false, scroll start=0, later=4, focus before Escape=true, escaped=4, settled=4, commit=ready
ok

test result: ok. 5 passed; 0 failed; 0 ignored; 0 measured; 0 filtered out; finished in 3.09s

