    Finished `test` profile [unoptimized + debuginfo] target(s) in 0.26s
     Running unittests src/lib.rs (target/debug/deps/gpui_rhai_cli-78a65b478eba4560)

running 33 tests
test gallery::tests::invalid_run_is_rejected_before_platform_startup ... ok
test gallery::tests::list_is_deterministic_and_does_not_prepare_a_window ... ok
test tests::bundled_component_icons_share_an_explicit_24px_coordinate_space ... ok
test gallery::tests::invalid_story_case_theme_and_locale_are_explicit ... ok
test tests::apply_stages_every_write_before_replacing_any_target ... ok
test tests::apply_detects_changes_after_planning ... ok
test tests::check_lints_known_calls_in_unexecuted_branches ... ok
test tests::check_rejects_old_or_misaligned_gpui_package_identity ... ok
test tests::check_executes_the_headless_initial_view ... ok
test tests::check_accepts_nested_templates_and_imports_after_them ... ok
test tests::adding_icon_installs_core_svg_asset_pack ... ok
test tests::dry_run_plan_has_zero_writes_until_applied ... ok
test tests::adding_chart_installs_source_and_enables_the_runtime_feature ... ok
test tests::embed_plan_contains_entry_components_theme_locale_and_assets ... ok
test tests::embedded_manifest_uses_immutable_bindings_with_or_without_capabilities ... ok
test tests::editor_metadata_comes_from_installed_component_schemas ... ok
test tests::check_rejects_invalid_locales_and_duplicate_logical_assets ... ok
test tests::init_never_overwrites_existing_main ... ok
test tests::line_merge_combines_independent_insertions ... ok
test tests::update_adds_missing_bundled_themes_without_overwriting_owned_sources ... ok
test tests::init_add_and_check_form_a_reproducible_flow ... ok
test tests::check_validates_the_typed_component_stylesheet ... ok
test tests::update_installs_new_transitive_dependencies_and_records_the_target_graph ... ok
test tests::update_conflict_preserves_sources_and_writes_artifact ... ok
test theme_studio::tests::canonical_theme_round_trips_and_preserves_attribution ... ok
test tests::update_three_way_merges_non_overlapping_local_changes ... ok
test theme_studio::tests::studio_source_contains_every_official_component ... ok
test tests::check_separates_declared_host_capabilities_from_static_view_validation ... ok
test tests::complex_components_install_transitive_sources_and_assets ... ok
test tests::every_bundled_component_passes_known_call_validation ... ok
test theme_studio::tests::studio_executes_the_real_component_specimen ... ok
test gallery::tests::locale_matrix_prepares_editing_documents_and_workbench ... ok
test gallery::tests::every_bundled_story_case_prepares ... ok

test result: ok. 33 passed; 0 failed; 0 ignored; 0 measured; 0 filtered out; finished in 15.69s

