    Finished `test` profile [unoptimized + debuginfo] target(s) in 0.47s
     Running tests/asset_refresh_host.rs (tests/native-keyboard/target/debug/deps/asset_refresh_host-8a11ba984afc1002)

running 2 tests
test shared_registry_requires_host_scheduled_foreground_window_refresh ... explicit shared registry, two Host roots repainted via App::refresh_windows; peer app revision stayed isolated
ok
test task_result_publishes_changed_pixels_with_stable_asset_and_opaque_handle ... stable AssetId/opaque handle; new GPUI content id; decoded BGRA red -> blue; mounted 32px image geometry; TaskWork is off foreground
ok

test result: ok. 2 passed; 0 failed; 0 ignored; 0 measured; 0 filtered out; finished in 0.95s

     Running tests/element_ref_subscriptions.rs (tests/native-keyboard/target/debug/deps/element_ref_subscriptions-41163fb8d0dd763c)

running 8 tests
test tests::failed_effect_commit_restores_ref_binding_and_native_subscription ... ok
test tests::reader_retargets_ref_without_retaining_old_node_subscription ... ok
test tests::round7_existing_node_geometry_change_control ... same-node target=Some(180.0), reader=["180.0"]
ok
test tests::round7_formal_virtual_row_unknown_geometry_has_executable_owner_control ... formal virtual row initial ref→geometry readout=["120.0"]
ok
test tests::round7_pending_ref_wakes_formal_reader_when_producer_appears ... appearance target=Some(120.0), reader=["120.0"]
ok
test tests::round7_ref_rebinding_to_new_node_preserves_reader ... ref target identity changed Some(4) -> Some(6)
replacement target=Some(180.0), reader=["180.0"]
ok
test tests::round7_ref_removal_notifies_reader ... removed target=None, reader=["pending"]
ok
test tests::suspend_resume_preserves_logical_ref_readers ... ok

test result: ok. 8 passed; 0 failed; 0 ignored; 0 measured; 0 filtered out; finished in 1.14s

     Running tests/host_execution_policy.rs (tests/native-keyboard/target/debug/deps/host_execution_policy-d288bff7349739fe)

running 3 tests
test child_engine_reapplies_builder_then_extension_policy ... ok
test expression_depth_host_policy_mounts_the_same_file_and_embedded_tree ... ok
test file_and_embedded_mount_actual_over_default_work_with_host_quota ... ok

test result: ok. 3 passed; 0 failed; 0 ignored; 0 measured; 0 filtered out; finished in 2.81s

     Running tests/keyboard.rs (tests/native-keyboard/target/debug/deps/keyboard-d45a0fa0e6480b3e)

running 63 tests
test async_workers_wake_the_view_without_input_or_manual_poll ... ok
test autofocus_input_receives_typing_without_any_click ... ok
test automation_commands_use_mounted_handlers_actions_and_clock ... ok
test canvas_morph_hit_testing_follows_the_presented_path ... ok
test click_context_exposes_untracked_event_target_visual_bounds ... ok
test code_and_diff_viewers_mount_native_document_surfaces ... ok
test combobox_pointer_updates_transactional_rhai_caller_state ... ok
test combobox_relative_width_tracks_flex_space_and_sizes_its_panel ... ok
test command_dialog_filters_from_native_input_and_executes_with_enter ... ok
test command_preserves_manual_scroll_and_reveals_controlled_active_item ... ok
test component_catalog_story_switches_categories_and_live_themes ... ok
test context_menu_anchors_at_the_right_click_and_closes_with_escape ... ok
test custom_primitive_rejects_invalid_payload_before_host_callback ... ok
test duplicate_local_overlay_ids_are_namespaced_per_embedded_view ... ok
test effect_restart_still_delivers_async_task_results ... ok
test effect_start_state_write_restarts_sibling_effect_and_delivers ... ok
test element_bounds_self_heals_after_first_prepaint_and_resolves_event_keys ... ok
test embedded_view_suspend_resume_retains_state_and_rejects_new_elements ... ok
test explicit_occlusion_blocks_pointer_hits_to_painted_siblings ... ok
test grouped_command_initial_reveal_keeps_its_first_header_natural ... ok
test grouped_table_headers_stick_through_the_native_virtual_list ... ok
test host_callbacks_dispatch_without_a_script_runtime ... ok
test host_can_suppress_the_builtin_error_banner_without_hiding_last_error ... ok
test host_none_policy_snaps_layout_motion_in_the_presented_frame ... ok
test host_slot_does_not_consume_text_input_before_ime_delivery ... ok
test host_slot_preserves_an_independent_script_view_host ... ok
test host_slot_renders_native_content_without_leaking_events_to_rhai ... ok
test inherited_motion_group_survives_incremental_component_update ... ok
test menu_trigger_routes_roving_and_enter_keys_through_current_rhai_state ... ok
test modal_dialog_reclaims_focus_stolen_by_an_embedding_host ... ok
test motion_catalog_story_mounts_and_renders_a_real_frame ... ok
test mounted_view_exposes_failed_render_while_retaining_last_good_root ... ok
test multiple_embedded_views_share_host_mechanics_but_isolate_runtime_state ... ok
test native_collection_table_autofit_stays_on_the_realized_rust_path ... ok
test native_input_updates_rhai_state_and_clipboard_with_unicode ... ok
test native_text_document_revision_invalidates_exact_viewer_reader ... ok
test native_textarea_wraps_inserts_newlines_and_limits_graphemes ... ok
test nested_overlay_renders_inside_parent_deferred_subtree ... ok
test node_prop_component_keeps_latest_ui_when_receiver_rerenders ... ok
test overlay_default_panel_focus_keeps_keyboard_on_panel ... ok
test overlay_initial_focus_first_reaches_input_on_every_open ... ok
test read_only_input_allows_selection_and_copy_but_rejects_edits ... ok
test script_runtime_install_is_idempotent_and_key_conflicts_are_explicit ... ok
test scroll_area_thumb_drag_updates_the_retained_scroll_handle ... ok
test selectable_text_uses_native_selection_and_copy_semantics ... ok
test separate_hosts_in_one_window_keep_overlay_domains_isolated ... ok
test set_theme_during_typing_keeps_input_focus ... ok
test sheet_uses_the_viewport_end_edge_and_restores_controlled_open_state ... ok
test slider_previews_drag_natively_and_commits_once_before_keyboard_steps ... ok
test slider_reverses_horizontal_pointer_and_arrow_semantics_in_rtl ... ok
test subscription_callback_state_write_restarts_effect_and_delivers ... ok
test svg_raster_adapter_uses_the_gpui_system_font_environment ... ok
test tab_order_skips_disabled_nodes_and_enter_activates_focus ... ok
test table_1000_example::tests::one_thousand_row_workload_prepares ... ok
test table_1000_tracks_the_resized_window_viewport ... ok
test table_column_resize_previews_natively_and_emits_once_on_commit ... ok
test table_does_not_expand_an_auto_min_width_host_flex_column_across_frames ... ok
test table_flex_columns_distribute_remaining_width_by_weight ... ok
test table_resize_handles_sit_on_column_boundaries_including_the_last_column ... ok
test text_input_primitive_dispatches_host_callbacks ... ok
test timeline_rebinds_a_replaced_child_in_presented_frames ... ok
test tinted_svg_image_bytes_match_gpui_bgra_contract ... ok
test virtual_collection_fill_height_uses_the_resolved_flex_viewport ... ok

test result: ok. 63 passed; 0 failed; 0 ignored; 0 measured; 0 filtered out; finished in 9.49s

     Running tests/node_key_contract.rs (tests/native-keyboard/target/debug/deps/node_key_contract-12feae912f11b8d8)

running 8 tests
test active_gesture_escape_owner_precedes_script_key_capture ... ok
test disabled_key_control_is_not_a_tab_target_or_click_fallback ... ok
test enter_and_space_click_only_when_their_key_handler_is_absent ... ok
test every_entry_dispatches_normalized_named_and_literal_punctuation_keys ... ok
test explicit_capture_and_bubble_enter_replace_click_fallback ... ok
test native_key_phases_follow_the_focus_path_and_stop_prevents_later_phases ... ok
test raw_key_matching_ignores_modifiers_but_not_key_char ... ok
test unrelated_native_text_focus_and_ime_commits_do_not_activate_node_shortcuts ... ok

test result: ok. 8 passed; 0 failed; 0 ignored; 0 measured; 0 filtered out; finished in 1.88s

     Running tests/resolved_theme.rs (tests/native-keyboard/target/debug/deps/resolved_theme-4f9eaae2d98ed94a)

running 6 tests
test effect_body_only_does_not_restart_but_explicit_render_deps_do ... ok
test first_system_light_init_and_render_match_host_without_replaying_init ... ok
test fixed_dark_and_host_token_overrides_preserve_resolved_identity ... ok
test missing_theme_is_unit_in_a_mounted_script ... ok
test secondary_initial_theme_and_failed_startup_keep_native_authority_closed ... ok
test window_and_local_setters_keep_sibling_scopes_separate ... ok

test result: ok. 6 passed; 0 failed; 0 ignored; 0 measured; 0 filtered out; finished in 1.07s

     Running tests/table_boundaries.rs (tests/native-keyboard/target/debug/deps/table_boundaries-8934c074dd07df75)

running 8 tests
test data_loading_and_both_empty_paths_share_the_bordered_horizontal_viewport ... ok
test ltr_array_boundary_and_last_column_owner ... LTR final=c:200.0|none
ok
test native_last_column_autofit_measures_last_column_without_sort ... native autofit=c:313.0|none
ok
test nonresizable_neighbor_preserves_owner_and_last_keyboard_resize ... mixed native last keyboard=c:168.0|none
ok
test one_column_table_is_resizable ... ok
test rtl_dragging_a_boundary_resizes_a_not_its_neighbor ... RTL real A boundary drag=a:160.0|none
ok
test rtl_handles_follow_the_owned_columns_logical_end ... RTL A: owned logical end=479,handle center=479
RTL B: owned logical end=339,handle center=339
RTL last C: header left=179,handle left=179
ok
test rtl_keyboard_arrows_resize_the_focused_logical_column ... ok

test result: ok. 8 passed; 0 failed; 0 ignored; 0 measured; 0 filtered out; finished in 2.95s

     Running tests/table_extent.rs (tests/native-keyboard/target/debug/deps/table_extent-597838bcc7cccc5a)

running 10 tests
test accepted_final_column_width_recomputes_extent_and_clamps_offset ... ok
test component_min_max_and_native_override_use_one_width_authority ... ok
test fixed_wide_ltr_rtl_array_native_share_scroll_and_all_states ... ok
test four_column_registry_width_descriptors_share_the_actual_native_plan ... ok
test horizontal_body_input_and_vertical_input_are_independent ... ok
test native_drag_override_repaints_widths_and_extent_without_rhai ... ok
test percentage_and_weighted_flex_use_viewport_not_extent ... ok
test percentage_overflow_does_not_feedback_into_its_basis ... ok
test single_column_under_equal_overflow_and_autofit_share_the_viewport ... ok
test theme_insets_are_in_the_shared_column_plan_and_real_extent ... ok

test result: ok. 10 passed; 0 failed; 0 ignored; 0 measured; 0 filtered out; finished in 8.57s

     Running tests/table_frame_demand.rs (tests/native-keyboard/target/debug/deps/table_frame_demand-567fefe98c6298fe)

running 2 tests
test tests::measured_viewport_schedules_its_own_followup_frame ... after initial frame + normal clock, scheduled=[3, 1, 0], no manual followup: [120.0, 149.0, 29.0]
explicit extra refresh driver control: [120.0, 149.0, 29.0]
ok
test tests::viewport_change_schedules_its_own_followup_frame ... after resize frame + normal clock, scheduled=[8, 1, 0], viewport=500, no manual followup: [120.0, 249.0, 129.0]
explicit extra refresh driver control: [120.0, 249.0, 129.0]
ok

test result: ok. 2 passed; 0 failed; 0 ignored; 0 measured; 0 filtered out; finished in 1.15s

     Running tests/window_authority.rs (tests/native-keyboard/target/debug/deps/window_authority-b73278b6ff47d2d1)

running 5 tests
test dropping_last_handle_revokes_queued_authority ... explicit_dispose=false: window_remains=true, replacement_state=Active
ok
test explicit_dispose_revokes_queued_authority_control ... explicit_dispose=true: window_remains=true, replacement_state=Active
ok
test late_old_view_cleanup_cannot_unregister_same_id_replacement ... late old rendered view cleanup: replacement_state=Active, competing_owner_result=Err("window `domain` already has script command owner `owner`")
ok
test mount_identity_guards_close_and_focus_across_same_and_new_host_replacements ... ok
test retained_handle_clone_keeps_the_mount_authorized ... ok

test result: ok. 5 passed; 0 failed; 0 ignored; 0 measured; 0 filtered out; finished in 1.24s

     Running tests/window_command_deliveries.rs (tests/native-keyboard/target/debug/deps/window_command_deliveries-b96d3f1bea647420)

running 6 tests
test actual_mouse_and_worker_task_focus_the_qualified_source ... ok
test cancelled_open_releases_reservation_for_a_live_peer ... ok
test live_source_cannot_redirect_stale_focus_or_close_to_a_same_name_target ... ok
test same_batch_open_focus_and_open_focus_close_keep_the_pending_target_identity ... ok
test subscription_origin_is_revoked_by_dispose_drop_native_close_and_remount ... ok
test suspended_source_keeps_origin_while_peer_pumps_subscription_commands ... ok

test result: ok. 6 passed; 0 failed; 0 ignored; 0 measured; 0 filtered out; finished in 2.07s

     Running tests/window_command_origin.rs (tests/native-keyboard/target/debug/deps/window_command_origin-b962b0ce1e4ff3ee)

running 2 tests
test live_origin_survives_peer_delivery_and_initial_open_focus_uses_one_reservation ... ok
test peer_pump_cannot_reauthorize_revoked_open_close_or_focus ... ok

test result: ok. 2 passed; 0 failed; 0 ignored; 0 measured; 0 filtered out; finished in 1.50s

     Running tests/window_ownership.rs (tests/native-keyboard/target/debug/deps/window_ownership-079646377a57c929)

running 6 tests
test disposed_command_owner_cannot_close_its_replacement_from_a_queued_operation ... ok
test failed_mount_releases_the_command_claim_and_a_host_cannot_bind_another_window ... ok
test managed_embedding_focuses_opens_and_closes_real_native_windows ... ok
test native_close_confirmation_and_forced_close_share_the_owner ... ok
test ordinary_embedding_stays_disabled_beside_a_command_owner ... ok
test owner_conflicts_fail_without_revoking_the_existing_owner_and_dispose_allows_replacement ... ok

test result: ok. 6 passed; 0 failed; 0 ignored; 0 measured; 0 filtered out; finished in 1.18s

