   Compiling gpui-rhai v0.1.8 (/Users/eddix/Codes/github.com/eddix/gpui-rhai/crates/gpui-rhai)
    Finished `test` profile [unoptimized + debuginfo] target(s) in 5.25s
     Running tests/host_execution_policy.rs (target/debug/deps/host_execution_policy-70bbcc5d4c0dace7)

running 6 tests
test builder_policy_precedes_extensions_and_zero_never_means_unlimited ... ok
test parser_depth_defaults_and_independent_host_configuration_cover_all_constructors ... ok
test nested_and_sibling_components_still_share_a_nondefault_round_quota ... ok
test retained_component_and_delayed_delivery_begin_fresh_nondefault_rounds ... ok
test restricted_imports_obey_quota_and_failed_reload_preserves_active_policy ... ok
same finite workload: default=1000001, raised=1350012, lowered=500001, raised_duration_us=318984 (quota is not a frame guarantee)
test same_finite_work_exceeds_default_and_obeys_raised_and_lowered_quotas ... ok

test result: ok. 6 passed; 0 failed; 0 ignored; 0 measured; 0 filtered out; finished in 1.82s

     Running tests/resolved_theme.rs (target/debug/deps/resolved_theme-3580f81b7f8fef8d)

running 5 tests
test resolved_identity_is_not_system_preference_and_headless_fallback_is_explicit ... ok
test window_nearest_local_and_sibling_resolution_share_one_identity_projection ... ok
test token_and_motion_updates_do_not_infer_a_different_identity_from_colors ... ok
test no_theme_and_unavailable_borrow_return_none_without_panicking ... ok
test only_render_reads_track_theme_and_rhai_returns_exact_metadata_fields ... ok

test result: ok. 5 passed; 0 failed; 0 ignored; 0 measured; 0 filtered out; finished in 0.83s

     Running tests/virtual_read_contributions.rs (target/debug/deps/virtual_read_contributions-a7140d97ccdb0197)

running 2 tests
test failed_row_candidate_restores_the_previous_read_contributions ... ok
test raw_scroll_dependencies_release_history_keep_other_contributors_and_wake_the_current_owner ... ok

test result: ok. 2 passed; 0 failed; 0 ignored; 0 measured; 0 filtered out; finished in 0.86s

     Running tests/virtual_transactions.rs (target/debug/deps/virtual_transactions-a7df2f86d5edd65f)

running 3 tests
test batch_failure_restores_all_prior_scope_state_and_callbacks ... ok
test overlapping_targets_keep_new_formal_callbacks_and_resources_live ... ok
test disjoint_scope_targets_are_equivalent_for_both_orders_and_one_batch ... ok

test result: ok. 3 passed; 0 failed; 0 ignored; 0 measured; 0 filtered out; finished in 0.84s

