   Compiling audit-geometry-reads-round7 v0.0.0 (/Users/eddix/Codes/github.com/eddix/gpui-rhai/docs/audits/2026-10-02-interaction-0.1.8-round7/geometry-reads)
    Finished `test` profile [unoptimized + debuginfo] target(s) in 2.29s
     Running unittests src/lib.rs (tests/native-keyboard/target/debug/deps/audit_geometry_reads_round7-a632586768fc2423)

running 5 tests
formal virtual row initial ref→geometry readout=["120.0"]
test tests::round7_formal_virtual_row_unknown_geometry_has_executable_owner_control ... ok
ref target identity changed Some(4) -> Some(6)
replacement target=Some(180.0), reader=["120.0"]

thread 'tests::round7_ref_rebinding_to_new_node_preserves_reader' (3030280) panicked at src/lib.rs:152:9:
assertion `left == right` failed
  left: ["120.0"]
 right: ["180.0"]
note: run with `RUST_BACKTRACE=1` environment variable to display a backtrace
same-node target=Some(180.0), reader=["180.0"]
test tests::round7_ref_rebinding_to_new_node_preserves_reader ... FAILED
appearance target=Some(120.0), reader=["pending"]

thread 'tests::round7_pending_ref_wakes_formal_reader_when_producer_appears' (3030279) panicked at src/lib.rs:134:9:
assertion `left == right` failed
  left: ["pending"]
 right: ["120.0"]
test tests::round7_existing_node_geometry_change_control ... ok
test tests::round7_pending_ref_wakes_formal_reader_when_producer_appears ... FAILED
removed target=None, reader=["180.0"]

thread 'tests::round7_ref_removal_notifies_reader' (3030281) panicked at src/lib.rs:168:9:
assertion `left == right` failed
  left: ["180.0"]
 right: ["pending"]
test tests::round7_ref_removal_notifies_reader ... FAILED

failures:

failures:
    tests::round7_pending_ref_wakes_formal_reader_when_producer_appears
    tests::round7_ref_rebinding_to_new_node_preserves_reader
    tests::round7_ref_removal_notifies_reader

test result: FAILED. 2 passed; 3 failed; 0 ignored; 0 measured; 0 filtered out; finished in 0.82s

error: test failed, to rerun pass `--lib`
