    Blocking waiting for file lock on artifact directory
   Compiling gpui-rhai-native-keyboard-tests v0.0.0 (/var/folders/r0/rh2q01k55bv9w7lhwxn0_x240000gn/T/gpui-runtime-core-round3-audit-mhxegdge)
    Finished `test` profile [unoptimized + debuginfo] target(s) in 8.50s
     Running tests/runtime_core_round3_audit.rs (tests/native-keyboard/target/debug/deps/runtime_core_round3_audit-74ad8e47a9e3dec1)

running 4 tests
suspend injected=false: Ok(true); state=Suspended
post lifecycle injected=false: ["Canvas contents", "0.0,0"], error=None

thread 'pan_zoom_suspend_resume_then_interact' (56910325) panicked at tests/runtime_core_round3_audit.rs:132:30:
assertion failed: actual.contains(&"50.0,1".to_owned())
note: run with `RUST_BACKTRACE=1` environment variable to display a backtrace
test pan_zoom_suspend_resume_then_interact ... FAILED
batch failing=true advance=Err(Automation(Command("failed to evaluate Rhai UI source: Runtime error: independent timer failure @ 'main' (line 9, position 28)\nin call to function 'failing_delivery' (from 'main') (line 12, position 2)")))
batch before release=["vertical:none", "Handle", "Body"]
batch failing=false advance=Ok(Advanced { millis: 100 })
batch before release=["vertical:none", "Handle", "Body"]
batch after release=["vertical:none", "Handle", "Body"]
test single_timer_contract_control ... ok
batch after release=["vertical:60.0,20.0", "Handle", "Body"]

thread 'failed_sibling_delivery_preserves_successful_invalidation' (56910323) panicked at tests/runtime_core_round3_audit.rs:99:5:
unrelated failed delivery must not erase committed invalidation
test failed_sibling_delivery_preserves_successful_invalidation ... FAILED

thread 'pan_zoom_compensate_retry_resume_then_interact' (56910324) panicked at tests/runtime_core_round3_audit.rs:19:9:
injected late primitive suspend failure
suspend injected=true: Err(Suspend("native primitive suspend failed: primitive `PrimitiveId(\"zz_audit.fault\")` panicked during suspend")); state=Active
post lifecycle injected=true: ["Canvas contents", "50.0,1"], error=None
test pan_zoom_compensate_retry_resume_then_interact ... ok

failures:

failures:
    failed_sibling_delivery_preserves_successful_invalidation
    pan_zoom_suspend_resume_then_interact

test result: FAILED. 2 passed; 2 failed; 0 ignored; 0 measured; 0 filtered out; finished in 2.76s

error: test failed, to rerun pass `--test runtime_core_round3_audit`
