5ca976270f2387e7c6f4b2e336a000821d1973a7d8c7621f6839bc4bb82b95c1  /private/var/folders/r0/rh2q01k55bv9w7lhwxn0_x240000gn/T/gpui-rhai-visual.Yt6e0M/GPUI Rhai Visual Test.app/Contents/MacOS/gpui-rhai-example
6fe7199fab103de8b2f350b85a46b8d33563db7c661814f482b211897bece345  /tmp/gpui-rhai-018-native-capture.WZYwOr/default-light.en.ltr.raw.png
b1fa18d0d3fd2fb91d16236c5e60e50f378471d5ab0584a5064c2cc5c6891708  /tmp/gpui-rhai-018-native-capture.WZYwOr/candidates/default-light.en.ltr.png
captured default-light.en.ltr
5ca976270f2387e7c6f4b2e336a000821d1973a7d8c7621f6839bc4bb82b95c1  /private/var/folders/r0/rh2q01k55bv9w7lhwxn0_x240000gn/T/gpui-rhai-visual.R6pvav/GPUI Rhai Visual Test.app/Contents/MacOS/gpui-rhai-example
a09106de312c9e86281a8e0778b06726e568bc75e0c0d4c0c65d3609048524f7  /tmp/gpui-rhai-018-native-capture.WZYwOr/default-light.en.loading.raw.png
a09a55d80cc6567f1b46f827b6ba861c9e67e8b5cd1b1e88bf7bfe09bc6f2f05  /tmp/gpui-rhai-018-native-capture.WZYwOr/candidates/default-light.en.loading.png
captured default-light.en.loading
5ca976270f2387e7c6f4b2e336a000821d1973a7d8c7621f6839bc4bb82b95c1  /private/var/folders/r0/rh2q01k55bv9w7lhwxn0_x240000gn/T/gpui-rhai-visual.56OPI1/GPUI Rhai Visual Test.app/Contents/MacOS/gpui-rhai-example
30de539f74574bb28db67e46b163e5e49f4651e586e554689fc7c8cb6caac83d  /tmp/gpui-rhai-018-native-capture.WZYwOr/default-light.en.empty.raw.png
08b3103d7a351db3dabef97cb5b15c7c54db317fd071c4bfb300ec13f3956e12  /tmp/gpui-rhai-018-native-capture.WZYwOr/candidates/default-light.en.empty.png
captured default-light.en.empty
5ca976270f2387e7c6f4b2e336a000821d1973a7d8c7621f6839bc4bb82b95c1  /private/var/folders/r0/rh2q01k55bv9w7lhwxn0_x240000gn/T/gpui-rhai-visual.XF7Ffu/GPUI Rhai Visual Test.app/Contents/MacOS/gpui-rhai-example
4f9fd1718313ec24c0dc0ff2bdde7bba72d03446054a5d78646a1993dbc64a30  /tmp/gpui-rhai-018-native-capture.WZYwOr/default-dark.en.selected.raw.png
681a9d9e31bd6750bc91ae5528f127775e8227247f0fc5359af46be14f5dc52d  /tmp/gpui-rhai-018-native-capture.WZYwOr/candidates/default-dark.en.selected.png
captured default-dark.en.selected
5ca976270f2387e7c6f4b2e336a000821d1973a7d8c7621f6839bc4bb82b95c1  /private/var/folders/r0/rh2q01k55bv9w7lhwxn0_x240000gn/T/gpui-rhai-visual.cOKIQI/GPUI Rhai Visual Test.app/Contents/MacOS/gpui-rhai-example
18ba31adc0fa153584e291b825a13c1b70075c448406f83e8b039c3dbc9bd51b  /tmp/gpui-rhai-018-native-capture.WZYwOr/catppuccin-mocha.ar.rtl.raw.png
1e71c0243a47a9dfeef420bdc44067101eab935c9682cea236cefbe539159d13  /tmp/gpui-rhai-018-native-capture.WZYwOr/candidates/catppuccin-mocha.ar.rtl.png
captured catppuccin-mocha.ar.rtl
"Config applied successfully"
