{
  "platform": "actual macOS MacPlatform (current_platform(false))",
  "gpui_pre": "0.3.7",
  "source_sha": "53a62e3f2be05e5ae7a961936648195bc4fe9477",
  "initial": "light",
  "samples": [
    {
      "expected": "light",
      "primary": {
        "native_appearance": "Light",
        "host_variant": "Light",
        "host_mode": "Light",
        "statuses": [
          "primary:1:light:7:Light:light",
          "effect:1"
        ],
        "geometry_committed": true
      },
      "child_native_appearance": null,
      "records": [
        "init:primary:1:light",
        "effect:primary:1:light"
      ]
    },
    {
      "expected": "light",
      "primary": {
        "native_appearance": "Light",
        "host_variant": "Light",
        "host_mode": "Light",
        "statuses": [
          "primary:1:light:8:Light:light",
          "effect:1"
        ],
        "geometry_committed": true
      },
      "child_native_appearance": null,
      "records": [
        "init:primary:1:light",
        "effect:primary:1:light"
      ]
    },
    {
      "expected": "light",
      "primary": {
        "native_appearance": "Light",
        "host_variant": "Light",
        "host_mode": "Light",
        "statuses": [
          "primary:1:light:8:Light:light",
          "effect:1"
        ],
        "geometry_committed": true
      },
      "child_native_appearance": "Light",
      "records": [
        "init:primary:1:light",
        "effect:primary:1:light",
        "init:child:1:light",
        "effect:child:1:light"
      ]
    },
    {
      "stage": "idle-before-appearance-change",
      "real_timer_ms": 750,
      "primary_timing_count": 0,
      "shared_dirty_components": 0,
      "shared_pending_virtual_requests": false,
      "init_effect_records_unchanged": true,
      "timings": []
    },
    {
      "expected": "dark",
      "primary": {
        "native_appearance": "Dark",
        "host_variant": "Dark",
        "host_mode": "Dark",
        "statuses": [
          "primary:1:light:8:Dark:dark",
          "effect:2"
        ],
        "geometry_committed": true
      },
      "child_native_appearance": "Dark",
      "records": [
        "init:primary:1:light",
        "effect:primary:1:light",
        "init:child:1:light",
        "effect:child:1:light",
        "effect:primary:2:dark",
        "effect:child:2:dark"
      ]
    },
    {
      "stage": "idle-before-appearance-change",
      "real_timer_ms": 750,
      "primary_timing_count": 0,
      "shared_dirty_components": 0,
      "shared_pending_virtual_requests": false,
      "init_effect_records_unchanged": true,
      "timings": []
    },
    {
      "expected": "light",
      "primary": {
        "native_appearance": "Light",
        "host_variant": "Light",
        "host_mode": "Light",
        "statuses": [
          "primary:1:light:8:Light:light",
          "effect:3"
        ],
        "geometry_committed": true
      },
      "child_native_appearance": "Light",
      "records": [
        "init:primary:1:light",
        "effect:primary:1:light",
        "init:child:1:light",
        "effect:child:1:light",
        "effect:primary:2:dark",
        "effect:child:2:dark",
        "effect:primary:3:light",
        "effect:child:3:light"
      ]
    }
  ],
  "error": null,
  "records": [
    "init:primary:1:light",
    "effect:primary:1:light",
    "init:child:1:light",
    "effect:child:1:light",
    "effect:primary:2:dark",
    "effect:child:2:dark",
    "effect:primary:3:light",
    "effect:child:3:light"
  ],
  "os_preferences_changed": false,
  "cleanup": {
    "close_requests": 2,
    "errors": [],
    "remaining_owned_windows": 0,
    "owned_windows_closed": true,
    "per_app_override_clear_called": true,
    "effective_app_appearance_after_clear": "Dark"
  },
  "process_id": 94652,
  "binary_path": "/Users/eddix/Codes/github.com/eddix/gpui-rhai/tests/native-keyboard/target/debug/theme_appearance_probe"
}
