   Compiling gpui-rhai v0.1.8 (/Users/eddix/Codes/github.com/eddix/gpui-rhai/crates/gpui-rhai)
    Finished `test` profile [unoptimized + debuginfo] target(s) in 25.62s
     Running unittests src/lib.rs (target/debug/deps/gpui_rhai-56ecbb5b7b93d5e9)

running 0 tests

test result: ok. 0 passed; 0 failed; 0 ignored; 0 measured; 503 filtered out; finished in 0.00s

     Running tests/chart_contract.rs (target/debug/deps/chart_contract-5ddd526f2970c4df)

running 0 tests

test result: ok. 0 passed; 0 failed; 0 ignored; 0 measured; 21 filtered out; finished in 0.00s

     Running tests/custom_primitive.rs (target/debug/deps/custom_primitive-2d7721bbba181fc4)

running 0 tests

test result: ok. 0 passed; 0 failed; 0 ignored; 0 measured; 1 filtered out; finished in 0.00s

     Running tests/formal_component.rs (target/debug/deps/formal_component-77acd67e4ad629a3)

running 0 tests

test result: ok. 0 passed; 0 failed; 0 ignored; 0 measured; 21 filtered out; finished in 0.00s

     Running tests/host_execution_policy.rs (target/debug/deps/host_execution_policy-70bbcc5d4c0dace7)

running 0 tests

test result: ok. 0 passed; 0 failed; 0 ignored; 0 measured; 6 filtered out; finished in 0.00s

     Running tests/official_registry.rs (target/debug/deps/official_registry-177d55e37a5272fa)

running 0 tests

test result: ok. 0 passed; 0 failed; 0 ignored; 0 measured; 50 filtered out; finished in 0.00s

     Running tests/resolved_theme.rs (target/debug/deps/resolved_theme-3580f81b7f8fef8d)

running 0 tests

test result: ok. 0 passed; 0 failed; 0 ignored; 0 measured; 5 filtered out; finished in 0.00s

     Running tests/virtual_read_contributions.rs (target/debug/deps/virtual_read_contributions-a7140d97ccdb0197)

running 0 tests

test result: ok. 0 passed; 0 failed; 0 ignored; 0 measured; 2 filtered out; finished in 0.00s

     Running tests/virtual_transactions.rs (target/debug/deps/virtual_transactions-a7df2f86d5edd65f)

running 0 tests

test result: ok. 0 passed; 0 failed; 0 ignored; 0 measured; 3 filtered out; finished in 0.00s

