53a62e3f2be05e5ae7a961936648195bc4fe9477
ProductName:		macOS
ProductVersion:		27.0.1
BuildVersion:		26A434
hw.model: Macmini9,1
hw.memsize: 17179869184
hw.ncpu: 8
machdep.cpu.brand_string: Apple M1
rustc 1.95.0 (59807616e 2026-04-14)
binary: rustc
commit-hash: 59807616e1fa2540724bfbac14d7976d7e4a3860
commit-date: 2026-04-14
host: aarch64-apple-darwin
release: 1.95.0
LLVM version: 22.1.2
Now drawing from 'AC Power'
Graphics/Displays:

    Apple M1:

      Chipset Model: Apple M1
      Type: GPU
      Bus: Built-In
      Total Number of Cores: 8
      Vendor: Apple (0x106b)
      Metal Support: Metal 4
      Displays:
        LG HDR 4K:
          Resolution: 5120 x 2880 (5K/UHD+ - Ultra High Definition Plus)
          UI Looks like: 2560 x 1440 @ 60.00Hz
          Main Display: Yes
          Mirror: Off
          Online: Yes
          Rotation: Supported

