    Finished `release` profile [optimized] target(s) in 0.43s
     Running tests/e2e.rs (tests/performance/target/release/deps/e2e-8e7e4c6f600b6dc1)

running 3 tests
test chart_end_to_end_baseline ... {
  "schema": "gpui-rhai-chart-e2e-v2",
  "points": 100000,
  "prepare_us": 153040,
  "mount_first_frame_us": 119105,
  "resize_p50_us": 64996,
  "resize_p95_us": 66617,
  "streaming_p50_us": 78199,
  "streaming_p95_us": 79506,
  "retained_nodes": 4,
  "rhai_operations_after_stream": 0
}
ok
test document_end_to_end_baseline ... {
  "schema": "gpui-rhai-document-e2e-v2",
  "lines": 20000,
  "bytes": 1008890,
  "direct_string_rhai_prepare_us": 42504,
  "native_document_rhai_prepare_us": 2046,
  "rust_highlight_us": 272070,
  "rust_diff_us": 549292,
  "native_ui_prepare_us": 2543,
  "native_ui_mount_first_frame_us": 872595,
  "native_ui_resize_dispatch_p95_us": 3008,
  "native_ui_resize_settle_p50_us": 24781,
  "native_ui_resize_settle_p95_us": 25709,
  "diff_hunks": 21,
  "diff_rows": 20001
}
ok
test table_1000_end_to_end_baseline ... {
  "metadata": {
    "schema": "gpui-rhai-e2e-v2",
    "commit": "53a62e3f2be05e5ae7a961936648195bc4fe9477",
    "dirty": true,
    "rustc": "rustc 1.95.0 (59807616e 2026-04-14)\nbinary: rustc\ncommit-hash: 59807616e1fa2540724bfbac14d7976d7e4a3860\ncommit-date: 2026-04-14\nhost: aarch64-apple-darwin\nrelease: 1.95.0\nLLVM version: 22.1.2",
    "os": "ProductName:\t\tmacOS\nProductVersion:\t\t27.0.1\nBuildVersion:\t\t26A434",
    "hardware": "Macmini9,1",
    "profile": "release",
    "features": "isolated performance workspace: gpui-rhai charts; GPUI test-support",
    "data_backend": "native_collection",
    "label": "0.1.8-rc-53a62e3f-quiet-no-build",
    "samples": 30,
    "warmup": 5,
    "window": [
      1180.0,
      820.0
    ]
  },
  "cold": {
    "prepare_us": 13580,
    "mount_and_first_frame_us": 56520,
    "recorded_rhai_us": 17502,
    "root_rhai_us": 11712,
    "virtual_rhai_us": 5790,
    "operations": 44059,
    "root_operations": 11383,
    "virtual_operations": 32676,
    "retained_nodes": 428,
    "virtual_items": 1000,
    "virtual_realized": 26
  },
  "scenarios": [
    {
      "name": "unchanged_data_rerender",
      "samples": [
        {
          "total_us": 11261,
          "recorded_rhai_us": 657,
          "root_rhai_us": 657,
          "virtual_rhai_us": 0,
          "operations": 267,
          "root_operations": 267,
          "virtual_operations": 0,
          "timing_count": 7,
          "reused_component_subtrees": 5,
          "reused_components": 5,
          "retained_nodes": 428,
          "dirty_components": 0,
          "virtual_items": 1000,
          "virtual_realized": 26
        },
        {
          "total_us": 10719,
          "recorded_rhai_us": 620,
          "root_rhai_us": 620,
          "virtual_rhai_us": 0,
          "operations": 267,
          "root_operations": 267,
          "virtual_operations": 0,
          "timing_count": 7,
          "reused_component_subtrees": 5,
          "reused_components": 5,
          "retained_nodes": 428,
          "dirty_components": 0,
          "virtual_items": 1000,
          "virtual_realized": 26
        },
        {
          "total_us": 10742,
          "recorded_rhai_us": 603,
          "root_rhai_us": 603,
          "virtual_rhai_us": 0,
          "operations": 267,
          "root_operations": 267,
          "virtual_operations": 0,
          "timing_count": 7,
          "reused_component_subtrees": 5,
          "reused_components": 5,
          "retained_nodes": 428,
          "dirty_components": 0,
          "virtual_items": 1000,
          "virtual_realized": 26
        },
        {
          "total_us": 10879,
          "recorded_rhai_us": 644,
          "root_rhai_us": 644,
          "virtual_rhai_us": 0,
          "operations": 267,
          "root_operations": 267,
          "virtual_operations": 0,
          "timing_count": 7,
          "reused_component_subtrees": 5,
          "reused_components": 5,
          "retained_nodes": 428,
          "dirty_components": 0,
          "virtual_items": 1000,
          "virtual_realized": 26
        },
        {
          "total_us": 11257,
          "recorded_rhai_us": 621,
          "root_rhai_us": 621,
          "virtual_rhai_us": 0,
          "operations": 267,
          "root_operations": 267,
          "virtual_operations": 0,
          "timing_count": 7,
          "reused_component_subtrees": 5,
          "reused_components": 5,
          "retained_nodes": 428,
          "dirty_components": 0,
          "virtual_items": 1000,
          "virtual_realized": 26
        },
        {
          "total_us": 10679,
          "recorded_rhai_us": 615,
          "root_rhai_us": 615,
          "virtual_rhai_us": 0,
          "operations": 267,
          "root_operations": 267,
          "virtual_operations": 0,
          "timing_count": 7,
          "reused_component_subtrees": 5,
          "reused_components": 5,
          "retained_nodes": 428,
          "dirty_components": 0,
          "virtual_items": 1000,
          "virtual_realized": 26
        },
        {
          "total_us": 10651,
          "recorded_rhai_us": 601,
          "root_rhai_us": 601,
          "virtual_rhai_us": 0,
          "operations": 267,
          "root_operations": 267,
          "virtual_operations": 0,
          "timing_count": 7,
          "reused_component_subtrees": 5,
          "reused_components": 5,
          "retained_nodes": 428,
          "dirty_components": 0,
          "virtual_items": 1000,
          "virtual_realized": 26
        },
        {
          "total_us": 10850,
          "recorded_rhai_us": 611,
          "root_rhai_us": 611,
          "virtual_rhai_us": 0,
          "operations": 267,
          "root_operations": 267,
          "virtual_operations": 0,
          "timing_count": 7,
          "reused_component_subtrees": 5,
          "reused_components": 5,
          "retained_nodes": 428,
          "dirty_components": 0,
          "virtual_items": 1000,
          "virtual_realized": 26
        },
        {
          "total_us": 10636,
          "recorded_rhai_us": 598,
          "root_rhai_us": 598,
          "virtual_rhai_us": 0,
          "operations": 267,
          "root_operations": 267,
          "virtual_operations": 0,
          "timing_count": 7,
          "reused_component_subtrees": 5,
          "reused_components": 5,
          "retained_nodes": 428,
          "dirty_components": 0,
          "virtual_items": 1000,
          "virtual_realized": 26
        },
        {
          "total_us": 11390,
          "recorded_rhai_us": 603,
          "root_rhai_us": 603,
          "virtual_rhai_us": 0,
          "operations": 267,
          "root_operations": 267,
          "virtual_operations": 0,
          "timing_count": 7,
          "reused_component_subtrees": 5,
          "reused_components": 5,
          "retained_nodes": 428,
          "dirty_components": 0,
          "virtual_items": 1000,
          "virtual_realized": 26
        },
        {
          "total_us": 10748,
          "recorded_rhai_us": 633,
          "root_rhai_us": 633,
          "virtual_rhai_us": 0,
          "operations": 267,
          "root_operations": 267,
          "virtual_operations": 0,
          "timing_count": 7,
          "reused_component_subtrees": 5,
          "reused_components": 5,
          "retained_nodes": 428,
          "dirty_components": 0,
          "virtual_items": 1000,
          "virtual_realized": 26
        },
        {
          "total_us": 10673,
          "recorded_rhai_us": 608,
          "root_rhai_us": 608,
          "virtual_rhai_us": 0,
          "operations": 267,
          "root_operations": 267,
          "virtual_operations": 0,
          "timing_count": 7,
          "reused_component_subtrees": 5,
          "reused_components": 5,
          "retained_nodes": 428,
          "dirty_components": 0,
          "virtual_items": 1000,
          "virtual_realized": 26
        },
        {
          "total_us": 10647,
          "recorded_rhai_us": 595,
          "root_rhai_us": 595,
          "virtual_rhai_us": 0,
          "operations": 267,
          "root_operations": 267,
          "virtual_operations": 0,
          "timing_count": 7,
          "reused_component_subtrees": 5,
          "reused_components": 5,
          "retained_nodes": 428,
          "dirty_components": 0,
          "virtual_items": 1000,
          "virtual_realized": 26
        },
        {
          "total_us": 10747,
          "recorded_rhai_us": 599,
          "root_rhai_us": 599,
          "virtual_rhai_us": 0,
          "operations": 267,
          "root_operations": 267,
          "virtual_operations": 0,
          "timing_count": 7,
          "reused_component_subtrees": 5,
          "reused_components": 5,
          "retained_nodes": 428,
          "dirty_components": 0,
          "virtual_items": 1000,
          "virtual_realized": 26
        },
        {
          "total_us": 10531,
          "recorded_rhai_us": 592,
          "root_rhai_us": 592,
          "virtual_rhai_us": 0,
          "operations": 267,
          "root_operations": 267,
          "virtual_operations": 0,
          "timing_count": 7,
          "reused_component_subtrees": 5,
          "reused_components": 5,
          "retained_nodes": 428,
          "dirty_components": 0,
          "virtual_items": 1000,
          "virtual_realized": 26
        },
        {
          "total_us": 10549,
          "recorded_rhai_us": 600,
          "root_rhai_us": 600,
          "virtual_rhai_us": 0,
          "operations": 267,
          "root_operations": 267,
          "virtual_operations": 0,
          "timing_count": 7,
          "reused_component_subtrees": 5,
          "reused_components": 5,
          "retained_nodes": 428,
          "dirty_components": 0,
          "virtual_items": 1000,
          "virtual_realized": 26
        },
        {
          "total_us": 10646,
          "recorded_rhai_us": 601,
          "root_rhai_us": 601,
          "virtual_rhai_us": 0,
          "operations": 267,
          "root_operations": 267,
          "virtual_operations": 0,
          "timing_count": 7,
          "reused_component_subtrees": 5,
          "reused_components": 5,
          "retained_nodes": 428,
          "dirty_components": 0,
          "virtual_items": 1000,
          "virtual_realized": 26
        },
        {
          "total_us": 10510,
          "recorded_rhai_us": 590,
          "root_rhai_us": 590,
          "virtual_rhai_us": 0,
          "operations": 267,
          "root_operations": 267,
          "virtual_operations": 0,
          "timing_count": 7,
          "reused_component_subtrees": 5,
          "reused_components": 5,
          "retained_nodes": 428,
          "dirty_components": 0,
          "virtual_items": 1000,
          "virtual_realized": 26
        },
        {
          "total_us": 10656,
          "recorded_rhai_us": 602,
          "root_rhai_us": 602,
          "virtual_rhai_us": 0,
          "operations": 267,
          "root_operations": 267,
          "virtual_operations": 0,
          "timing_count": 7,
          "reused_component_subtrees": 5,
          "reused_components": 5,
          "retained_nodes": 428,
          "dirty_components": 0,
          "virtual_items": 1000,
          "virtual_realized": 26
        },
        {
          "total_us": 12318,
          "recorded_rhai_us": 791,
          "root_rhai_us": 791,
          "virtual_rhai_us": 0,
          "operations": 267,
          "root_operations": 267,
          "virtual_operations": 0,
          "timing_count": 7,
          "reused_component_subtrees": 5,
          "reused_components": 5,
          "retained_nodes": 428,
          "dirty_components": 0,
          "virtual_items": 1000,
          "virtual_realized": 26
        },
        {
          "total_us": 12558,
          "recorded_rhai_us": 662,
          "root_rhai_us": 662,
          "virtual_rhai_us": 0,
          "operations": 267,
          "root_operations": 267,
          "virtual_operations": 0,
          "timing_count": 7,
          "reused_component_subtrees": 5,
          "reused_components": 5,
          "retained_nodes": 428,
          "dirty_components": 0,
          "virtual_items": 1000,
          "virtual_realized": 26
        },
        {
          "total_us": 12182,
          "recorded_rhai_us": 697,
          "root_rhai_us": 697,
          "virtual_rhai_us": 0,
          "operations": 267,
          "root_operations": 267,
          "virtual_operations": 0,
          "timing_count": 7,
          "reused_component_subtrees": 5,
          "reused_components": 5,
          "retained_nodes": 428,
          "dirty_components": 0,
          "virtual_items": 1000,
          "virtual_realized": 26
        },
        {
          "total_us": 11559,
          "recorded_rhai_us": 653,
          "root_rhai_us": 653,
          "virtual_rhai_us": 0,
          "operations": 267,
          "root_operations": 267,
          "virtual_operations": 0,
          "timing_count": 7,
          "reused_component_subtrees": 5,
          "reused_components": 5,
          "retained_nodes": 428,
          "dirty_components": 0,
          "virtual_items": 1000,
          "virtual_realized": 26
        },
        {
          "total_us": 11264,
          "recorded_rhai_us": 639,
          "root_rhai_us": 639,
          "virtual_rhai_us": 0,
          "operations": 267,
          "root_operations": 267,
          "virtual_operations": 0,
          "timing_count": 7,
          "reused_component_subtrees": 5,
          "reused_components": 5,
          "retained_nodes": 428,
          "dirty_components": 0,
          "virtual_items": 1000,
          "virtual_realized": 26
        },
        {
          "total_us": 10843,
          "recorded_rhai_us": 629,
          "root_rhai_us": 629,
          "virtual_rhai_us": 0,
          "operations": 267,
          "root_operations": 267,
          "virtual_operations": 0,
          "timing_count": 7,
          "reused_component_subtrees": 5,
          "reused_components": 5,
          "retained_nodes": 428,
          "dirty_components": 0,
          "virtual_items": 1000,
          "virtual_realized": 26
        },
        {
          "total_us": 10795,
          "recorded_rhai_us": 612,
          "root_rhai_us": 612,
          "virtual_rhai_us": 0,
          "operations": 267,
          "root_operations": 267,
          "virtual_operations": 0,
          "timing_count": 7,
          "reused_component_subtrees": 5,
          "reused_components": 5,
          "retained_nodes": 428,
          "dirty_components": 0,
          "virtual_items": 1000,
          "virtual_realized": 26
        },
        {
          "total_us": 11093,
          "recorded_rhai_us": 612,
          "root_rhai_us": 612,
          "virtual_rhai_us": 0,
          "operations": 267,
          "root_operations": 267,
          "virtual_operations": 0,
          "timing_count": 7,
          "reused_component_subtrees": 5,
          "reused_components": 5,
          "retained_nodes": 428,
          "dirty_components": 0,
          "virtual_items": 1000,
          "virtual_realized": 26
        },
        {
          "total_us": 10816,
          "recorded_rhai_us": 616,
          "root_rhai_us": 616,
          "virtual_rhai_us": 0,
          "operations": 267,
          "root_operations": 267,
          "virtual_operations": 0,
          "timing_count": 7,
          "reused_component_subtrees": 5,
          "reused_components": 5,
          "retained_nodes": 428,
          "dirty_components": 0,
          "virtual_items": 1000,
          "virtual_realized": 26
        },
        {
          "total_us": 10887,
          "recorded_rhai_us": 603,
          "root_rhai_us": 603,
          "virtual_rhai_us": 0,
          "operations": 267,
          "root_operations": 267,
          "virtual_operations": 0,
          "timing_count": 7,
          "reused_component_subtrees": 5,
          "reused_components": 5,
          "retained_nodes": 428,
          "dirty_components": 0,
          "virtual_items": 1000,
          "virtual_realized": 26
        },
        {
          "total_us": 10905,
          "recorded_rhai_us": 602,
          "root_rhai_us": 602,
          "virtual_rhai_us": 0,
          "operations": 267,
          "root_operations": 267,
          "virtual_operations": 0,
          "timing_count": 7,
          "reused_component_subtrees": 5,
          "reused_components": 5,
          "retained_nodes": 428,
          "dirty_components": 0,
          "virtual_items": 1000,
          "virtual_realized": 26
        }
      ],
      "total_p50_us": 10795,
      "total_p95_us": 12318,
      "total_p99_us": 12558,
      "rhai_p50_us": 611,
      "rhai_p95_us": 697,
      "root_rhai_p95_us": 697,
      "virtual_rhai_p95_us": 0,
      "operations_p50": 267,
      "operations_p95": 267,
      "root_operations_p95": 267,
      "virtual_operations_p95": 0
    },
    {
      "name": "reverse_1000_rows",
      "samples": [
        {
          "total_us": 18971,
          "recorded_rhai_us": 7787,
          "root_rhai_us": 7787,
          "virtual_rhai_us": 0,
          "operations": 34360,
          "root_operations": 34360,
          "virtual_operations": 0,
          "timing_count": 6,
          "reused_component_subtrees": 4,
          "reused_components": 4,
          "retained_nodes": 444,
          "dirty_components": 0,
          "virtual_items": 1000,
          "virtual_realized": 27
        },
        {
          "total_us": 18750,
          "recorded_rhai_us": 7815,
          "root_rhai_us": 7815,
          "virtual_rhai_us": 0,
          "operations": 34358,
          "root_operations": 34358,
          "virtual_operations": 0,
          "timing_count": 6,
          "reused_component_subtrees": 4,
          "reused_components": 4,
          "retained_nodes": 444,
          "dirty_components": 0,
          "virtual_items": 1000,
          "virtual_realized": 27
        },
        {
          "total_us": 18716,
          "recorded_rhai_us": 7765,
          "root_rhai_us": 7765,
          "virtual_rhai_us": 0,
          "operations": 34360,
          "root_operations": 34360,
          "virtual_operations": 0,
          "timing_count": 6,
          "reused_component_subtrees": 4,
          "reused_components": 4,
          "retained_nodes": 444,
          "dirty_components": 0,
          "virtual_items": 1000,
          "virtual_realized": 27
        },
        {
          "total_us": 18608,
          "recorded_rhai_us": 7695,
          "root_rhai_us": 7695,
          "virtual_rhai_us": 0,
          "operations": 34358,
          "root_operations": 34358,
          "virtual_operations": 0,
          "timing_count": 6,
          "reused_component_subtrees": 4,
          "reused_components": 4,
          "retained_nodes": 444,
          "dirty_components": 0,
          "virtual_items": 1000,
          "virtual_realized": 27
        },
        {
          "total_us": 18609,
          "recorded_rhai_us": 7746,
          "root_rhai_us": 7746,
          "virtual_rhai_us": 0,
          "operations": 34360,
          "root_operations": 34360,
          "virtual_operations": 0,
          "timing_count": 6,
          "reused_component_subtrees": 4,
          "reused_components": 4,
          "retained_nodes": 444,
          "dirty_components": 0,
          "virtual_items": 1000,
          "virtual_realized": 27
        },
        {
          "total_us": 18768,
          "recorded_rhai_us": 7723,
          "root_rhai_us": 7723,
          "virtual_rhai_us": 0,
          "operations": 34358,
          "root_operations": 34358,
          "virtual_operations": 0,
          "timing_count": 6,
          "reused_component_subtrees": 4,
          "reused_components": 4,
          "retained_nodes": 444,
          "dirty_components": 0,
          "virtual_items": 1000,
          "virtual_realized": 27
        },
        {
          "total_us": 18706,
          "recorded_rhai_us": 7767,
          "root_rhai_us": 7767,
          "virtual_rhai_us": 0,
          "operations": 34360,
          "root_operations": 34360,
          "virtual_operations": 0,
          "timing_count": 6,
          "reused_component_subtrees": 4,
          "reused_components": 4,
          "retained_nodes": 444,
          "dirty_components": 0,
          "virtual_items": 1000,
          "virtual_realized": 27
        },
        {
          "total_us": 18653,
          "recorded_rhai_us": 7732,
          "root_rhai_us": 7732,
          "virtual_rhai_us": 0,
          "operations": 34358,
          "root_operations": 34358,
          "virtual_operations": 0,
          "timing_count": 6,
          "reused_component_subtrees": 4,
          "reused_components": 4,
          "retained_nodes": 444,
          "dirty_components": 0,
          "virtual_items": 1000,
          "virtual_realized": 27
        },
        {
          "total_us": 18597,
          "recorded_rhai_us": 7738,
          "root_rhai_us": 7738,
          "virtual_rhai_us": 0,
          "operations": 34360,
          "root_operations": 34360,
          "virtual_operations": 0,
          "timing_count": 6,
          "reused_component_subtrees": 4,
          "reused_components": 4,
          "retained_nodes": 444,
          "dirty_components": 0,
          "virtual_items": 1000,
          "virtual_realized": 27
        },
        {
          "total_us": 18629,
          "recorded_rhai_us": 7725,
          "root_rhai_us": 7725,
          "virtual_rhai_us": 0,
          "operations": 34358,
          "root_operations": 34358,
          "virtual_operations": 0,
          "timing_count": 6,
          "reused_component_subtrees": 4,
          "reused_components": 4,
          "retained_nodes": 444,
          "dirty_components": 0,
          "virtual_items": 1000,
          "virtual_realized": 27
        },
        {
          "total_us": 18643,
          "recorded_rhai_us": 7720,
          "root_rhai_us": 7720,
          "virtual_rhai_us": 0,
          "operations": 34360,
          "root_operations": 34360,
          "virtual_operations": 0,
          "timing_count": 6,
          "reused_component_subtrees": 4,
          "reused_components": 4,
          "retained_nodes": 444,
          "dirty_components": 0,
          "virtual_items": 1000,
          "virtual_realized": 27
        },
        {
          "total_us": 18706,
          "recorded_rhai_us": 7709,
          "root_rhai_us": 7709,
          "virtual_rhai_us": 0,
          "operations": 34358,
          "root_operations": 34358,
          "virtual_operations": 0,
          "timing_count": 6,
          "reused_component_subtrees": 4,
          "reused_components": 4,
          "retained_nodes": 444,
          "dirty_components": 0,
          "virtual_items": 1000,
          "virtual_realized": 27
        },
        {
          "total_us": 18587,
          "recorded_rhai_us": 7744,
          "root_rhai_us": 7744,
          "virtual_rhai_us": 0,
          "operations": 34360,
          "root_operations": 34360,
          "virtual_operations": 0,
          "timing_count": 6,
          "reused_component_subtrees": 4,
          "reused_components": 4,
          "retained_nodes": 444,
          "dirty_components": 0,
          "virtual_items": 1000,
          "virtual_realized": 27
        },
        {
          "total_us": 18494,
          "recorded_rhai_us": 7734,
          "root_rhai_us": 7734,
          "virtual_rhai_us": 0,
          "operations": 34358,
          "root_operations": 34358,
          "virtual_operations": 0,
          "timing_count": 6,
          "reused_component_subtrees": 4,
          "reused_components": 4,
          "retained_nodes": 444,
          "dirty_components": 0,
          "virtual_items": 1000,
          "virtual_realized": 27
        },
        {
          "total_us": 18707,
          "recorded_rhai_us": 7735,
          "root_rhai_us": 7735,
          "virtual_rhai_us": 0,
          "operations": 34360,
          "root_operations": 34360,
          "virtual_operations": 0,
          "timing_count": 6,
          "reused_component_subtrees": 4,
          "reused_components": 4,
          "retained_nodes": 444,
          "dirty_components": 0,
          "virtual_items": 1000,
          "virtual_realized": 27
        },
        {
          "total_us": 18584,
          "recorded_rhai_us": 7735,
          "root_rhai_us": 7735,
          "virtual_rhai_us": 0,
          "operations": 34358,
          "root_operations": 34358,
          "virtual_operations": 0,
          "timing_count": 6,
          "reused_component_subtrees": 4,
          "reused_components": 4,
          "retained_nodes": 444,
          "dirty_components": 0,
          "virtual_items": 1000,
          "virtual_realized": 27
        },
        {
          "total_us": 19338,
          "recorded_rhai_us": 7742,
          "root_rhai_us": 7742,
          "virtual_rhai_us": 0,
          "operations": 34360,
          "root_operations": 34360,
          "virtual_operations": 0,
          "timing_count": 6,
          "reused_component_subtrees": 4,
          "reused_components": 4,
          "retained_nodes": 444,
          "dirty_components": 0,
          "virtual_items": 1000,
          "virtual_realized": 27
        },
        {
          "total_us": 19226,
          "recorded_rhai_us": 7744,
          "root_rhai_us": 7744,
          "virtual_rhai_us": 0,
          "operations": 34358,
          "root_operations": 34358,
          "virtual_operations": 0,
          "timing_count": 6,
          "reused_component_subtrees": 4,
          "reused_components": 4,
          "retained_nodes": 444,
          "dirty_components": 0,
          "virtual_items": 1000,
          "virtual_realized": 27
        },
        {
          "total_us": 19415,
          "recorded_rhai_us": 7913,
          "root_rhai_us": 7913,
          "virtual_rhai_us": 0,
          "operations": 34360,
          "root_operations": 34360,
          "virtual_operations": 0,
          "timing_count": 6,
          "reused_component_subtrees": 4,
          "reused_components": 4,
          "retained_nodes": 444,
          "dirty_components": 0,
          "virtual_items": 1000,
          "virtual_realized": 27
        },
        {
          "total_us": 19040,
          "recorded_rhai_us": 7837,
          "root_rhai_us": 7837,
          "virtual_rhai_us": 0,
          "operations": 34358,
          "root_operations": 34358,
          "virtual_operations": 0,
          "timing_count": 6,
          "reused_component_subtrees": 4,
          "reused_components": 4,
          "retained_nodes": 444,
          "dirty_components": 0,
          "virtual_items": 1000,
          "virtual_realized": 27
        },
        {
          "total_us": 18845,
          "recorded_rhai_us": 7822,
          "root_rhai_us": 7822,
          "virtual_rhai_us": 0,
          "operations": 34360,
          "root_operations": 34360,
          "virtual_operations": 0,
          "timing_count": 6,
          "reused_component_subtrees": 4,
          "reused_components": 4,
          "retained_nodes": 444,
          "dirty_components": 0,
          "virtual_items": 1000,
          "virtual_realized": 27
        },
        {
          "total_us": 18706,
          "recorded_rhai_us": 7810,
          "root_rhai_us": 7810,
          "virtual_rhai_us": 0,
          "operations": 34358,
          "root_operations": 34358,
          "virtual_operations": 0,
          "timing_count": 6,
          "reused_component_subtrees": 4,
          "reused_components": 4,
          "retained_nodes": 444,
          "dirty_components": 0,
          "virtual_items": 1000,
          "virtual_realized": 27
        },
        {
          "total_us": 18786,
          "recorded_rhai_us": 7834,
          "root_rhai_us": 7834,
          "virtual_rhai_us": 0,
          "operations": 34360,
          "root_operations": 34360,
          "virtual_operations": 0,
          "timing_count": 6,
          "reused_component_subtrees": 4,
          "reused_components": 4,
          "retained_nodes": 444,
          "dirty_components": 0,
          "virtual_items": 1000,
          "virtual_realized": 27
        },
        {
          "total_us": 18799,
          "recorded_rhai_us": 7798,
          "root_rhai_us": 7798,
          "virtual_rhai_us": 0,
          "operations": 34358,
          "root_operations": 34358,
          "virtual_operations": 0,
          "timing_count": 6,
          "reused_component_subtrees": 4,
          "reused_components": 4,
          "retained_nodes": 444,
          "dirty_components": 0,
          "virtual_items": 1000,
          "virtual_realized": 27
        },
        {
          "total_us": 18842,
          "recorded_rhai_us": 7795,
          "root_rhai_us": 7795,
          "virtual_rhai_us": 0,
          "operations": 34360,
          "root_operations": 34360,
          "virtual_operations": 0,
          "timing_count": 6,
          "reused_component_subtrees": 4,
          "reused_components": 4,
          "retained_nodes": 444,
          "dirty_components": 0,
          "virtual_items": 1000,
          "virtual_realized": 27
        },
        {
          "total_us": 18676,
          "recorded_rhai_us": 7765,
          "root_rhai_us": 7765,
          "virtual_rhai_us": 0,
          "operations": 34358,
          "root_operations": 34358,
          "virtual_operations": 0,
          "timing_count": 6,
          "reused_component_subtrees": 4,
          "reused_components": 4,
          "retained_nodes": 444,
          "dirty_components": 0,
          "virtual_items": 1000,
          "virtual_realized": 27
        },
        {
          "total_us": 18799,
          "recorded_rhai_us": 7795,
          "root_rhai_us": 7795,
          "virtual_rhai_us": 0,
          "operations": 34360,
          "root_operations": 34360,
          "virtual_operations": 0,
          "timing_count": 6,
          "reused_component_subtrees": 4,
          "reused_components": 4,
          "retained_nodes": 444,
          "dirty_components": 0,
          "virtual_items": 1000,
          "virtual_realized": 27
        },
        {
          "total_us": 18942,
          "recorded_rhai_us": 7881,
          "root_rhai_us": 7881,
          "virtual_rhai_us": 0,
          "operations": 34358,
          "root_operations": 34358,
          "virtual_operations": 0,
          "timing_count": 6,
          "reused_component_subtrees": 4,
          "reused_components": 4,
          "retained_nodes": 444,
          "dirty_components": 0,
          "virtual_items": 1000,
          "virtual_realized": 27
        },
        {
          "total_us": 18887,
          "recorded_rhai_us": 7816,
          "root_rhai_us": 7816,
          "virtual_rhai_us": 0,
          "operations": 34360,
          "root_operations": 34360,
          "virtual_operations": 0,
          "timing_count": 6,
          "reused_component_subtrees": 4,
          "reused_components": 4,
          "retained_nodes": 444,
          "dirty_components": 0,
          "virtual_items": 1000,
          "virtual_realized": 27
        },
        {
          "total_us": 18826,
          "recorded_rhai_us": 7903,
          "root_rhai_us": 7903,
          "virtual_rhai_us": 0,
          "operations": 34358,
          "root_operations": 34358,
          "virtual_operations": 0,
          "timing_count": 6,
          "reused_component_subtrees": 4,
          "reused_components": 4,
          "retained_nodes": 444,
          "dirty_components": 0,
          "virtual_items": 1000,
          "virtual_realized": 27
        }
      ],
      "total_p50_us": 18716,
      "total_p95_us": 19338,
      "total_p99_us": 19415,
      "rhai_p50_us": 7765,
      "rhai_p95_us": 7903,
      "root_rhai_p95_us": 7903,
      "virtual_rhai_p95_us": 0,
      "operations_p50": 34358,
      "operations_p95": 34360,
      "root_operations_p95": 34360,
      "virtual_operations_p95": 0
    },
    {
      "name": "select_row_500",
      "samples": [
        {
          "total_us": 26657,
          "recorded_rhai_us": 7733,
          "root_rhai_us": 7733,
          "virtual_rhai_us": 0,
          "operations": 34336,
          "root_operations": 34336,
          "virtual_operations": 0,
          "timing_count": 6,
          "reused_component_subtrees": 4,
          "reused_components": 4,
          "retained_nodes": 429,
          "dirty_components": 0,
          "virtual_items": 1000,
          "virtual_realized": 26
        },
        {
          "total_us": 25106,
          "recorded_rhai_us": 7887,
          "root_rhai_us": 7887,
          "virtual_rhai_us": 0,
          "operations": 34336,
          "root_operations": 34336,
          "virtual_operations": 0,
          "timing_count": 6,
          "reused_component_subtrees": 4,
          "reused_components": 4,
          "retained_nodes": 429,
          "dirty_components": 0,
          "virtual_items": 1000,
          "virtual_realized": 26
        },
        {
          "total_us": 25194,
          "recorded_rhai_us": 7853,
          "root_rhai_us": 7853,
          "virtual_rhai_us": 0,
          "operations": 34336,
          "root_operations": 34336,
          "virtual_operations": 0,
          "timing_count": 6,
          "reused_component_subtrees": 4,
          "reused_components": 4,
          "retained_nodes": 429,
          "dirty_components": 0,
          "virtual_items": 1000,
          "virtual_realized": 26
        },
        {
          "total_us": 24666,
          "recorded_rhai_us": 7743,
          "root_rhai_us": 7743,
          "virtual_rhai_us": 0,
          "operations": 34336,
          "root_operations": 34336,
          "virtual_operations": 0,
          "timing_count": 6,
          "reused_component_subtrees": 4,
          "reused_components": 4,
          "retained_nodes": 429,
          "dirty_components": 0,
          "virtual_items": 1000,
          "virtual_realized": 26
        },
        {
          "total_us": 24676,
          "recorded_rhai_us": 7738,
          "root_rhai_us": 7738,
          "virtual_rhai_us": 0,
          "operations": 34336,
          "root_operations": 34336,
          "virtual_operations": 0,
          "timing_count": 6,
          "reused_component_subtrees": 4,
          "reused_components": 4,
          "retained_nodes": 429,
          "dirty_components": 0,
          "virtual_items": 1000,
          "virtual_realized": 26
        },
        {
          "total_us": 24793,
          "recorded_rhai_us": 7727,
          "root_rhai_us": 7727,
          "virtual_rhai_us": 0,
          "operations": 34336,
          "root_operations": 34336,
          "virtual_operations": 0,
          "timing_count": 6,
          "reused_component_subtrees": 4,
          "reused_components": 4,
          "retained_nodes": 429,
          "dirty_components": 0,
          "virtual_items": 1000,
          "virtual_realized": 26
        },
        {
          "total_us": 25458,
          "recorded_rhai_us": 7749,
          "root_rhai_us": 7749,
          "virtual_rhai_us": 0,
          "operations": 34336,
          "root_operations": 34336,
          "virtual_operations": 0,
          "timing_count": 6,
          "reused_component_subtrees": 4,
          "reused_components": 4,
          "retained_nodes": 429,
          "dirty_components": 0,
          "virtual_items": 1000,
          "virtual_realized": 26
        },
        {
          "total_us": 25492,
          "recorded_rhai_us": 7905,
          "root_rhai_us": 7905,
          "virtual_rhai_us": 0,
          "operations": 34336,
          "root_operations": 34336,
          "virtual_operations": 0,
          "timing_count": 6,
          "reused_component_subtrees": 4,
          "reused_components": 4,
          "retained_nodes": 429,
          "dirty_components": 0,
          "virtual_items": 1000,
          "virtual_realized": 26
        },
        {
          "total_us": 25244,
          "recorded_rhai_us": 7914,
          "root_rhai_us": 7914,
          "virtual_rhai_us": 0,
          "operations": 34336,
          "root_operations": 34336,
          "virtual_operations": 0,
          "timing_count": 6,
          "reused_component_subtrees": 4,
          "reused_components": 4,
          "retained_nodes": 429,
          "dirty_components": 0,
          "virtual_items": 1000,
          "virtual_realized": 26
        },
        {
          "total_us": 24731,
          "recorded_rhai_us": 7802,
          "root_rhai_us": 7802,
          "virtual_rhai_us": 0,
          "operations": 34336,
          "root_operations": 34336,
          "virtual_operations": 0,
          "timing_count": 6,
          "reused_component_subtrees": 4,
          "reused_components": 4,
          "retained_nodes": 429,
          "dirty_components": 0,
          "virtual_items": 1000,
          "virtual_realized": 26
        },
        {
          "total_us": 25228,
          "recorded_rhai_us": 7917,
          "root_rhai_us": 7917,
          "virtual_rhai_us": 0,
          "operations": 34336,
          "root_operations": 34336,
          "virtual_operations": 0,
          "timing_count": 6,
          "reused_component_subtrees": 4,
          "reused_components": 4,
          "retained_nodes": 429,
          "dirty_components": 0,
          "virtual_items": 1000,
          "virtual_realized": 26
        },
        {
          "total_us": 24947,
          "recorded_rhai_us": 7929,
          "root_rhai_us": 7929,
          "virtual_rhai_us": 0,
          "operations": 34336,
          "root_operations": 34336,
          "virtual_operations": 0,
          "timing_count": 6,
          "reused_component_subtrees": 4,
          "reused_components": 4,
          "retained_nodes": 429,
          "dirty_components": 0,
          "virtual_items": 1000,
          "virtual_realized": 26
        },
        {
          "total_us": 25201,
          "recorded_rhai_us": 7929,
          "root_rhai_us": 7929,
          "virtual_rhai_us": 0,
          "operations": 34336,
          "root_operations": 34336,
          "virtual_operations": 0,
          "timing_count": 6,
          "reused_component_subtrees": 4,
          "reused_components": 4,
          "retained_nodes": 429,
          "dirty_components": 0,
          "virtual_items": 1000,
          "virtual_realized": 26
        },
        {
          "total_us": 25331,
          "recorded_rhai_us": 7916,
          "root_rhai_us": 7916,
          "virtual_rhai_us": 0,
          "operations": 34336,
          "root_operations": 34336,
          "virtual_operations": 0,
          "timing_count": 6,
          "reused_component_subtrees": 4,
          "reused_components": 4,
          "retained_nodes": 429,
          "dirty_components": 0,
          "virtual_items": 1000,
          "virtual_realized": 26
        },
        {
          "total_us": 24944,
          "recorded_rhai_us": 7913,
          "root_rhai_us": 7913,
          "virtual_rhai_us": 0,
          "operations": 34336,
          "root_operations": 34336,
          "virtual_operations": 0,
          "timing_count": 6,
          "reused_component_subtrees": 4,
          "reused_components": 4,
          "retained_nodes": 429,
          "dirty_components": 0,
          "virtual_items": 1000,
          "virtual_realized": 26
        },
        {
          "total_us": 25078,
          "recorded_rhai_us": 7904,
          "root_rhai_us": 7904,
          "virtual_rhai_us": 0,
          "operations": 34336,
          "root_operations": 34336,
          "virtual_operations": 0,
          "timing_count": 6,
          "reused_component_subtrees": 4,
          "reused_components": 4,
          "retained_nodes": 429,
          "dirty_components": 0,
          "virtual_items": 1000,
          "virtual_realized": 26
        },
        {
          "total_us": 24922,
          "recorded_rhai_us": 7775,
          "root_rhai_us": 7775,
          "virtual_rhai_us": 0,
          "operations": 34336,
          "root_operations": 34336,
          "virtual_operations": 0,
          "timing_count": 6,
          "reused_component_subtrees": 4,
          "reused_components": 4,
          "retained_nodes": 429,
          "dirty_components": 0,
          "virtual_items": 1000,
          "virtual_realized": 26
        },
        {
          "total_us": 24718,
          "recorded_rhai_us": 7770,
          "root_rhai_us": 7770,
          "virtual_rhai_us": 0,
          "operations": 34336,
          "root_operations": 34336,
          "virtual_operations": 0,
          "timing_count": 6,
          "reused_component_subtrees": 4,
          "reused_components": 4,
          "retained_nodes": 429,
          "dirty_components": 0,
          "virtual_items": 1000,
          "virtual_realized": 26
        },
        {
          "total_us": 24803,
          "recorded_rhai_us": 7777,
          "root_rhai_us": 7777,
          "virtual_rhai_us": 0,
          "operations": 34336,
          "root_operations": 34336,
          "virtual_operations": 0,
          "timing_count": 6,
          "reused_component_subtrees": 4,
          "reused_components": 4,
          "retained_nodes": 429,
          "dirty_components": 0,
          "virtual_items": 1000,
          "virtual_realized": 26
        },
        {
          "total_us": 24632,
          "recorded_rhai_us": 7748,
          "root_rhai_us": 7748,
          "virtual_rhai_us": 0,
          "operations": 34336,
          "root_operations": 34336,
          "virtual_operations": 0,
          "timing_count": 6,
          "reused_component_subtrees": 4,
          "reused_components": 4,
          "retained_nodes": 429,
          "dirty_components": 0,
          "virtual_items": 1000,
          "virtual_realized": 26
        },
        {
          "total_us": 24757,
          "recorded_rhai_us": 7752,
          "root_rhai_us": 7752,
          "virtual_rhai_us": 0,
          "operations": 34336,
          "root_operations": 34336,
          "virtual_operations": 0,
          "timing_count": 6,
          "reused_component_subtrees": 4,
          "reused_components": 4,
          "retained_nodes": 429,
          "dirty_components": 0,
          "virtual_items": 1000,
          "virtual_realized": 26
        },
        {
          "total_us": 24609,
          "recorded_rhai_us": 7750,
          "root_rhai_us": 7750,
          "virtual_rhai_us": 0,
          "operations": 34336,
          "root_operations": 34336,
          "virtual_operations": 0,
          "timing_count": 6,
          "reused_component_subtrees": 4,
          "reused_components": 4,
          "retained_nodes": 429,
          "dirty_components": 0,
          "virtual_items": 1000,
          "virtual_realized": 26
        },
        {
          "total_us": 26125,
          "recorded_rhai_us": 8019,
          "root_rhai_us": 8019,
          "virtual_rhai_us": 0,
          "operations": 34336,
          "root_operations": 34336,
          "virtual_operations": 0,
          "timing_count": 6,
          "reused_component_subtrees": 4,
          "reused_components": 4,
          "retained_nodes": 429,
          "dirty_components": 0,
          "virtual_items": 1000,
          "virtual_realized": 26
        },
        {
          "total_us": 25788,
          "recorded_rhai_us": 8023,
          "root_rhai_us": 8023,
          "virtual_rhai_us": 0,
          "operations": 34336,
          "root_operations": 34336,
          "virtual_operations": 0,
          "timing_count": 6,
          "reused_component_subtrees": 4,
          "reused_components": 4,
          "retained_nodes": 429,
          "dirty_components": 0,
          "virtual_items": 1000,
          "virtual_realized": 26
        },
        {
          "total_us": 25197,
          "recorded_rhai_us": 7885,
          "root_rhai_us": 7885,
          "virtual_rhai_us": 0,
          "operations": 34336,
          "root_operations": 34336,
          "virtual_operations": 0,
          "timing_count": 6,
          "reused_component_subtrees": 4,
          "reused_components": 4,
          "retained_nodes": 429,
          "dirty_components": 0,
          "virtual_items": 1000,
          "virtual_realized": 26
        },
        {
          "total_us": 26591,
          "recorded_rhai_us": 7893,
          "root_rhai_us": 7893,
          "virtual_rhai_us": 0,
          "operations": 34336,
          "root_operations": 34336,
          "virtual_operations": 0,
          "timing_count": 6,
          "reused_component_subtrees": 4,
          "reused_components": 4,
          "retained_nodes": 429,
          "dirty_components": 0,
          "virtual_items": 1000,
          "virtual_realized": 26
        },
        {
          "total_us": 26785,
          "recorded_rhai_us": 8011,
          "root_rhai_us": 8011,
          "virtual_rhai_us": 0,
          "operations": 34336,
          "root_operations": 34336,
          "virtual_operations": 0,
          "timing_count": 6,
          "reused_component_subtrees": 4,
          "reused_components": 4,
          "retained_nodes": 429,
          "dirty_components": 0,
          "virtual_items": 1000,
          "virtual_realized": 26
        },
        {
          "total_us": 26398,
          "recorded_rhai_us": 7912,
          "root_rhai_us": 7912,
          "virtual_rhai_us": 0,
          "operations": 34336,
          "root_operations": 34336,
          "virtual_operations": 0,
          "timing_count": 6,
          "reused_component_subtrees": 4,
          "reused_components": 4,
          "retained_nodes": 429,
          "dirty_components": 0,
          "virtual_items": 1000,
          "virtual_realized": 26
        },
        {
          "total_us": 26153,
          "recorded_rhai_us": 8078,
          "root_rhai_us": 8078,
          "virtual_rhai_us": 0,
          "operations": 34336,
          "root_operations": 34336,
          "virtual_operations": 0,
          "timing_count": 6,
          "reused_component_subtrees": 4,
          "reused_components": 4,
          "retained_nodes": 429,
          "dirty_components": 0,
          "virtual_items": 1000,
          "virtual_realized": 26
        },
        {
          "total_us": 26491,
          "recorded_rhai_us": 8029,
          "root_rhai_us": 8029,
          "virtual_rhai_us": 0,
          "operations": 34336,
          "root_operations": 34336,
          "virtual_operations": 0,
          "timing_count": 6,
          "reused_component_subtrees": 4,
          "reused_components": 4,
          "retained_nodes": 429,
          "dirty_components": 0,
          "virtual_items": 1000,
          "virtual_realized": 26
        }
      ],
      "total_p50_us": 25194,
      "total_p95_us": 26657,
      "total_p99_us": 26785,
      "rhai_p50_us": 7887,
      "rhai_p95_us": 8029,
      "root_rhai_p95_us": 8029,
      "virtual_rhai_p95_us": 0,
      "operations_p50": 34336,
      "operations_p95": 34336,
      "root_operations_p95": 34336,
      "virtual_operations_p95": 0
    },
    {
      "name": "window_resize_native",
      "samples": [
        {
          "total_us": 18478,
          "recorded_rhai_us": 1491,
          "root_rhai_us": 0,
          "virtual_rhai_us": 1491,
          "operations": 8169,
          "root_operations": 0,
          "virtual_operations": 8169,
          "timing_count": 7,
          "reused_component_subtrees": 0,
          "reused_components": 0,
          "retained_nodes": 429,
          "dirty_components": 0,
          "virtual_items": 1000,
          "virtual_realized": 26
        },
        {
          "total_us": 20800,
          "recorded_rhai_us": 0,
          "root_rhai_us": 0,
          "virtual_rhai_us": 0,
          "operations": 0,
          "root_operations": 0,
          "virtual_operations": 0,
          "timing_count": 0,
          "reused_component_subtrees": 0,
          "reused_components": 0,
          "retained_nodes": 324,
          "dirty_components": 0,
          "virtual_items": 1000,
          "virtual_realized": 19
        },
        {
          "total_us": 18820,
          "recorded_rhai_us": 1475,
          "root_rhai_us": 0,
          "virtual_rhai_us": 1475,
          "operations": 8169,
          "root_operations": 0,
          "virtual_operations": 8169,
          "timing_count": 7,
          "reused_component_subtrees": 0,
          "reused_components": 0,
          "retained_nodes": 429,
          "dirty_components": 0,
          "virtual_items": 1000,
          "virtual_realized": 26
        },
        {
          "total_us": 21760,
          "recorded_rhai_us": 0,
          "root_rhai_us": 0,
          "virtual_rhai_us": 0,
          "operations": 0,
          "root_operations": 0,
          "virtual_operations": 0,
          "timing_count": 0,
          "reused_component_subtrees": 0,
          "reused_components": 0,
          "retained_nodes": 324,
          "dirty_components": 0,
          "virtual_items": 1000,
          "virtual_realized": 19
        },
        {
          "total_us": 18661,
          "recorded_rhai_us": 1503,
          "root_rhai_us": 0,
          "virtual_rhai_us": 1503,
          "operations": 8169,
          "root_operations": 0,
          "virtual_operations": 8169,
          "timing_count": 7,
          "reused_component_subtrees": 0,
          "reused_components": 0,
          "retained_nodes": 429,
          "dirty_components": 0,
          "virtual_items": 1000,
          "virtual_realized": 26
        },
        {
          "total_us": 20524,
          "recorded_rhai_us": 0,
          "root_rhai_us": 0,
          "virtual_rhai_us": 0,
          "operations": 0,
          "root_operations": 0,
          "virtual_operations": 0,
          "timing_count": 0,
          "reused_component_subtrees": 0,
          "reused_components": 0,
          "retained_nodes": 324,
          "dirty_components": 0,
          "virtual_items": 1000,
          "virtual_realized": 19
        },
        {
          "total_us": 18483,
          "recorded_rhai_us": 1569,
          "root_rhai_us": 0,
          "virtual_rhai_us": 1569,
          "operations": 8169,
          "root_operations": 0,
          "virtual_operations": 8169,
          "timing_count": 7,
          "reused_component_subtrees": 0,
          "reused_components": 0,
          "retained_nodes": 429,
          "dirty_components": 0,
          "virtual_items": 1000,
          "virtual_realized": 26
        },
        {
          "total_us": 21136,
          "recorded_rhai_us": 0,
          "root_rhai_us": 0,
          "virtual_rhai_us": 0,
          "operations": 0,
          "root_operations": 0,
          "virtual_operations": 0,
          "timing_count": 0,
          "reused_component_subtrees": 0,
          "reused_components": 0,
          "retained_nodes": 324,
          "dirty_components": 0,
          "virtual_items": 1000,
          "virtual_realized": 19
        },
        {
          "total_us": 19060,
          "recorded_rhai_us": 1468,
          "root_rhai_us": 0,
          "virtual_rhai_us": 1468,
          "operations": 8169,
          "root_operations": 0,
          "virtual_operations": 8169,
          "timing_count": 7,
          "reused_component_subtrees": 0,
          "reused_components": 0,
          "retained_nodes": 429,
          "dirty_components": 0,
          "virtual_items": 1000,
          "virtual_realized": 26
        },
        {
          "total_us": 21884,
          "recorded_rhai_us": 0,
          "root_rhai_us": 0,
          "virtual_rhai_us": 0,
          "operations": 0,
          "root_operations": 0,
          "virtual_operations": 0,
          "timing_count": 0,
          "reused_component_subtrees": 0,
          "reused_components": 0,
          "retained_nodes": 324,
          "dirty_components": 0,
          "virtual_items": 1000,
          "virtual_realized": 19
        },
        {
          "total_us": 19801,
          "recorded_rhai_us": 1502,
          "root_rhai_us": 0,
          "virtual_rhai_us": 1502,
          "operations": 8169,
          "root_operations": 0,
          "virtual_operations": 8169,
          "timing_count": 7,
          "reused_component_subtrees": 0,
          "reused_components": 0,
          "retained_nodes": 429,
          "dirty_components": 0,
          "virtual_items": 1000,
          "virtual_realized": 26
        },
        {
          "total_us": 21111,
          "recorded_rhai_us": 0,
          "root_rhai_us": 0,
          "virtual_rhai_us": 0,
          "operations": 0,
          "root_operations": 0,
          "virtual_operations": 0,
          "timing_count": 0,
          "reused_component_subtrees": 0,
          "reused_components": 0,
          "retained_nodes": 324,
          "dirty_components": 0,
          "virtual_items": 1000,
          "virtual_realized": 19
        },
        {
          "total_us": 18980,
          "recorded_rhai_us": 1463,
          "root_rhai_us": 0,
          "virtual_rhai_us": 1463,
          "operations": 8169,
          "root_operations": 0,
          "virtual_operations": 8169,
          "timing_count": 7,
          "reused_component_subtrees": 0,
          "reused_components": 0,
          "retained_nodes": 429,
          "dirty_components": 0,
          "virtual_items": 1000,
          "virtual_realized": 26
        },
        {
          "total_us": 21161,
          "recorded_rhai_us": 0,
          "root_rhai_us": 0,
          "virtual_rhai_us": 0,
          "operations": 0,
          "root_operations": 0,
          "virtual_operations": 0,
          "timing_count": 0,
          "reused_component_subtrees": 0,
          "reused_components": 0,
          "retained_nodes": 324,
          "dirty_components": 0,
          "virtual_items": 1000,
          "virtual_realized": 19
        },
        {
          "total_us": 18837,
          "recorded_rhai_us": 1486,
          "root_rhai_us": 0,
          "virtual_rhai_us": 1486,
          "operations": 8169,
          "root_operations": 0,
          "virtual_operations": 8169,
          "timing_count": 7,
          "reused_component_subtrees": 0,
          "reused_components": 0,
          "retained_nodes": 429,
          "dirty_components": 0,
          "virtual_items": 1000,
          "virtual_realized": 26
        },
        {
          "total_us": 21004,
          "recorded_rhai_us": 0,
          "root_rhai_us": 0,
          "virtual_rhai_us": 0,
          "operations": 0,
          "root_operations": 0,
          "virtual_operations": 0,
          "timing_count": 0,
          "reused_component_subtrees": 0,
          "reused_components": 0,
          "retained_nodes": 324,
          "dirty_components": 0,
          "virtual_items": 1000,
          "virtual_realized": 19
        },
        {
          "total_us": 18729,
          "recorded_rhai_us": 1483,
          "root_rhai_us": 0,
          "virtual_rhai_us": 1483,
          "operations": 8169,
          "root_operations": 0,
          "virtual_operations": 8169,
          "timing_count": 7,
          "reused_component_subtrees": 0,
          "reused_components": 0,
          "retained_nodes": 429,
          "dirty_components": 0,
          "virtual_items": 1000,
          "virtual_realized": 26
        },
        {
          "total_us": 20686,
          "recorded_rhai_us": 0,
          "root_rhai_us": 0,
          "virtual_rhai_us": 0,
          "operations": 0,
          "root_operations": 0,
          "virtual_operations": 0,
          "timing_count": 0,
          "reused_component_subtrees": 0,
          "reused_components": 0,
          "retained_nodes": 324,
          "dirty_components": 0,
          "virtual_items": 1000,
          "virtual_realized": 19
        },
        {
          "total_us": 18924,
          "recorded_rhai_us": 1448,
          "root_rhai_us": 0,
          "virtual_rhai_us": 1448,
          "operations": 8169,
          "root_operations": 0,
          "virtual_operations": 8169,
          "timing_count": 7,
          "reused_component_subtrees": 0,
          "reused_components": 0,
          "retained_nodes": 429,
          "dirty_components": 0,
          "virtual_items": 1000,
          "virtual_realized": 26
        },
        {
          "total_us": 21335,
          "recorded_rhai_us": 0,
          "root_rhai_us": 0,
          "virtual_rhai_us": 0,
          "operations": 0,
          "root_operations": 0,
          "virtual_operations": 0,
          "timing_count": 0,
          "reused_component_subtrees": 0,
          "reused_components": 0,
          "retained_nodes": 324,
          "dirty_components": 0,
          "virtual_items": 1000,
          "virtual_realized": 19
        },
        {
          "total_us": 18781,
          "recorded_rhai_us": 1468,
          "root_rhai_us": 0,
          "virtual_rhai_us": 1468,
          "operations": 8169,
          "root_operations": 0,
          "virtual_operations": 8169,
          "timing_count": 7,
          "reused_component_subtrees": 0,
          "reused_components": 0,
          "retained_nodes": 429,
          "dirty_components": 0,
          "virtual_items": 1000,
          "virtual_realized": 26
        },
        {
          "total_us": 20562,
          "recorded_rhai_us": 0,
          "root_rhai_us": 0,
          "virtual_rhai_us": 0,
          "operations": 0,
          "root_operations": 0,
          "virtual_operations": 0,
          "timing_count": 0,
          "reused_component_subtrees": 0,
          "reused_components": 0,
          "retained_nodes": 324,
          "dirty_components": 0,
          "virtual_items": 1000,
          "virtual_realized": 19
        },
        {
          "total_us": 18596,
          "recorded_rhai_us": 1501,
          "root_rhai_us": 0,
          "virtual_rhai_us": 1501,
          "operations": 8169,
          "root_operations": 0,
          "virtual_operations": 8169,
          "timing_count": 7,
          "reused_component_subtrees": 0,
          "reused_components": 0,
          "retained_nodes": 429,
          "dirty_components": 0,
          "virtual_items": 1000,
          "virtual_realized": 26
        },
        {
          "total_us": 21612,
          "recorded_rhai_us": 0,
          "root_rhai_us": 0,
          "virtual_rhai_us": 0,
          "operations": 0,
          "root_operations": 0,
          "virtual_operations": 0,
          "timing_count": 0,
          "reused_component_subtrees": 0,
          "reused_components": 0,
          "retained_nodes": 324,
          "dirty_components": 0,
          "virtual_items": 1000,
          "virtual_realized": 19
        },
        {
          "total_us": 18932,
          "recorded_rhai_us": 1483,
          "root_rhai_us": 0,
          "virtual_rhai_us": 1483,
          "operations": 8169,
          "root_operations": 0,
          "virtual_operations": 8169,
          "timing_count": 7,
          "reused_component_subtrees": 0,
          "reused_components": 0,
          "retained_nodes": 429,
          "dirty_components": 0,
          "virtual_items": 1000,
          "virtual_realized": 26
        },
        {
          "total_us": 21378,
          "recorded_rhai_us": 0,
          "root_rhai_us": 0,
          "virtual_rhai_us": 0,
          "operations": 0,
          "root_operations": 0,
          "virtual_operations": 0,
          "timing_count": 0,
          "reused_component_subtrees": 0,
          "reused_components": 0,
          "retained_nodes": 324,
          "dirty_components": 0,
          "virtual_items": 1000,
          "virtual_realized": 19
        },
        {
          "total_us": 18607,
          "recorded_rhai_us": 1505,
          "root_rhai_us": 0,
          "virtual_rhai_us": 1505,
          "operations": 8169,
          "root_operations": 0,
          "virtual_operations": 8169,
          "timing_count": 7,
          "reused_component_subtrees": 0,
          "reused_components": 0,
          "retained_nodes": 429,
          "dirty_components": 0,
          "virtual_items": 1000,
          "virtual_realized": 26
        },
        {
          "total_us": 21477,
          "recorded_rhai_us": 0,
          "root_rhai_us": 0,
          "virtual_rhai_us": 0,
          "operations": 0,
          "root_operations": 0,
          "virtual_operations": 0,
          "timing_count": 0,
          "reused_component_subtrees": 0,
          "reused_components": 0,
          "retained_nodes": 324,
          "dirty_components": 0,
          "virtual_items": 1000,
          "virtual_realized": 19
        },
        {
          "total_us": 18764,
          "recorded_rhai_us": 1456,
          "root_rhai_us": 0,
          "virtual_rhai_us": 1456,
          "operations": 8169,
          "root_operations": 0,
          "virtual_operations": 8169,
          "timing_count": 7,
          "reused_component_subtrees": 0,
          "reused_components": 0,
          "retained_nodes": 429,
          "dirty_components": 0,
          "virtual_items": 1000,
          "virtual_realized": 26
        },
        {
          "total_us": 20805,
          "recorded_rhai_us": 0,
          "root_rhai_us": 0,
          "virtual_rhai_us": 0,
          "operations": 0,
          "root_operations": 0,
          "virtual_operations": 0,
          "timing_count": 0,
          "reused_component_subtrees": 0,
          "reused_components": 0,
          "retained_nodes": 324,
          "dirty_components": 0,
          "virtual_items": 1000,
          "virtual_realized": 19
        }
      ],
      "total_p50_us": 19801,
      "total_p95_us": 21760,
      "total_p99_us": 21884,
      "rhai_p50_us": 0,
      "rhai_p95_us": 1505,
      "root_rhai_p95_us": 0,
      "virtual_rhai_p95_us": 1505,
      "operations_p50": 0,
      "operations_p95": 8169,
      "root_operations_p95": 0,
      "virtual_operations_p95": 8169
    }
  ]
}
ok

test result: ok. 3 passed; 0 failed; 0 ignored; 0 measured; 1 filtered out; finished in 11.59s

