2026-10-02T16:57:40Z
  PID  PPID  %CPU COMM
90509     1   2.7 /private/var/folders/r0/rh2q01k55bv9w7lhwxn0_x240000gn/T/gpui-rhai-visual.wJJ5TX/GPUI Rhai Visual Test.app/Contents/MacOS/gpui-rhai-example
2026-10-02T16:57:41Z
  PID  PPID  %CPU COMM
90509     1   2.9 /private/var/folders/r0/rh2q01k55bv9w7lhwxn0_x240000gn/T/gpui-rhai-visual.wJJ5TX/GPUI Rhai Visual Test.app/Contents/MacOS/gpui-rhai-example
2026-10-02T16:57:42Z
  PID  PPID  %CPU COMM
90509     1   2.6 /private/var/folders/r0/rh2q01k55bv9w7lhwxn0_x240000gn/T/gpui-rhai-visual.wJJ5TX/GPUI Rhai Visual Test.app/Contents/MacOS/gpui-rhai-example
96451 96450   7.5 /Users/eddix/.rustup/toolchains/1.95.0-aarch64-apple-darwin/bin/cargo
96456 96451  88.6 /Users/eddix/Codes/github.com/eddix/gpui-rhai/tests/performance/target/release/deps/e2e-8e7e4c6f600b6dc1
2026-10-02T16:57:43Z
  PID  PPID  %CPU COMM
90509     1   2.9 /private/var/folders/r0/rh2q01k55bv9w7lhwxn0_x240000gn/T/gpui-rhai-visual.wJJ5TX/GPUI Rhai Visual Test.app/Contents/MacOS/gpui-rhai-example
96451 96450   0.1 /Users/eddix/.rustup/toolchains/1.95.0-aarch64-apple-darwin/bin/cargo
96456 96451  98.4 /Users/eddix/Codes/github.com/eddix/gpui-rhai/tests/performance/target/release/deps/e2e-8e7e4c6f600b6dc1
2026-10-02T16:57:44Z
  PID  PPID  %CPU COMM
90509     1   2.3 /private/var/folders/r0/rh2q01k55bv9w7lhwxn0_x240000gn/T/gpui-rhai-visual.wJJ5TX/GPUI Rhai Visual Test.app/Contents/MacOS/gpui-rhai-example
96451 96450   0.0 /Users/eddix/.rustup/toolchains/1.95.0-aarch64-apple-darwin/bin/cargo
96456 96451  99.6 /Users/eddix/Codes/github.com/eddix/gpui-rhai/tests/performance/target/release/deps/e2e-8e7e4c6f600b6dc1
2026-10-02T16:57:45Z
  PID  PPID  %CPU COMM
90509     1   2.8 /private/var/folders/r0/rh2q01k55bv9w7lhwxn0_x240000gn/T/gpui-rhai-visual.wJJ5TX/GPUI Rhai Visual Test.app/Contents/MacOS/gpui-rhai-example
96451 96450   0.0 /Users/eddix/.rustup/toolchains/1.95.0-aarch64-apple-darwin/bin/cargo
96456 96451  99.3 /Users/eddix/Codes/github.com/eddix/gpui-rhai/tests/performance/target/release/deps/e2e-8e7e4c6f600b6dc1
2026-10-02T16:57:46Z
  PID  PPID  %CPU COMM
90509     1   2.8 /private/var/folders/r0/rh2q01k55bv9w7lhwxn0_x240000gn/T/gpui-rhai-visual.wJJ5TX/GPUI Rhai Visual Test.app/Contents/MacOS/gpui-rhai-example
96451 96450   0.0 /Users/eddix/.rustup/toolchains/1.95.0-aarch64-apple-darwin/bin/cargo
96456 96451  99.2 /Users/eddix/Codes/github.com/eddix/gpui-rhai/tests/performance/target/release/deps/e2e-8e7e4c6f600b6dc1
2026-10-02T16:57:47Z
  PID  PPID  %CPU COMM
90509     1   2.4 /private/var/folders/r0/rh2q01k55bv9w7lhwxn0_x240000gn/T/gpui-rhai-visual.wJJ5TX/GPUI Rhai Visual Test.app/Contents/MacOS/gpui-rhai-example
96451 96450   0.0 /Users/eddix/.rustup/toolchains/1.95.0-aarch64-apple-darwin/bin/cargo
96456 96451  75.9 /Users/eddix/Codes/github.com/eddix/gpui-rhai/tests/performance/target/release/deps/e2e-8e7e4c6f600b6dc1
2026-10-02T16:57:48Z
  PID  PPID  %CPU COMM
90509     1   2.5 /private/var/folders/r0/rh2q01k55bv9w7lhwxn0_x240000gn/T/gpui-rhai-visual.wJJ5TX/GPUI Rhai Visual Test.app/Contents/MacOS/gpui-rhai-example
96451 96450   0.0 /Users/eddix/.rustup/toolchains/1.95.0-aarch64-apple-darwin/bin/cargo
96456 96451  99.4 /Users/eddix/Codes/github.com/eddix/gpui-rhai/tests/performance/target/release/deps/e2e-8e7e4c6f600b6dc1
2026-10-02T16:57:49Z
  PID  PPID  %CPU COMM
90509     1   2.7 /private/var/folders/r0/rh2q01k55bv9w7lhwxn0_x240000gn/T/gpui-rhai-visual.wJJ5TX/GPUI Rhai Visual Test.app/Contents/MacOS/gpui-rhai-example
96451 96450   0.0 /Users/eddix/.rustup/toolchains/1.95.0-aarch64-apple-darwin/bin/cargo
96456 96451   6.0 /Users/eddix/Codes/github.com/eddix/gpui-rhai/tests/performance/target/release/deps/e2e-8e7e4c6f600b6dc1
2026-10-02T16:57:50Z
  PID  PPID  %CPU COMM
90509     1   2.5 /private/var/folders/r0/rh2q01k55bv9w7lhwxn0_x240000gn/T/gpui-rhai-visual.wJJ5TX/GPUI Rhai Visual Test.app/Contents/MacOS/gpui-rhai-example
96451 96450   0.0 /Users/eddix/.rustup/toolchains/1.95.0-aarch64-apple-darwin/bin/cargo
96456 96451  96.3 /Users/eddix/Codes/github.com/eddix/gpui-rhai/tests/performance/target/release/deps/e2e-8e7e4c6f600b6dc1
2026-10-02T16:57:51Z
  PID  PPID  %CPU COMM
90509     1   2.6 /private/var/folders/r0/rh2q01k55bv9w7lhwxn0_x240000gn/T/gpui-rhai-visual.wJJ5TX/GPUI Rhai Visual Test.app/Contents/MacOS/gpui-rhai-example
96451 96450   0.0 /Users/eddix/.rustup/toolchains/1.95.0-aarch64-apple-darwin/bin/cargo
96456 96451  98.3 /Users/eddix/Codes/github.com/eddix/gpui-rhai/tests/performance/target/release/deps/e2e-8e7e4c6f600b6dc1
2026-10-02T16:57:52Z
  PID  PPID  %CPU COMM
90509     1   2.6 /private/var/folders/r0/rh2q01k55bv9w7lhwxn0_x240000gn/T/gpui-rhai-visual.wJJ5TX/GPUI Rhai Visual Test.app/Contents/MacOS/gpui-rhai-example
96451 96450   0.0 /Users/eddix/.rustup/toolchains/1.95.0-aarch64-apple-darwin/bin/cargo
96456 96451  99.5 /Users/eddix/Codes/github.com/eddix/gpui-rhai/tests/performance/target/release/deps/e2e-8e7e4c6f600b6dc1
2026-10-02T16:57:53Z
  PID  PPID  %CPU COMM
90509     1   2.9 /private/var/folders/r0/rh2q01k55bv9w7lhwxn0_x240000gn/T/gpui-rhai-visual.wJJ5TX/GPUI Rhai Visual Test.app/Contents/MacOS/gpui-rhai-example
2026-10-02T16:57:54Z
  PID  PPID  %CPU COMM
90509     1   3.0 /private/var/folders/r0/rh2q01k55bv9w7lhwxn0_x240000gn/T/gpui-rhai-visual.wJJ5TX/GPUI Rhai Visual Test.app/Contents/MacOS/gpui-rhai-example
2026-10-02T16:57:56Z
  PID  PPID  %CPU COMM
90509     1   3.0 /private/var/folders/r0/rh2q01k55bv9w7lhwxn0_x240000gn/T/gpui-rhai-visual.wJJ5TX/GPUI Rhai Visual Test.app/Contents/MacOS/gpui-rhai-example
