   Compiling proc-macro2 v1.0.107
   Compiling quote v1.0.47
   Compiling unicode-ident v1.0.24
   Compiling serde_core v1.0.229
   Compiling libc v0.2.189
   Compiling typeid v1.0.3
   Compiling erased-serde v0.4.10
    Checking cfg-if v1.0.4
   Compiling serde v1.0.229
    Checking bitflags v2.13.1
   Compiling libm v0.2.16
   Compiling autocfg v1.5.1
    Checking memchr v2.8.3
   Compiling version_check v0.9.5
   Compiling num-traits v0.2.19
    Checking simd-adler32 v0.3.10
    Checking adler2 v2.0.1
    Checking miniz_oxide v0.8.9
    Checking core-foundation-sys v0.8.7
    Checking arrayvec v0.7.8
    Checking objc2-encode v4.1.0
    Checking stable_deref_trait v1.2.1
   Compiling crc32fast v1.5.1
    Checking pin-project-lite v0.2.17
   Compiling zmij v1.0.23
   Compiling crossbeam-utils v0.8.22
   Compiling hashbrown v0.17.1
   Compiling objc2 v0.6.4
   Compiling equivalent v1.0.2
   Compiling portable-atomic v1.15.0
    Checking flate2 v1.1.9
   Compiling anyhow v1.0.104
    Checking bytemuck v1.25.2
   Compiling syn v3.0.4
   Compiling syn v2.0.119
    Checking serde_fmt v1.1.0
   Compiling indexmap v2.14.0
   Compiling zerocopy v0.8.56
    Checking value-bag-serde1 v1.13.2
   Compiling getrandom v0.4.3
    Checking value-bag v1.13.2
    Checking log v0.4.34
    Checking futures-core v0.3.34
    Checking once_cell v1.21.4
    Checking core-foundation v0.10.0
    Checking futures-io v0.3.34
   Compiling slotmap v1.1.1
    Checking writeable v0.6.4
    Checking litemap v0.8.3
   Compiling crossbeam-epoch v0.9.20
    Checking itoa v1.0.18
    Checking objc2-core-foundation v0.3.2
   Compiling getrandom v0.3.4
    Checking scopeguard v1.2.0
    Checking futures-sink v0.3.34
    Checking lock_api v0.4.14
    Checking core-graphics-types v0.2.0
    Checking core_maths v0.1.1
   Compiling glob v0.3.4
   Compiling synstructure v0.13.2
    Checking foreign-types-shared v0.3.1
    Checking utf8_iter v1.0.4
   Compiling paste v1.0.15
    Checking float-cmp v0.9.0
   Compiling icu_normalizer_data v2.3.0
   Compiling crossbeam-deque v0.8.7
   Compiling icu_properties_data v2.3.0
   Compiling rustix v1.1.4
   Compiling serde_json v1.0.151
    Checking strict-num v0.1.1
   Compiling serde_derive v1.0.229
   Compiling zerovec-derive v0.11.6
   Compiling displaydoc v0.2.7
   Compiling foreign-types-macros v0.2.4
   Compiling futures-macro v0.3.34
   Compiling zerofrom-derive v0.1.7
   Compiling yoke-derive v0.8.2
   Compiling zerocopy-derive v0.8.56
    Checking foreign-types v0.5.0
   Compiling clang-sys v1.9.1
    Checking ttf-parser v0.25.1
    Checking futures-channel v0.3.34
    Checking zerofrom v0.1.8
    Checking euclid v0.22.14
    Checking fdeflate v0.3.7
   Compiling semver v1.0.28
   Compiling prettyplease v0.2.37
    Checking arrayref v0.3.9
   Compiling rustc-hash v2.1.3
   Compiling rayon-core v1.13.0
    Checking tinyvec_macros v0.1.1
    Checking yoke v0.8.3
    Checking siphasher v1.0.3
    Checking slab v0.4.12
    Checking futures-task v0.3.34
   Compiling parking_lot_core v0.9.12
    Checking futures-util v0.3.34
    Checking tinyvec v1.12.0
    Checking tiny-skia-path v0.11.4
   Compiling rustc_version v0.4.1
    Checking zerovec v0.11.8
    Checking smallvec v1.15.2
    Checking zerotrie v0.2.5
    Checking tracing-core v0.1.36
    Checking malloc_buf v0.0.6
    Checking memmap2 v0.9.11
    Checking iana-time-zone v0.1.65
   Compiling minimal-lexical v0.2.1
   Compiling regex-syntax v0.8.11
    Checking parking v2.2.1
    Checking lazy_static v1.5.0
    Checking unicode-properties v0.1.4
    Checking tinystr v0.8.4
    Checking potential_utf v0.1.6
    Checking fastrand v2.5.0
    Checking block v0.1.6
    Checking unicode-bidi-mirroring v0.4.0
    Checking unicode-script v0.5.8
    Checking icu_locale_core v2.3.0
    Checking icu_collections v2.3.0
   Compiling heck v0.5.0
    Checking unicode-ccc v0.4.0
   Compiling nom v7.1.3
    Checking futures-executor v0.3.34
    Checking chrono v0.4.45
    Checking rustybuzz v0.20.1
   Compiling regex-automata v0.4.18
    Checking fontdb v0.23.0
    Checking icu_provider v2.3.1
    Checking objc v0.2.7
    Checking icu_properties v2.3.0
    Checking icu_normalizer v2.3.0
   Compiling pathfinder_simd v0.5.6
   Compiling toml_datetime v0.6.11
   Compiling serde_spanned v0.6.9
    Checking lyon_geom v1.0.19
    Checking gpui-pre-util v0.3.7
    Checking simplecss v0.2.2
   Compiling errno v0.3.14
   Compiling libloading v0.8.9
    Checking polycool v0.4.0
    Checking aho-corasick v1.1.5
   Compiling pulp v0.22.3
    Checking same-file v1.0.6
    Checking pico-args v0.5.0
   Compiling objc-sys v0.3.5
   Compiling object v0.37.3
    Checking weezl v0.1.12
    Checking unicode-vo v0.1.0
    Checking data-url v0.3.2
   Compiling bindgen v0.72.1
    Checking percent-encoding v2.3.2
    Checking sha1_smol v1.0.1
   Compiling ref-cast v1.0.27
    Checking libbz2-rs-sys v0.2.5
    Checking byteorder v1.5.0
   Compiling winnow v0.7.15
    Checking xmlwriter v0.1.0
   Compiling winnow v1.0.4
   Compiling either v1.18.0
    Checking bitflags v1.3.2
   Compiling toml_write v0.1.2
    Checking unicode-bidi v0.3.18
   Compiling unicode-segmentation v1.13.3
    Checking zune-core v0.5.3
    Checking base64 v0.22.1
    Checking quick-error v2.0.1
    Checking gpui-pre-collections v0.3.7
    Checking zune-jpeg v0.5.15
   Compiling itertools v0.13.0
    Checking png v0.17.16
   Compiling convert_case v0.10.0
    Checking bzip2 v0.6.1
   Compiling toml_parser v1.1.3+spec-1.1.0
    Checking uuid v1.26.0
   Compiling toml_edit v0.22.27
    Checking form_urlencoded v1.2.2
    Checking walkdir v2.5.0
    Checking kurbo v0.13.1
   Compiling regex v1.13.1
    Checking lyon_path v1.0.19
    Checking idna_adapter v1.2.2
   Compiling cexpr v0.6.0
    Checking parking_lot v0.12.5
    Checking futures v0.3.34
    Checking sharded-slab v0.1.7
    Checking half v2.7.1
    Checking ppv-lite86 v0.2.21
    Checking tracing-log v0.2.0
    Checking core-graphics v0.24.0
    Checking rand_core v0.9.5
   Compiling enumn v0.1.14
   Compiling pin-project-internal v1.1.13
   Compiling tracing-attributes v0.1.31
   Compiling ref-cast-impl v1.0.27
    Checking block2 v0.6.2
   Compiling serde_derive_internals v0.30.0
    Checking num-complex v0.4.6
    Checking thread_local v1.1.10
    Checking gimli v0.32.3
   Compiling shlex v1.3.0
   Compiling gpui-pre-ztracing v0.3.7
    Checking static_assertions v1.1.0
    Checking compression-core v0.4.32
    Checking option-ext v0.2.0
    Checking bytes v1.12.1
   Compiling thiserror v2.0.20
    Checking byteorder-lite v0.1.0
    Checking pulp-wasm-simd-flag v0.1.1
   Compiling unicode-xid v0.2.6
   Compiling cbindgen v0.28.0
   Compiling heapless v0.9.3
    Checking color_quant v1.1.0
    Checking reborrow v0.5.5
   Compiling thiserror v1.0.69
   Compiling toml_datetime v1.1.1+spec-1.1.0
    Checking nu-ansi-term v0.50.3
    Checking leak v0.1.2
   Compiling crunchy v0.2.4
   Compiling tempfile v3.27.0
    Checking leaky-cow v0.1.1
   Compiling toml_edit v0.25.13+spec-1.1.0
    Checking tracing-subscriber v0.3.23
    Checking gif v0.14.2
    Checking http v1.5.0
    Checking addr2line v0.25.1
    Checking image-webp v0.2.4
   Compiling derive_more-impl v2.1.1
   Compiling schemars_derive v1.2.2
    Checking dirs-sys v0.4.1
    Checking compression-codecs v0.4.38
    Checking tracing v0.1.44
    Checking pin-project v1.1.13
    Checking accesskit v0.24.1
    Checking rand_chacha v0.9.0
   Compiling toml v0.8.23
    Checking svgtypes v0.16.1
    Checking idna v1.1.0
    Checking tiny-skia v0.11.4
    Checking gpui-pre-zlog v0.3.7
    Checking rayon v1.12.0
    Checking hash32 v0.3.1
    Checking event-listener v5.4.2
   Compiling thiserror-impl v1.0.69
   Compiling thiserror-impl v2.0.20
    Checking objc2-foundation v0.3.2
    Checking objc2-core-video v0.3.2
    Checking spin v0.9.9
    Checking rgb v0.8.53
    Checking cgl v0.3.2
    Checking zune-inflate v0.2.54
    Checking roxmltree v0.21.1
    Checking bit_field v0.10.3
   Compiling heck v0.4.1
    Checking ryu v1.0.23
   Compiling zed-font-kit v0.14.1-zed
   Compiling tiny-keccak v2.0.2
   Compiling gpui-pre-ztracing-macro v0.3.7
    Checking rustc-demangle v0.1.28
    Checking fax v0.2.7
    Checking float_next_after v1.0.0
    Checking pxfm v0.1.30
    Checking dyn-clone v1.0.20
    Checking lebe v0.5.3
    Checking imagesize v0.14.0
    Checking backtrace v0.3.76
    Checking tiff v0.11.3
    Checking schemars v1.2.2
    Checking exr v1.74.2
    Checking usvg v0.46.0
    Checking lyon_tessellation v1.0.20
   Compiling gpui-pre v0.3.7
    Checking serde_urlencoded v0.7.1
    Checking io-surface v0.16.1
    Checking moxcms v0.8.1
    Checking flume v0.12.0
    Checking event-listener-strategy v0.5.4
    Checking derive_more v2.1.1
    Checking objc2 v0.5.2
    Checking url v2.5.8
   Compiling gpui-pre-perf v0.3.7
    Checking pathfinder_geometry v0.5.1
    Checking rand v0.9.5
    Checking http-body v1.1.0
    Checking async-compression v0.4.43
    Checking dirs v5.0.1
   Compiling proc-macro-crate v3.5.0
    Checking core-text v21.0.0
    Checking lyon_algorithms v1.0.20
    Checking metal v0.33.0
   Compiling strum_macros v0.28.0
    Checking futures-lite v2.6.1
    Checking core-graphics2 v0.5.2
    Checking png v0.18.1
   Compiling gpui-pre-derive-refineable v0.3.7
   Compiling profiling-procmacros v1.0.18
    Checking crossbeam-queue v0.3.13
    Checking concurrent-queue v2.5.0
    Checking qoi v0.4.1
    Checking atomic v0.5.3
    Checking link-section v0.19.3
    Checking fixedbitset v0.5.7
    Checking svg_fmt v0.4.5
    Checking float-ord v0.3.2
    Checking smol_str v0.3.6
    Checking foldhash v0.2.0
    Checking pollster v0.2.5
   Compiling linktime-proc-macro v0.2.3
    Checking web-time v1.1.0
    Checking async-task v4.7.1
    Checking gpui-pre-shared-string v0.3.7
    Checking strum v0.28.0
    Checking hashbrown v0.16.1
    Checking postage v0.5.0
    Checking etagere v0.2.15
    Checking gpui-pre-scheduler v0.3.7
    Checking futures-concurrency v7.7.1
    Checking ctor v1.0.13
    Checking core-video v0.5.2
   Compiling gpui-pre-apple v0.3.7
    Checking image v0.25.10
    Checking async-channel v2.5.0
    Checking profiling v1.0.18
    Checking gpui-pre-refineable v0.3.7
    Checking lyon v1.0.19
   Compiling gpui-pre-macros v0.3.7
    Checking gpui-pre-http-client v0.3.7
   Compiling gpui-pre-util-macros v0.3.7
    Checking objc2-foundation v0.2.2
    Checking gpui-pre-sum-tree v0.3.7
    Checking resvg v0.46.0
    Checking itertools v0.14.0
    Checking cocoa-foundation v0.2.0
    Checking taffy v0.13.0
    Checking spin v0.10.1
   Compiling getrandom v0.2.17
    Checking num_cpus v1.17.0
    Checking waker-fn v1.2.0
    Checking raw-window-handle v0.6.2
    Checking inventory v0.3.24
    Checking seahash v4.1.0
    Checking pollster v0.4.0
    Checking cocoa v0.26.0
   Compiling const-random-macro v0.1.16
    Checking accesskit_consumer v0.38.0
    Checking objc2-core-location v0.3.2
    Checking objc2-app-kit v0.2.2
    Checking objc2-core-media v0.3.2
    Checking dispatch2 v0.3.1
    Checking kurbo v0.11.3
    Checking objc2-core-graphics v0.3.2
   Compiling ahash v0.8.12
   Compiling smartstring v1.0.1
    Checking bit-vec v0.8.0
    Checking objc2-screen-capture-kit v0.3.2
    Checking svgtypes v0.15.3
    Checking const-random v0.1.18
    Checking bit-set v0.8.0
    Checking objc2-user-notifications v0.3.2
    Checking objc2-app-kit v0.3.2
    Checking accesskit_macos v0.26.3
    Checking mach2 v0.5.0
    Checking linked-hash-map v0.5.6
    Checking imagesize v0.13.0
    Checking roxmltree v0.20.0
    Checking fancy-regex v0.16.2
    Checking yaml-rust v0.4.5
    Checking bincode v1.3.3
   Compiling rhai_codegen v3.2.0
    Checking usvg v0.45.1
    Checking fsevent-sys v4.1.0
    Checking notify-types v2.1.0
    Checking jiff-core v0.1.0
    Checking fnv v1.0.7
    Checking thin-vec v0.2.19
    Checking similar v3.2.0
    Checking syntect v5.3.0
    Checking notify v8.2.0
    Checking rhai v1.26.0
    Checking jiff v0.2.35
    Checking resvg v0.45.1
    Checking utf8parse v0.2.2
    Checking colorchoice v1.0.5
    Checking anstyle-parse v1.0.0
    Checking is_terminal_polyfill v1.70.2
    Checking anstyle v1.0.14
    Checking anstyle-query v1.1.5
    Checking strsim v0.11.1
    Checking clap_lex v1.1.0
    Checking anstream v1.0.0
   Compiling clap_derive v4.6.4
    Checking gpui-rhai-registry v0.1.8 (/Users/eddix/Codes/github.com/eddix/gpui-rhai/registry)
    Checking clap_builder v4.6.6
    Checking clap v4.6.6
    Checking gpui-pre-macos v0.3.7
    Checking gpui-pre-platform v0.3.7
    Checking gpui-rhai v0.1.8 (/Users/eddix/Codes/github.com/eddix/gpui-rhai/crates/gpui-rhai)
    Checking gpui-rhai-cli v0.1.8 (/Users/eddix/Codes/github.com/eddix/gpui-rhai/crates/gpui-rhai-cli)
    Finished `dev` profile [unoptimized + debuginfo] target(s) in 1m 06s
warning: the following packages contain code that will be rejected by a future version of Rust: block v0.1.6
note: to see what the problems were, use the option `--future-incompat-report`, or run `cargo report future-incompatibilities --id 1`
