    Creating binary (application) package
note: see more `Cargo.toml` keys and their definitions at https://doc.rust-lang.org/cargo/reference/manifest.html
bdafdf3fe3b0e98106a81d2b9d693cacbe3a11b493c0823fb6f6e0bb40e30a31  target/release/gpui-rhai
c8e0583694bb1e0188dbe28fe0d65ac1130723c55f968b6262b906c147f72549  /tmp/gpui-rhai-018-cli-final.6HrsCz/src/main.rs
gpui-rhai 0.1.8
24 file change(s):
- update Cargo.toml
- create gpui-rhai-host-snippet.rs
- create ui/main.rhai
- create ui/theme.rhai
- create ui/styles.rhai
- create ui/themes/default_light.rhai
- create ui/themes/tokyo_night.rhai
- create ui/themes/tokyo_storm.rhai
- create ui/themes/catppuccin_latte.rhai
- create ui/themes/catppuccin_mocha.rhai
- create ui/themes/ethereal.rhai
- create ui/themes/everforest.rhai
- create ui/themes/gruvbox.rhai
- create ui/themes/hackerman.rhai
- create ui/themes/nord.rhai
- create ui/themes/retro_82.rhai
- create ui/themes/hermarchy.rhai
- create ui/themes/futurism.rhai
- create ui/themes/aetheria.rhai
- create ui/locales/en.rhai
- create ui/locales/zh_cn.rhai
- create ui/locales/ar.rhai
- create ui/app.toml
- create .gpui-rhai/manifest.toml
24 file change(s):
- update Cargo.toml
- create gpui-rhai-host-snippet.rs
- create ui/main.rhai
- create ui/theme.rhai
- create ui/styles.rhai
- create ui/themes/default_light.rhai
- create ui/themes/tokyo_night.rhai
- create ui/themes/tokyo_storm.rhai
- create ui/themes/catppuccin_latte.rhai
- create ui/themes/catppuccin_mocha.rhai
- create ui/themes/ethereal.rhai
- create ui/themes/everforest.rhai
- create ui/themes/gruvbox.rhai
- create ui/themes/hackerman.rhai
- create ui/themes/nord.rhai
- create ui/themes/retro_82.rhai
- create ui/themes/hermarchy.rhai
- create ui/themes/futurism.rhai
- create ui/themes/aetheria.rhai
- create ui/locales/en.rhai
- create ui/locales/zh_cn.rhai
- create ui/locales/ar.rhai
- create ui/app.toml
- create .gpui-rhai/manifest.toml
39 file change(s):
- create ui/components/badge.rhai
- create .gpui-rhai/baselines/components/badge.rhai
- create ui/components/table.rhai
- create .gpui-rhai/baselines/components/table.rhai
- create ui/assets/icons/chevron_right.svg
- create .gpui-rhai/baselines/assets/icons/chevron_right.svg
- create ui/assets/icons/disclosure_down.svg
- create .gpui-rhai/baselines/assets/icons/disclosure_down.svg
- create ui/assets/icons/sort_ascending.svg
- create .gpui-rhai/baselines/assets/icons/sort_ascending.svg
- create ui/assets/icons/sort_descending.svg
- create .gpui-rhai/baselines/assets/icons/sort_descending.svg
- create ui/components/button.rhai
- create .gpui-rhai/baselines/components/button.rhai
- create ui/components/tabs.rhai
- create .gpui-rhai/baselines/components/tabs.rhai
- create ui/components/icon.rhai
- create .gpui-rhai/baselines/components/icon.rhai
- create ui/assets/icons/check.svg
- create .gpui-rhai/baselines/assets/icons/check.svg
- create ui/assets/icons/close.svg
- create .gpui-rhai/baselines/assets/icons/close.svg
- create ui/assets/icons/search.svg
- create .gpui-rhai/baselines/assets/icons/search.svg
- create ui/components/input.rhai
- create .gpui-rhai/baselines/components/input.rhai
- create ui/components/tree.rhai
- create .gpui-rhai/baselines/components/tree.rhai
- create ui/assets/icons/chevron_down.svg
- create .gpui-rhai/baselines/assets/icons/chevron_down.svg
- create ui/assets/icons/chevron_right.svg
- create .gpui-rhai/baselines/assets/icons/chevron_right.svg
- create ui/components/pan_zoom.rhai
- create .gpui-rhai/baselines/components/pan_zoom.rhai
- create ui/components/split_pane.rhai
- create .gpui-rhai/baselines/components/split_pane.rhai
- create ui/components/resizable.rhai
- create .gpui-rhai/baselines/components/resizable.rhai
- update .gpui-rhai/manifest.toml
Check passed: entry `main`, 10 installed component(s), including hostless lifecycle validation.
3 file change(s):
- create .gpui-rhai/editor/components.json
- create .gpui-rhai/editor/snippets.json
- create .gpui-rhai/editor/definitions/gpui_rhai.d.rhai
components/badge: unchanged
components/button: unchanged
components/icon: unchanged
components/input: unchanged
components/pan_zoom: unchanged
components/resizable: unchanged
components/split_pane: unchanged
components/table: unchanged
components/tabs: unchanged
components/tree: unchanged
c8e0583694bb1e0188dbe28fe0d65ac1130723c55f968b6262b906c147f72549  /tmp/gpui-rhai-018-cli-final.6HrsCz/src/main.rs
fa4a29687cf85e46ddaa7ebf37590fe0727cdca8070bb3eae68c783f0079baef  /tmp/gpui-rhai-018-cli-final.6HrsCz/ui/main.rhai
cb09d5b9486471a65de996b86a543cd87722eb2e33ce334bbb0022b49f26c05f  /tmp/gpui-rhai-018-cli-final.6HrsCz/ui/components/table.rhai
Check passed: entry `main`, 10 installed component(s), including hostless lifecycle validation.
No filesystem changes required.
components/badge: unchanged
components/button: unchanged
components/icon: unchanged
components/input: unchanged
components/pan_zoom: unchanged
components/resizable: unchanged
components/split_pane: unchanged
components/table: modified
components/tabs: unchanged
components/tree: unchanged
No filesystem changes required.
1 file change(s):
- create src/gpui_rhai_embedded.rs
Check passed: entry `main`, 10 installed component(s), including hostless lifecycle validation.
c8e0583694bb1e0188dbe28fe0d65ac1130723c55f968b6262b906c147f72549  /tmp/gpui-rhai-018-cli-final.6HrsCz/src/main.rs
fa4a29687cf85e46ddaa7ebf37590fe0727cdca8070bb3eae68c783f0079baef  /tmp/gpui-rhai-018-cli-final.6HrsCz/ui/main.rhai
cb09d5b9486471a65de996b86a543cd87722eb2e33ce334bbb0022b49f26c05f  /tmp/gpui-rhai-018-cli-final.6HrsCz/ui/components/table.rhai
