   Compiling gpui-rhai-registry v0.1.8 (/Users/eddix/Codes/github.com/eddix/gpui-rhai/registry)
   Compiling gpui-rhai v0.1.8 (/Users/eddix/Codes/github.com/eddix/gpui-rhai/crates/gpui-rhai)
   Compiling gpui-rhai-cli v0.1.8 (/Users/eddix/Codes/github.com/eddix/gpui-rhai/crates/gpui-rhai-cli)
    Finished `test` profile [unoptimized + debuginfo] target(s) in 35.36s
     Running unittests src/lib.rs (target/debug/deps/gpui_rhai_cli-78a65b478eba4560)

running 5 tests
test gallery::tests::invalid_run_is_rejected_before_platform_startup ... ok
test gallery::tests::invalid_story_case_theme_and_locale_are_explicit ... ok
test gallery::tests::list_is_deterministic_and_does_not_prepare_a_window ... ok
test gallery::tests::locale_matrix_prepares_editing_documents_and_workbench ... ok
test gallery::tests::every_bundled_story_case_prepares ... FAILED

failures:

---- gallery::tests::every_bundled_story_case_prepares stdout ----

thread 'gallery::tests::every_bundled_story_case_prepares' (3547087) panicked at crates/gpui-rhai-cli/src/gallery.rs:957:41:
components/table / basic: Rhai source failed to parse while extracting imports at line 29, position 9: 'case' is a reserved keyword (line 29, position 9)
note: run with `RUST_BACKTRACE=1` environment variable to display a backtrace


failures:
    gallery::tests::every_bundled_story_case_prepares

test result: FAILED. 4 passed; 1 failed; 0 ignored; 0 measured; 27 filtered out; finished in 7.73s

error: test failed, to rerun pass `-p gpui-rhai-cli --lib`
