   Compiling audit-018-round4-drag-sort v0.0.0 (/Users/eddix/Codes/github.com/eddix/gpui-rhai/docs/audits/2026-10-01-interaction-0.1.8-round4/drag-sort/probe)
    Finished `test` profile [unoptimized + debuginfo] target(s) in 3.91s
     Running unittests src/lib.rs (tests/native-keyboard/target/debug/deps/audit_018_round4_drag_sort-03b9d2a86c1713c8)

running 6 tests
latest virtual row keyboard expected=lane-5, actual=lane-1, diagnostic=Some("callback `drop_zone_commit` belongs to an unmounted incarnation of component `/View[audit-drag-sort]/VirtualCollection[lanes]/DropZone[lane-5]`")

thread 'latest_realized_formal_dropzone_preserves_parent_callback_owner' (1050445) panicked at src/lib.rs:267:5:
assertion `left == right` failed: later realization must preserve real callback owner
  left: Some("callback `drop_zone_commit` belongs to an unmounted incarnation of component `/View[audit-drag-sort]/VirtualCollection[lanes]/DropZone[lane-5]`")
 right: None
note: run with `RUST_BACKTRACE=1` environment variable to display a backtrace
test latest_realized_formal_dropzone_preserves_parent_callback_owner ... FAILED
forwarded callback actual seed indices={0, 1, 2, 3, 4, 5, 6}; destination index=13
forwarded callback expected count=2, actual=1, diagnostic=Some("failed to evaluate Rhai UI source: Runtime error: component `/View[audit-drag-sort]/VirtualCollection[actions]` has no state field `count` @ 'main' (line 9, position 49)\nin call to function 'clicked' (from 'main') (line 5, position 18)")

thread 'delayed_row_forwarded_callback_preserves_root_owner' (1050444) panicked at src/lib.rs:313:5:
assertion `left == right` failed: forwarded callback must still belong to root rather than structural scope
  left: Some("failed to evaluate Rhai UI source: Runtime error: component `/View[audit-drag-sort]/VirtualCollection[actions]` has no state field `count` @ 'main' (line 9, position 49)\nin call to function 'clicked' (from 'main') (line 5, position 18)")
 right: None
test delayed_row_forwarded_callback_preserves_root_owner ... FAILED
retained seed virtual row expected=lane-2, actual=lane-1, diagnostic=Some("callback `drop_zone_commit` belongs to an unmounted incarnation of component `/View[audit-drag-sort]/VirtualCollection[lanes]/DropZone[lane-2]`")

thread 'still_visible_seed_callback_survives_neighbor_realization' (1050448) panicked at src/lib.rs:222:5:
assertion `left == right` failed: later realization must preserve real callback owner
  left: Some("callback `drop_zone_commit` belongs to an unmounted incarnation of component `/View[audit-drag-sort]/VirtualCollection[lanes]/DropZone[lane-2]`")
 right: None
test still_visible_seed_callback_survives_neighbor_realization ... FAILED
fresh virtual row expected=lane-14, actual=lane-1, diagnostic=Some("callback `drop_zone_commit` belongs to an unmounted incarnation of component `/View[audit-drag-sort]/VirtualCollection[lanes]/DropZone[lane-14]`")

thread 'newly_realized_dropzone_callback_keeps_formal_owner' (1050446) panicked at src/lib.rs:175:5:
assertion `left == right` failed: later realization must preserve real callback owner
  left: Some("callback `drop_zone_commit` belongs to an unmounted incarnation of component `/View[audit-drag-sort]/VirtualCollection[lanes]/DropZone[lane-14]`")
 right: None
test newly_realized_dropzone_callback_keeps_formal_owner ... FAILED
foreground accepts=false, native drop=rejected, hidden list scroll_item=29, error=None

thread 'rejecting_foreground_does_not_activate_hidden_destination_scroll' (1050447) panicked at src/lib.rs:119:5:
assertion `left == right` failed: same-view rectangle overlap must not invent scroll ancestry
  left: 29
 right: 0
test rejecting_foreground_does_not_activate_hidden_destination_scroll ... FAILED
foreground accepts=true, native drop=cover, hidden list scroll_item=29, error=None

thread 'accepting_foreground_does_not_scroll_unrelated_hidden_list' (1050443) panicked at src/lib.rs:119:5:
assertion `left == right` failed: same-view rectangle overlap must not invent scroll ancestry
  left: 29
 right: 0
test accepting_foreground_does_not_scroll_unrelated_hidden_list ... FAILED

failures:

failures:
    accepting_foreground_does_not_scroll_unrelated_hidden_list
    delayed_row_forwarded_callback_preserves_root_owner
    latest_realized_formal_dropzone_preserves_parent_callback_owner
    newly_realized_dropzone_callback_keeps_formal_owner
    rejecting_foreground_does_not_activate_hidden_destination_scroll
    still_visible_seed_callback_survives_neighbor_realization

test result: FAILED. 0 passed; 6 failed; 0 ignored; 0 measured; 0 filtered out; finished in 1.25s

error: test failed, to rerun pass `--lib`
