   Compiling chart-acceptance-public-7d66a14d v0.0.0 (/var/folders/r0/rh2q01k55bv9w7lhwxn0_x240000gn/T/chart-acceptance-public-f535hwwa)
    Finished `dev` profile [unoptimized + debuginfo] target(s) in 2.38s
     Running `target/debug/chart-acceptance-public-7d66a14d`
STACK plot=ChartRect { x: 52.0, y: 24.0, width: 546.0, height: 322.0 } bars=[("data|4:main|1:a|1:a|4:body", Rect(ChartRect { x: 90.22, y: 158.16666666666666, width: 196.56, height: 134.16666666666666 })), ("data|4:main|1:a|1:b|4:body", Rect(ChartRect { x: 363.22, y: 225.25, width: 196.56, height: 67.08333333333331 })), ("data|4:main|1:b|1:a|4:body", Rect(ChartRect { x: 90.22, y: 24.0, width: 196.56, height: 134.16666666666666 })), ("data|4:main|1:b|1:b|4:body", Rect(ChartRect { x: 363.22, y: 292.3333333333333, width: 196.56, height: 53.666666666666686 }))]
AUTO_LOG_Y result=Ok(14)
NUMERIC_CATEGORY interactive=Ok(2)
NULL_GAP line_geometry=None
LARGE_NULL_LINE prepare=Ok("ok")
HIDDEN_PALETTE b_marks=[("legend", Some(Rgba8(2110755327))), ("a", Some(Rgba8(2110755327)))]
PNG_LABELS png_equal_despite_different_title=false svg_equal=false
EXPORT_OUTPUT=/private/tmp/gpui-rhai-chart-acceptance-7d66a14d/delivery
MULTI_REGION duplicate_mark_keys=[]
AGGREGATE group_column_type=Integer rows=[{"g": Integer(1), "total": Number(1.0)}, {"g": Integer(2), "total": Number(3.0)}]
DUPLICATE_REGISTRATION err=true subsequent_result=Some(Integer(1))
GAUGE25_OVER100 value_equals_full_track=false
RADAR_TENFOLD identical_polygons=false
SHARED_X_DIFFERENT_Y x1=Rect(ChartRect { x: 52.46, y: 49.0, width: 10.0, height: 10.0 }) x100=Polygon([ChartPoint { x: 598.0, y: 49.0 }, ChartPoint { x: 603.0, y: 54.0 }, ChartPoint { x: 598.0, y: 59.0 }, ChartPoint { x: 593.0, y: 54.0 }])
CATEGORY_LOCALE_LABELS ["Alpha", "Beta"]
FILTER_TYPO Err(UnknownFilterOperator("typo"))
SAMPLED_IDENTITY source_rows=5000 interactive=4000 unreachable_example=r4
VALID_FILTER_NO_MATCHES=Ok((0, 3))
LOG_BAR_EXPLICIT_MIN marks=Ok(2)
CUSTOM_POLAR renderer_calls=1 returned_data_marks=1 diagnostics=[]
GEO_REJECTED_PROJECTION result=None emitted=[] diagnostics=[ChartDiagnostic { severity: Warning, code: "chart.datum.projection_rejected", message: "series `g` skipped invalid datum at row 0", series: Some("g"), datum: Some("polar") }]
ENCODE_TRANSFORM_OUTPUT=Ok("ok")
EXPLICIT_DOMAIN_ZOOM unchanged_marks=false unchanged_labels=false metadata={"main:x:x": ChartAxisDomain { full: (0.0, 100.0), visible: (25.0, 75.0), scale: Linear, direction: Normal }, "main:y:y": ChartAxisDomain { full: (0.0, 100.0), visible: (25.0, 75.0), scale: Linear, direction: Normal }}
LOG_ZOOM_OUT=Ok("ok")
MULTI_AXIS_ANNOTATION=Ok("ok")
IMPLICIT_AND_EXPLICIT_AXIS=Ok("ok")
BUSINESS_KEY_LINE_ZERO=Ok("ok")
FILTER_EMPTY_LAYOUT=Ok("ok")
DRAW_SAMPLE_CHANGES_DOMAIN domains={"main:x:__implicit_x": ChartAxisDomain { full: (0.0, 3.0), visible: (0.0, 3.0), scale: Linear, direction: Normal }, "main:y:__implicit_y": ChartAxisDomain { full: (-500.0, 1000.0), visible: (-500.0, 1000.0), scale: Linear, direction: Normal }} semantics=[("a", Some(0.0)), ("b", Some(-500.0)), ("c", Some(1000.0)), ("d", Some(0.0))]
GAUGE_DATUM_ID=[("measurement-1", Some(ChartDatumRef { dataset: "main", series: "g", key: "measurement-1" }))]
GEO_VIEWPORT_IGNORED unchanged_marks=false map_ids=[("measurement-1", Some(ChartDatumRef { dataset: "main", series: "m", key: "measurement-1" }))] semantics=[ChartSemanticDatum { series_key: "m", datum_key: "measurement-1", name: "feature", value: Some(25.0), selected: false }]
CUSTOM_FAILURE_cartesian_2d=Err(CustomSeries(Failed { id: "reject", message: "candidate rejected" }))
CUSTOM_FAILURE_polar=Err(CustomSeries(Failed { id: "reject", message: "candidate rejected" }))
CUSTOM_FAILURE_geo_2d=Err(CustomSeries(Failed { id: "reject", message: "candidate rejected" }))
EMPTY_AGGREGATE_SCHEMA columns=2 rows=0
AUTO_CATEGORY_LOCALE_LABELS=["Alpha", "Beta"]
CATEGORY_THRESHOLD n=4000 data_marks=4000 line_parts=1 semantics=4000 diagnostics=[]
CATEGORY_THRESHOLD n=4001 data_marks=4000 line_parts=1 semantics=4001 diagnostics=[ChartDiagnostic { severity: Warning, code: "chart.downsampled", message: "series `s` draws 4000 of 4001 rows; interactions retain original keys", series: Some("s"), datum: None }]
ANNOTATION_RENAME left=a_left right=z_right annotation=Some(Polyline { points: [ChartPoint { x: 52.0, y: 185.0 }, ChartPoint { x: 598.0, y: 185.0 }], width: 1.5 })
ANNOTATION_RENAME left=z_left right=a_right annotation=Some(Polyline { points: [ChartPoint { x: 52.0, y: 185.0 }, ChartPoint { x: 598.0, y: 185.0 }], width: 1.5 })
EMPTY_AXIS_GROUP data=2 x_labels=6 annotations=1
PAN_DIRECTION axis=normal requested=+20 actual_dx=19.99999999999997
PAN_DIRECTION axis=reversed requested=+20 actual_dx=19.999999999999886
EXPORT_SELECTED_LEGEND_ELEMENT= x="20" y="14" width="12" height="12" fill="#7aa2f7ff" stroke="none" stroke-width="0"
CROSSED_PRIMARY_AXES expected_center=ChartPoint { x: 325.0, y: 185.0 } actual_annotation=ChartPoint { x: 54.73, y: 185.0 } domains={"main:x:primary_x": ChartAxisDomain { full: (0.0, 10.0), visible: (0.0, 10.0), scale: Linear, direction: Normal }, "main:x:secondary_x": ChartAxisDomain { full: (0.0, 1000.0), visible: (0.0, 1000.0), scale: Linear, direction: Normal }, "main:y:primary_y": ChartAxisDomain { full: (0.0, 10.0), visible: (0.0, 10.0), scale: Linear, direction: Normal }, "main:y:secondary_y": ChartAxisDomain { full: (0.0, 1000.0), visible: (0.0, 1000.0), scale: Linear, direction: Normal }}
