   Compiling gpui-rhai v0.1.8 (/Users/eddix/Codes/github.com/eddix/gpui-rhai/crates/gpui-rhai)
   Compiling gpui-rhai-cli v0.1.8 (/Users/eddix/Codes/github.com/eddix/gpui-rhai/crates/gpui-rhai-cli)
   Compiling gpui-rhai-native-keyboard-tests v0.0.0 (/Users/eddix/Codes/github.com/eddix/gpui-rhai/tests/native-keyboard)
    Finished `test` profile [unoptimized + debuginfo] target(s) in 38.85s
     Running tests/table_boundaries.rs (tests/native-keyboard/target/debug/deps/table_boundaries-5bc941774676594f)

running 8 tests
test data_loading_and_both_empty_paths_share_the_bordered_horizontal_viewport ... ok
test ltr_array_boundary_and_last_column_owner ... ok
test native_last_column_autofit_measures_last_column_without_sort ... ok
test nonresizable_neighbor_preserves_owner_and_last_keyboard_resize ... ok
test one_column_table_is_resizable ... ok
test rtl_dragging_a_boundary_resizes_a_not_its_neighbor ... ok
test rtl_handles_follow_the_owned_columns_logical_end ... ok
test rtl_keyboard_arrows_resize_the_focused_logical_column ... ok

test result: ok. 8 passed; 0 failed; 0 ignored; 0 measured; 0 filtered out; finished in 2.63s

     Running tests/table_extent.rs (tests/native-keyboard/target/debug/deps/table_extent-8284adc958d524ea)

running 11 tests
test accepted_final_column_width_recomputes_extent_and_clamps_offset ... ok
test component_min_max_and_native_override_use_one_width_authority ... ok
test direction_changes_preserve_logical_scroll_distance_and_clamp ... ok
test fixed_wide_ltr_rtl_array_native_share_scroll_and_all_states ... ok
test four_column_registry_width_descriptors_share_the_actual_native_plan ... ok
test horizontal_body_input_and_vertical_input_are_independent ... ok
test native_drag_override_repaints_widths_and_extent_without_rhai ... ok
test percentage_and_weighted_flex_use_viewport_not_extent ... ok
test percentage_overflow_does_not_feedback_into_its_basis ... ok
test single_column_under_equal_overflow_and_autofit_share_the_viewport ... ok
test theme_insets_are_in_the_shared_column_plan_and_real_extent ... ok

test result: ok. 11 passed; 0 failed; 0 ignored; 0 measured; 0 filtered out; finished in 8.84s

     Running tests/table_frame_demand.rs (tests/native-keyboard/target/debug/deps/table_frame_demand-5b120ebed9cbe3fd)

running 2 tests
test tests::measured_viewport_schedules_its_own_followup_frame ... ok
test tests::viewport_change_schedules_its_own_followup_frame ... ok

test result: ok. 2 passed; 0 failed; 0 ignored; 0 measured; 0 filtered out; finished in 1.06s

