    Finished `test` profile [unoptimized + debuginfo] target(s) in 0.25s
     Running probe.rs (tests/native-keyboard/target/debug/deps/probe-ca8b1007a25784fa)

running 10 tests
test active_draggable_suspend_is_safe ... suspend result=Ok(true)
ok
test aspect_corner_keyboard_vertical_resize_is_effective ... aspect corner down result=216.0
ok
test draggable_preserves_formal_handle_ref ... drag=Ok(Dispatch { report: AutomationDispatchReport { target: 6, visited: [6], invoked: 1, default_prevented: false, stopped: true } })
ok
test formal_component_ref_survives_normal_wrapper ... plain=Ok(Dispatch { report: AutomationDispatchReport { target: 4, visited: [4], invoked: 1, default_prevented: false, stopped: true } })
ok
test range_gap_preserves_the_global_step_grid ... range gap result=20.0,75.0,1
ok
test range_source_replacement_cancels_existing_drag ... before mouseup=10.0,40.0,0
range source result=10.0,40.0,0
ok
test resizable_constraint_replacement_cancels_existing_drag ... resizable constraint result=none
ok
test resizable_keyboard_is_automatable ... issue85 dispatch=Ok(Dispatch { report: AutomationDispatchReport { target: 8, visited: [8], invoked: 1, default_prevented: false, stopped: true } })
ok
test split_pane_preserves_formal_child_ref ... split=Ok(Dispatch { report: AutomationDispatchReport { target: 5, visited: [5], invoked: 1, default_prevented: false, stopped: true } })
ok
test table_resize_rejected_value_restores_controlled_width ... table rejected preview: before_x=149, after_x=149, callbacks=1
ok

test result: ok. 10 passed; 0 failed; 0 ignored; 0 measured; 0 filtered out; finished in 2.53s

