   Compiling gpui-rhai-native-keyboard-tests v0.0.0 (/var/folders/r0/rh2q01k55bv9w7lhwxn0_x240000gn/T/gpui-rhai-async-audit-l1rb55e3)
    Finished `test` profile [unoptimized + debuginfo] target(s) in 2.13s
     Running tests/audit_rhai_async.rs (tests/native-keyboard/target/debug/deps/audit_rhai_async-cb6e0881112da4f4)

running 5 tests
test oversize_argument_failure_is_lazy_and_can_follow_host_side_effects ... LAZY read_payload=false callback_result=Ok(()) host_side_effects=1 state=Some(String("loaded"))
LAZY read_payload=true callback_result=Err(Runtime(Evaluate(ErrorDataTooLarge("Length of string", 8:9)))) host_side_effects=1 state=Some(String("loading"))
ok
test real_retained_task_chain_resets_depth_and_operation_baseline ... CHAIN completed=200 depth_stable=true independent_operation_budget=true
ok
test retained_callback_still_bounds_real_recursion_and_infinite_loop ... GUARD recursion: failed to evaluate Rhai UI source: Stack overflow (line 8, position 9)
GUARD operation_budget: failed to evaluate Rhai UI source: Script terminated (line 8, position 9)
ok
test subscription_delivery_result_and_error_size_characterization ... SUBSCRIPTION error_payload=false result=Err(Runtime(Evaluate(ErrorDataTooLarge("Length of string", 8:9))))
SUBSCRIPTION error_payload=true result=Err(Runtime(Evaluate(ErrorDataTooLarge("Length of string", 8:9))))
ok
test task_delivery_result_and_error_size_characterization ... CASE=small_success result=Ok status=Some(String("loaded"))
CASE=large_success result=failed to evaluate Rhai UI source: Length of string too large (line 8, position 9) status=Some(String("loading"))
CASE=small_error result=Ok status=Some(String("failed"))
CASE=large_error result=failed to evaluate Rhai UI source: Length of string too large (line 8, position 9) status=Some(String("loading"))
CASE=large_array result=failed to evaluate Rhai UI source: Size of array/BLOB too large (line 8, position 9) status=Some(String("loading"))
CASE=nested_strings result=failed to evaluate Rhai UI source: Length of string too large (line 8, position 9) status=Some(String("loading"))
ok

test result: ok. 5 passed; 0 failed; 0 ignored; 0 measured; 0 filtered out; finished in 1.30s

