   Compiling audit-resize-controls-round2 v0.0.0 (/Users/eddix/Codes/github.com/eddix/gpui-rhai/docs/audits/2026-09-30-interaction-0.1.8-round2/resize-controls)
    Finished `test` profile [unoptimized + debuginfo] target(s) in 2.42s
     Running probe.rs (tests/native-keyboard/target/debug/deps/probe-c7284d5ed821f80f)

running 6 tests
test async_axes_change_cancels_draggable_old_gesture ... async source before mouseup=vertical:none
async axes result=vertical:60.0,20.0

thread 'async_axes_change_cancels_draggable_old_gesture' (56638887) panicked at probe.rs:260:73:
assertion `left == right` failed: async contract change must cancel horizontal gesture
  left: "vertical:60.0,20.0"
 right: "vertical:none"
note: run with `RUST_BACKTRACE=1` environment variable to display a backtrace
FAILED
test range_legal_endpoint_gap_must_render_and_accept_input ... 
thread 'range_legal_endpoint_gap_must_render_and_accept_input' (56638914) panicked at /Users/eddix/.rustup/toolchains/1.95.0-aarch64-apple-darwin/lib/rustlib/src/rust/library/core/src/num/f64.rs:1502:9:
min > max, or either was NaN. min = 105.0, max = 100.0
range endpoint callback count=0

thread 'range_legal_endpoint_gap_must_render_and_accept_input' (56638914) panicked at probe.rs:222:85:
assertion `left == right` failed: legal range props must not fall back to a primitive panic error element
  left: "0"
 right: "1"
FAILED
test split_keyboard_can_shrink_a_clamped_start_pane ... split left: before_x=312,after_x=312,ratio=0.78

thread 'split_keyboard_can_shrink_a_clamped_start_pane' (56638915) panicked at probe.rs:236:2:
one left step must shrink the currently presented start pane by8
FAILED
test split_wrappers_preserve_nested_percentage_geometry ... nested percentages: inner start=200x100,inner end=200x92,outer end=192x200
ok
test table_autofit_rejection_clears_native_override ... table autofit rejected: before_x=149, after_x=37, callbacks=1

thread 'table_autofit_rejection_clears_native_override' (56638920) panicked at probe.rs:205:2:
autofit rejection must clear native width override just like pointer release
FAILED
test table_keyboard_rejection_clears_native_override ... table keyboard rejected: before_x=149, after_x=157, callbacks=1

thread 'table_keyboard_rejection_clears_native_override' (56638923) panicked at probe.rs:195:2:
keyboard rejection must clear native width override just like pointer release
FAILED

failures:

failures:
    async_axes_change_cancels_draggable_old_gesture
    range_legal_endpoint_gap_must_render_and_accept_input
    split_keyboard_can_shrink_a_clamped_start_pane
    table_autofit_rejection_clears_native_override
    table_keyboard_rejection_clears_native_override

test result: FAILED. 1 passed; 5 failed; 0 ignored; 0 measured; 0 filtered out; finished in 2.01s

error: test failed, to rerun pass `--test probe`
