    Finished `release` profile [optimized] target(s) in 0.60s
     Running tests/e2e.rs (tests/performance/target/release/deps/e2e-477b830c8dfb69a0)

running 2 tests
test document_end_to_end_baseline ... {
  "schema": "gpui-rhai-document-e2e-v2",
  "lines": 20000,
  "bytes": 1008890,
  "direct_string_rhai_prepare_us": 64451,
  "native_document_rhai_prepare_us": 1749,
  "rust_highlight_us": 296293,
  "rust_diff_us": 607223,
  "native_ui_prepare_us": 2393,
  "native_ui_mount_first_frame_us": 957872,
  "native_ui_resize_dispatch_p95_us": 4368,
  "native_ui_resize_settle_p50_us": 25547,
  "native_ui_resize_settle_p95_us": 28185,
  "diff_hunks": 21,
  "diff_rows": 20001
}
ok
test table_1000_end_to_end_baseline ... {
  "metadata": {
    "schema": "gpui-rhai-e2e-v2",
    "commit": "0788e3cbfa243b6e985b2a554c310aa29c33ca5f",
    "dirty": false,
    "rustc": "rustc 1.94.0 (4a4ef493e 2026-03-02)\nbinary: rustc\ncommit-hash: 4a4ef493e3a1488c6e321570238084b38948f6db\ncommit-date: 2026-03-02\nhost: aarch64-apple-darwin\nrelease: 1.94.0\nLLVM version: 21.1.8",
    "os": "ProductName:\t\tmacOS\nProductVersion:\t\t26.6.2\nBuildVersion:\t\t25G83",
    "hardware": "unknown",
    "profile": "release",
    "features": "default",
    "data_backend": "native_collection",
    "label": "",
    "samples": 10,
    "warmup": 3,
    "window": [
      1180.0,
      820.0
    ]
  },
  "cold": {
    "prepare_us": 7386,
    "mount_and_first_frame_us": 38541,
    "recorded_rhai_us": 10055,
    "root_rhai_us": 7077,
    "virtual_rhai_us": 2978,
    "operations": 22460,
    "root_operations": 6765,
    "virtual_operations": 15695,
    "retained_nodes": 239,
    "virtual_items": 1000,
    "virtual_realized": 26
  },
  "scenarios": [
    {
      "name": "unchanged_data_rerender",
      "samples": [
        {
          "total_us": 5528,
          "recorded_rhai_us": 934,
          "root_rhai_us": 934,
          "virtual_rhai_us": 0,
          "operations": 266,
          "root_operations": 266,
          "virtual_operations": 0,
          "timing_count": 7,
          "reused_component_subtrees": 5,
          "reused_components": 5,
          "retained_nodes": 239,
          "dirty_components": 0,
          "virtual_items": 1000,
          "virtual_realized": 26
        },
        {
          "total_us": 5162,
          "recorded_rhai_us": 773,
          "root_rhai_us": 773,
          "virtual_rhai_us": 0,
          "operations": 266,
          "root_operations": 266,
          "virtual_operations": 0,
          "timing_count": 7,
          "reused_component_subtrees": 5,
          "reused_components": 5,
          "retained_nodes": 239,
          "dirty_components": 0,
          "virtual_items": 1000,
          "virtual_realized": 26
        },
        {
          "total_us": 5346,
          "recorded_rhai_us": 838,
          "root_rhai_us": 838,
          "virtual_rhai_us": 0,
          "operations": 266,
          "root_operations": 266,
          "virtual_operations": 0,
          "timing_count": 7,
          "reused_component_subtrees": 5,
          "reused_components": 5,
          "retained_nodes": 239,
          "dirty_components": 0,
          "virtual_items": 1000,
          "virtual_realized": 26
        },
        {
          "total_us": 5294,
          "recorded_rhai_us": 790,
          "root_rhai_us": 790,
          "virtual_rhai_us": 0,
          "operations": 266,
          "root_operations": 266,
          "virtual_operations": 0,
          "timing_count": 7,
          "reused_component_subtrees": 5,
          "reused_components": 5,
          "retained_nodes": 239,
          "dirty_components": 0,
          "virtual_items": 1000,
          "virtual_realized": 26
        },
        {
          "total_us": 5133,
          "recorded_rhai_us": 804,
          "root_rhai_us": 804,
          "virtual_rhai_us": 0,
          "operations": 266,
          "root_operations": 266,
          "virtual_operations": 0,
          "timing_count": 7,
          "reused_component_subtrees": 5,
          "reused_components": 5,
          "retained_nodes": 239,
          "dirty_components": 0,
          "virtual_items": 1000,
          "virtual_realized": 26
        },
        {
          "total_us": 5204,
          "recorded_rhai_us": 884,
          "root_rhai_us": 884,
          "virtual_rhai_us": 0,
          "operations": 266,
          "root_operations": 266,
          "virtual_operations": 0,
          "timing_count": 7,
          "reused_component_subtrees": 5,
          "reused_components": 5,
          "retained_nodes": 239,
          "dirty_components": 0,
          "virtual_items": 1000,
          "virtual_realized": 26
        },
        {
          "total_us": 5274,
          "recorded_rhai_us": 818,
          "root_rhai_us": 818,
          "virtual_rhai_us": 0,
          "operations": 266,
          "root_operations": 266,
          "virtual_operations": 0,
          "timing_count": 7,
          "reused_component_subtrees": 5,
          "reused_components": 5,
          "retained_nodes": 239,
          "dirty_components": 0,
          "virtual_items": 1000,
          "virtual_realized": 26
        },
        {
          "total_us": 5234,
          "recorded_rhai_us": 763,
          "root_rhai_us": 763,
          "virtual_rhai_us": 0,
          "operations": 266,
          "root_operations": 266,
          "virtual_operations": 0,
          "timing_count": 7,
          "reused_component_subtrees": 5,
          "reused_components": 5,
          "retained_nodes": 239,
          "dirty_components": 0,
          "virtual_items": 1000,
          "virtual_realized": 26
        },
        {
          "total_us": 5112,
          "recorded_rhai_us": 811,
          "root_rhai_us": 811,
          "virtual_rhai_us": 0,
          "operations": 266,
          "root_operations": 266,
          "virtual_operations": 0,
          "timing_count": 7,
          "reused_component_subtrees": 5,
          "reused_components": 5,
          "retained_nodes": 239,
          "dirty_components": 0,
          "virtual_items": 1000,
          "virtual_realized": 26
        },
        {
          "total_us": 5220,
          "recorded_rhai_us": 801,
          "root_rhai_us": 801,
          "virtual_rhai_us": 0,
          "operations": 266,
          "root_operations": 266,
          "virtual_operations": 0,
          "timing_count": 7,
          "reused_component_subtrees": 5,
          "reused_components": 5,
          "retained_nodes": 239,
          "dirty_components": 0,
          "virtual_items": 1000,
          "virtual_realized": 26
        }
      ],
      "total_p50_us": 5220,
      "total_p95_us": 5528,
      "total_p99_us": 5528,
      "rhai_p50_us": 804,
      "rhai_p95_us": 934,
      "root_rhai_p95_us": 934,
      "virtual_rhai_p95_us": 0,
      "operations_p50": 266,
      "operations_p95": 266,
      "root_operations_p95": 266,
      "virtual_operations_p95": 0
    },
    {
      "name": "reverse_1000_rows",
      "samples": [
        {
          "total_us": 10603,
          "recorded_rhai_us": 5433,
          "root_rhai_us": 5433,
          "virtual_rhai_us": 0,
          "operations": 17653,
          "root_operations": 17653,
          "virtual_operations": 0,
          "timing_count": 6,
          "reused_component_subtrees": 4,
          "reused_components": 4,
          "retained_nodes": 248,
          "dirty_components": 0,
          "virtual_items": 1000,
          "virtual_realized": 27
        },
        {
          "total_us": 10368,
          "recorded_rhai_us": 5338,
          "root_rhai_us": 5338,
          "virtual_rhai_us": 0,
          "operations": 17651,
          "root_operations": 17651,
          "virtual_operations": 0,
          "timing_count": 6,
          "reused_component_subtrees": 4,
          "reused_components": 4,
          "retained_nodes": 248,
          "dirty_components": 0,
          "virtual_items": 1000,
          "virtual_realized": 27
        },
        {
          "total_us": 10445,
          "recorded_rhai_us": 5422,
          "root_rhai_us": 5422,
          "virtual_rhai_us": 0,
          "operations": 17653,
          "root_operations": 17653,
          "virtual_operations": 0,
          "timing_count": 6,
          "reused_component_subtrees": 4,
          "reused_components": 4,
          "retained_nodes": 248,
          "dirty_components": 0,
          "virtual_items": 1000,
          "virtual_realized": 27
        },
        {
          "total_us": 10405,
          "recorded_rhai_us": 5358,
          "root_rhai_us": 5358,
          "virtual_rhai_us": 0,
          "operations": 17651,
          "root_operations": 17651,
          "virtual_operations": 0,
          "timing_count": 6,
          "reused_component_subtrees": 4,
          "reused_components": 4,
          "retained_nodes": 248,
          "dirty_components": 0,
          "virtual_items": 1000,
          "virtual_realized": 27
        },
        {
          "total_us": 10541,
          "recorded_rhai_us": 5484,
          "root_rhai_us": 5484,
          "virtual_rhai_us": 0,
          "operations": 17653,
          "root_operations": 17653,
          "virtual_operations": 0,
          "timing_count": 6,
          "reused_component_subtrees": 4,
          "reused_components": 4,
          "retained_nodes": 248,
          "dirty_components": 0,
          "virtual_items": 1000,
          "virtual_realized": 27
        },
        {
          "total_us": 10385,
          "recorded_rhai_us": 5354,
          "root_rhai_us": 5354,
          "virtual_rhai_us": 0,
          "operations": 17651,
          "root_operations": 17651,
          "virtual_operations": 0,
          "timing_count": 6,
          "reused_component_subtrees": 4,
          "reused_components": 4,
          "retained_nodes": 248,
          "dirty_components": 0,
          "virtual_items": 1000,
          "virtual_realized": 27
        },
        {
          "total_us": 10538,
          "recorded_rhai_us": 5516,
          "root_rhai_us": 5516,
          "virtual_rhai_us": 0,
          "operations": 17653,
          "root_operations": 17653,
          "virtual_operations": 0,
          "timing_count": 6,
          "reused_component_subtrees": 4,
          "reused_components": 4,
          "retained_nodes": 248,
          "dirty_components": 0,
          "virtual_items": 1000,
          "virtual_realized": 27
        },
        {
          "total_us": 10350,
          "recorded_rhai_us": 5353,
          "root_rhai_us": 5353,
          "virtual_rhai_us": 0,
          "operations": 17651,
          "root_operations": 17651,
          "virtual_operations": 0,
          "timing_count": 6,
          "reused_component_subtrees": 4,
          "reused_components": 4,
          "retained_nodes": 248,
          "dirty_components": 0,
          "virtual_items": 1000,
          "virtual_realized": 27
        },
        {
          "total_us": 10447,
          "recorded_rhai_us": 5502,
          "root_rhai_us": 5502,
          "virtual_rhai_us": 0,
          "operations": 17653,
          "root_operations": 17653,
          "virtual_operations": 0,
          "timing_count": 6,
          "reused_component_subtrees": 4,
          "reused_components": 4,
          "retained_nodes": 248,
          "dirty_components": 0,
          "virtual_items": 1000,
          "virtual_realized": 27
        },
        {
          "total_us": 10456,
          "recorded_rhai_us": 5394,
          "root_rhai_us": 5394,
          "virtual_rhai_us": 0,
          "operations": 17651,
          "root_operations": 17651,
          "virtual_operations": 0,
          "timing_count": 6,
          "reused_component_subtrees": 4,
          "reused_components": 4,
          "retained_nodes": 248,
          "dirty_components": 0,
          "virtual_items": 1000,
          "virtual_realized": 27
        }
      ],
      "total_p50_us": 10445,
      "total_p95_us": 10603,
      "total_p99_us": 10603,
      "rhai_p50_us": 5394,
      "rhai_p95_us": 5516,
      "root_rhai_p95_us": 5516,
      "virtual_rhai_p95_us": 0,
      "operations_p50": 17651,
      "operations_p95": 17653,
      "root_operations_p95": 17653,
      "virtual_operations_p95": 0
    },
    {
      "name": "select_row_500",
      "samples": [
        {
          "total_us": 19160,
          "recorded_rhai_us": 5437,
          "root_rhai_us": 5437,
          "virtual_rhai_us": 0,
          "operations": 17629,
          "root_operations": 17629,
          "virtual_operations": 0,
          "timing_count": 6,
          "reused_component_subtrees": 4,
          "reused_components": 4,
          "retained_nodes": 240,
          "dirty_components": 0,
          "virtual_items": 1000,
          "virtual_realized": 26
        },
        {
          "total_us": 18564,
          "recorded_rhai_us": 5381,
          "root_rhai_us": 5381,
          "virtual_rhai_us": 0,
          "operations": 17629,
          "root_operations": 17629,
          "virtual_operations": 0,
          "timing_count": 6,
          "reused_component_subtrees": 4,
          "reused_components": 4,
          "retained_nodes": 240,
          "dirty_components": 0,
          "virtual_items": 1000,
          "virtual_realized": 26
        },
        {
          "total_us": 19962,
          "recorded_rhai_us": 5616,
          "root_rhai_us": 5616,
          "virtual_rhai_us": 0,
          "operations": 17629,
          "root_operations": 17629,
          "virtual_operations": 0,
          "timing_count": 6,
          "reused_component_subtrees": 4,
          "reused_components": 4,
          "retained_nodes": 240,
          "dirty_components": 0,
          "virtual_items": 1000,
          "virtual_realized": 26
        },
        {
          "total_us": 21911,
          "recorded_rhai_us": 6084,
          "root_rhai_us": 6084,
          "virtual_rhai_us": 0,
          "operations": 17629,
          "root_operations": 17629,
          "virtual_operations": 0,
          "timing_count": 6,
          "reused_component_subtrees": 4,
          "reused_components": 4,
          "retained_nodes": 240,
          "dirty_components": 0,
          "virtual_items": 1000,
          "virtual_realized": 26
        },
        {
          "total_us": 20882,
          "recorded_rhai_us": 5886,
          "root_rhai_us": 5886,
          "virtual_rhai_us": 0,
          "operations": 17629,
          "root_operations": 17629,
          "virtual_operations": 0,
          "timing_count": 6,
          "reused_component_subtrees": 4,
          "reused_components": 4,
          "retained_nodes": 240,
          "dirty_components": 0,
          "virtual_items": 1000,
          "virtual_realized": 26
        },
        {
          "total_us": 21368,
          "recorded_rhai_us": 5931,
          "root_rhai_us": 5931,
          "virtual_rhai_us": 0,
          "operations": 17629,
          "root_operations": 17629,
          "virtual_operations": 0,
          "timing_count": 6,
          "reused_component_subtrees": 4,
          "reused_components": 4,
          "retained_nodes": 240,
          "dirty_components": 0,
          "virtual_items": 1000,
          "virtual_realized": 26
        },
        {
          "total_us": 19461,
          "recorded_rhai_us": 5510,
          "root_rhai_us": 5510,
          "virtual_rhai_us": 0,
          "operations": 17629,
          "root_operations": 17629,
          "virtual_operations": 0,
          "timing_count": 6,
          "reused_component_subtrees": 4,
          "reused_components": 4,
          "retained_nodes": 240,
          "dirty_components": 0,
          "virtual_items": 1000,
          "virtual_realized": 26
        },
        {
          "total_us": 19641,
          "recorded_rhai_us": 5549,
          "root_rhai_us": 5549,
          "virtual_rhai_us": 0,
          "operations": 17629,
          "root_operations": 17629,
          "virtual_operations": 0,
          "timing_count": 6,
          "reused_component_subtrees": 4,
          "reused_components": 4,
          "retained_nodes": 240,
          "dirty_components": 0,
          "virtual_items": 1000,
          "virtual_realized": 26
        },
        {
          "total_us": 19406,
          "recorded_rhai_us": 5479,
          "root_rhai_us": 5479,
          "virtual_rhai_us": 0,
          "operations": 17629,
          "root_operations": 17629,
          "virtual_operations": 0,
          "timing_count": 6,
          "reused_component_subtrees": 4,
          "reused_components": 4,
          "retained_nodes": 240,
          "dirty_components": 0,
          "virtual_items": 1000,
          "virtual_realized": 26
        },
        {
          "total_us": 19468,
          "recorded_rhai_us": 5613,
          "root_rhai_us": 5613,
          "virtual_rhai_us": 0,
          "operations": 17629,
          "root_operations": 17629,
          "virtual_operations": 0,
          "timing_count": 6,
          "reused_component_subtrees": 4,
          "reused_components": 4,
          "retained_nodes": 240,
          "dirty_components": 0,
          "virtual_items": 1000,
          "virtual_realized": 26
        }
      ],
      "total_p50_us": 19468,
      "total_p95_us": 21911,
      "total_p99_us": 21911,
      "rhai_p50_us": 5549,
      "rhai_p95_us": 6084,
      "root_rhai_p95_us": 6084,
      "virtual_rhai_p95_us": 0,
      "operations_p50": 17629,
      "operations_p95": 17629,
      "root_operations_p95": 17629,
      "virtual_operations_p95": 0
    },
    {
      "name": "window_resize_native",
      "samples": [
        {
          "total_us": 12963,
          "recorded_rhai_us": 413,
          "root_rhai_us": 0,
          "virtual_rhai_us": 413,
          "operations": 3491,
          "root_operations": 0,
          "virtual_operations": 3491,
          "timing_count": 3,
          "reused_component_subtrees": 0,
          "reused_components": 0,
          "retained_nodes": 208,
          "dirty_components": 0,
          "virtual_items": 1000,
          "virtual_realized": 22
        },
        {
          "total_us": 11395,
          "recorded_rhai_us": 0,
          "root_rhai_us": 0,
          "virtual_rhai_us": 0,
          "operations": 0,
          "root_operations": 0,
          "virtual_operations": 0,
          "timing_count": 0,
          "reused_component_subtrees": 0,
          "reused_components": 0,
          "retained_nodes": 184,
          "dirty_components": 0,
          "virtual_items": 1000,
          "virtual_realized": 19
        },
        {
          "total_us": 12989,
          "recorded_rhai_us": 399,
          "root_rhai_us": 0,
          "virtual_rhai_us": 399,
          "operations": 3491,
          "root_operations": 0,
          "virtual_operations": 3491,
          "timing_count": 3,
          "reused_component_subtrees": 0,
          "reused_components": 0,
          "retained_nodes": 208,
          "dirty_components": 0,
          "virtual_items": 1000,
          "virtual_realized": 22
        },
        {
          "total_us": 11359,
          "recorded_rhai_us": 0,
          "root_rhai_us": 0,
          "virtual_rhai_us": 0,
          "operations": 0,
          "root_operations": 0,
          "virtual_operations": 0,
          "timing_count": 0,
          "reused_component_subtrees": 0,
          "reused_components": 0,
          "retained_nodes": 184,
          "dirty_components": 0,
          "virtual_items": 1000,
          "virtual_realized": 19
        },
        {
          "total_us": 13020,
          "recorded_rhai_us": 429,
          "root_rhai_us": 0,
          "virtual_rhai_us": 429,
          "operations": 3491,
          "root_operations": 0,
          "virtual_operations": 3491,
          "timing_count": 3,
          "reused_component_subtrees": 0,
          "reused_components": 0,
          "retained_nodes": 208,
          "dirty_components": 0,
          "virtual_items": 1000,
          "virtual_realized": 22
        },
        {
          "total_us": 11410,
          "recorded_rhai_us": 0,
          "root_rhai_us": 0,
          "virtual_rhai_us": 0,
          "operations": 0,
          "root_operations": 0,
          "virtual_operations": 0,
          "timing_count": 0,
          "reused_component_subtrees": 0,
          "reused_components": 0,
          "retained_nodes": 184,
          "dirty_components": 0,
          "virtual_items": 1000,
          "virtual_realized": 19
        },
        {
          "total_us": 12991,
          "recorded_rhai_us": 440,
          "root_rhai_us": 0,
          "virtual_rhai_us": 440,
          "operations": 3491,
          "root_operations": 0,
          "virtual_operations": 3491,
          "timing_count": 3,
          "reused_component_subtrees": 0,
          "reused_components": 0,
          "retained_nodes": 208,
          "dirty_components": 0,
          "virtual_items": 1000,
          "virtual_realized": 22
        },
        {
          "total_us": 11735,
          "recorded_rhai_us": 0,
          "root_rhai_us": 0,
          "virtual_rhai_us": 0,
          "operations": 0,
          "root_operations": 0,
          "virtual_operations": 0,
          "timing_count": 0,
          "reused_component_subtrees": 0,
          "reused_components": 0,
          "retained_nodes": 184,
          "dirty_components": 0,
          "virtual_items": 1000,
          "virtual_realized": 19
        },
        {
          "total_us": 14326,
          "recorded_rhai_us": 432,
          "root_rhai_us": 0,
          "virtual_rhai_us": 432,
          "operations": 3491,
          "root_operations": 0,
          "virtual_operations": 3491,
          "timing_count": 3,
          "reused_component_subtrees": 0,
          "reused_components": 0,
          "retained_nodes": 208,
          "dirty_components": 0,
          "virtual_items": 1000,
          "virtual_realized": 22
        },
        {
          "total_us": 12245,
          "recorded_rhai_us": 0,
          "root_rhai_us": 0,
          "virtual_rhai_us": 0,
          "operations": 0,
          "root_operations": 0,
          "virtual_operations": 0,
          "timing_count": 0,
          "reused_component_subtrees": 0,
          "reused_components": 0,
          "retained_nodes": 184,
          "dirty_components": 0,
          "virtual_items": 1000,
          "virtual_realized": 19
        }
      ],
      "total_p50_us": 12245,
      "total_p95_us": 14326,
      "total_p99_us": 14326,
      "rhai_p50_us": 0,
      "rhai_p95_us": 440,
      "root_rhai_p95_us": 0,
      "virtual_rhai_p95_us": 440,
      "operations_p50": 0,
      "operations_p95": 3491,
      "root_operations_p95": 0,
      "virtual_operations_p95": 3491
    }
  ]
}
ok

test result: ok. 2 passed; 0 failed; 0 ignored; 0 measured; 1 filtered out; finished in 3.32s

