.cargo_vcs_info.json
Cargo.lock
Cargo.toml
Cargo.toml.orig
LICENSE-APACHE
LICENSE-MIT
README.md
src/accessibility.rs
src/action.rs
src/app.rs
src/asset.rs
src/async_runtime.rs
src/automation.rs
src/backend.rs
src/budget.rs
src/canvas.rs
src/capability.rs
src/chart/data.rs
src/chart/export.rs
src/chart/extension.rs
src/chart/geo.rs
src/chart/mod.rs
src/chart/primitive.rs
src/chart/scale.rs
src/chart/scene.rs
src/chart/spec.rs
src/chart/transform.rs
src/clock.rs
src/column_resize.rs
src/component.rs
src/component_styles.rs
src/context.rs
src/date.rs
src/dependency.rs
src/devtools.rs
src/diagnostic.rs
src/document.rs
src/document_view.rs
src/effect.rs
src/element_ref.rs
src/engine.rs
src/environment_dependency.rs
src/event.rs
src/font.rs
src/geometry.rs
src/host_slot.rs
src/inline_svg.rs
src/invocation.rs
src/lib.rs
src/lifecycle.rs
src/locale.rs
src/motion.rs
src/native_collection.rs
src/native_handler.rs
src/node.rs
src/overlay.rs
src/overlay_element.rs
src/primitive.rs
src/range_input.rs
src/reload.rs
src/renderer.rs
src/responsive.rs
src/retained.rs
src/schema.rs
src/script_lint.rs
src/script_source.rs
src/scrollbar.rs
src/signal.rs
src/slot_runtime.rs
src/source.rs
src/state.rs
src/store.rs
src/style.rs
src/text_area.rs
src/text_edit.rs
src/text_input.rs
src/theme.rs
src/timer.rs
src/value.rs
src/virtual_list.rs
src/virtual_list_element.rs
src/window.rs
