.cargo_vcs_info.json
Cargo.lock
Cargo.toml
Cargo.toml.orig
LICENSE-APACHE
LICENSE-MIT
README.md
assets/icons/calendar.svg
assets/icons/check.svg
assets/icons/chevron_down.svg
assets/icons/chevron_left.svg
assets/icons/chevron_right.svg
assets/icons/chevron_up.svg
assets/icons/close.svg
assets/icons/date_next.svg
assets/icons/date_previous.svg
assets/icons/disclosure_down.svg
assets/icons/help.svg
assets/icons/info.svg
assets/icons/minus.svg
assets/icons/plus.svg
assets/icons/search.svg
assets/icons/sort_ascending.svg
assets/icons/sort_descending.svg
assets/icons/warning.svg
charts/bar_chart.rhai
charts/chart.rhai
charts/line_chart.rhai
charts/map_chart.rhai
charts/pie_chart.rhai
components/accordion.rhai
components/alert.rhai
components/alert_dialog.rhai
components/avatar.rhai
components/badge.rhai
components/button.rhai
components/button_group.rhai
components/card.rhai
components/checkbox.rhai
components/code_viewer.rhai
components/collapsible.rhai
components/combobox.rhai
components/command.rhai
components/command_dialog.rhai
components/context_menu.rhai
components/date_picker.rhai
components/dialog.rhai
components/diff_viewer.rhai
components/divider.rhai
components/empty.rhai
components/form_field.rhai
components/group_box.rhai
components/icon.rhai
components/icon_button.rhai
components/input.rhai
components/input_group.rhai
components/kbd.rhai
components/label.rhai
components/menu.rhai
components/pagination.rhai
components/popover.rhai
components/progress.rhai
components/radio.rhai
components/radio_group.rhai
components/scroll_area.rhai
components/select.rhai
components/sheet.rhai
components/skeleton.rhai
components/slider.rhai
components/spinner.rhai
components/status_bar.rhai
components/switch.rhai
components/table.rhai
components/tabs.rhai
components/tag.rhai
components/textarea.rhai
components/title_bar.rhai
components/toast.rhai
components/toggle.rhai
components/toggle_group.rhai
components/tooltip.rhai
locales/ar.rhai
locales/en.rhai
locales/zh_cn.rhai
motion/animated_tabs.rhai
motion/border_beam.rhai
motion/marquee.rhai
motion/number_ticker.rhai
motion/orbit.rhai
motion/particles.rhai
motion/reorder_list.rhai
motion/shared_layout_cards.rhai
motion/shimmer.rhai
motion/text_reveal.rhai
src/lib.rs
studio/theme_studio.rhai
themes/aetheria.rhai
themes/catppuccin_latte.rhai
themes/catppuccin_mocha.rhai
themes/default_dark.rhai
themes/default_light.rhai
themes/ethereal.rhai
themes/everforest.rhai
themes/futurism.rhai
themes/gruvbox.rhai
themes/hackerman.rhai
themes/hermarchy.rhai
themes/nord.rhai
themes/retro_82.rhai
themes/tokyo_night.rhai
themes/tokyo_storm.rhai
