    Blocking waiting for file lock on artifact directory
   Compiling audit-018-drag-sort v0.0.0 (/Users/eddix/Codes/github.com/eddix/gpui-rhai/docs/audits/2026-09-30-interaction-0.1.8/drag-sort/probe)
    Finished `test` profile [unoptimized + debuginfo] target(s) in 9.21s
     Running unittests src/lib.rs (tests/native-keyboard/target/debug/deps/audit_018_drag_sort-94f5d44db2c83572)

running 5 tests
test bounded_sortable_keyboard_control ... bounded source focused=true
ok
test clipped_drop_target_still_receives_drop ... clipped target at Point { x: 290px, y: 150px }, clip y=0..80
clipped target result = ready
ok
test independent_sortables_with_same_local_key_reject_foreign_source ... independent list result=ready
ok
test overlapping_targets_follow_paint_order_not_target_name ... overlap result=drop:aa-front
ok
test virtual_sortable_end_works_without_realizing_last_row ... virtual source position=Point { x: 150px, y: 58px }; focused=Some("FocusHandle(FocusId(4v1))")
virtual Alt+Down result=item-0:after:item-1
virtual Alt+End result=item-0:after:item-99
virtual pointer control=item-0:after:item-2
ok

test result: ok. 5 passed; 0 failed; 0 ignored; 0 measured; 0 filtered out; finished in 1.24s

