   Compiling audit-resize-controls v0.0.0 (/Users/eddix/Codes/github.com/eddix/gpui-rhai/docs/audits/2026-09-30-interaction-0.1.8/resize-controls)
    Finished `test` profile [unoptimized + debuginfo] target(s) in 1.73s
     Running probe.rs (tests/native-keyboard/target/debug/deps/probe-ca8b1007a25784fa)

running 10 tests
test active_draggable_suspend_is_safe ... 
thread 'active_draggable_suspend_is_safe' (56278758) panicked at /Users/eddix/.cargo/registry/src/index.crates.io-1949cf8c6b5b557f/gpui-pre-0.3.7/src/app/entity_map.rs:164:36:
cannot update gpui_rhai::app::ScriptHostView while it is already being updated
note: run with `RUST_BACKTRACE=1` environment variable to display a backtrace
FAILED
test aspect_corner_keyboard_vertical_resize_is_effective ... aspect corner down result=200.0

thread 'aspect_corner_keyboard_vertical_resize_is_effective' (56278766) panicked at probe.rs:306:5:
assertion `left == right` failed: corner Down should grow height by8 and preserve 2:1 aspect
  left: "200.0"
 right: "216.0"
FAILED
test draggable_preserves_formal_handle_ref ... drag=Err(Automation(Command("failed to evaluate Rhai UI source: Runtime error: component `/View[audit-cell-drag]/Cell[cell]` has no mounted element ref `cell_root` @ 'components/cell' (line 8, position 27)\nin call to function 'check' (from 'components/cell') (line 10, position 53)")))

thread 'draggable_preserves_formal_handle_ref' (56278767) panicked at probe.rs:347:83:
Draggable overwrites caller component ref
FAILED
test formal_component_ref_survives_normal_wrapper ... plain=Ok(Dispatch { report: AutomationDispatchReport { target: 4, visited: [4], invoked: 1, default_prevented: false, stopped: true } })
ok
test range_gap_preserves_the_global_step_grid ... range gap result=20.0,77.0,1

thread 'range_gap_preserves_the_global_step_grid' (56278770) panicked at probe.rs:207:5:
assertion `left == right` failed: gap must not shift step origin from global min
  left: "20.0,77.0,1"
 right: "20.0,75.0,1"
FAILED
test range_source_replacement_cancels_existing_drag ... before mouseup=10.0,40.0,0
range source result=20.0,70.0,1

thread 'range_source_replacement_cancels_existing_drag' (56278771) panicked at probe.rs:226:5:
assertion `left == right` failed: old gesture must not overwrite new controlled source
  left: "20.0,70.0,1"
 right: "10.0,40.0,0"
FAILED
test resizable_constraint_replacement_cancels_existing_drag ... resizable constraint result=300.0

thread 'resizable_constraint_replacement_cancels_existing_drag' (56278773) panicked at probe.rs:257:5:
assertion `left == right` failed: changed constraints must cancel stale gesture
  left: "300.0"
 right: "none"
FAILED
test resizable_keyboard_is_automatable ... issue85 dispatch=Ok(Dispatch { report: AutomationDispatchReport { target: 8, visited: [], invoked: 0, default_prevented: false, stopped: false } })

thread 'resizable_keyboard_is_automatable' (56278774) panicked at probe.rs:268:5:
assertion `left == right` failed
  left: "none"
 right: "208.0"
FAILED
test split_pane_preserves_formal_child_ref ... split=Err(Automation(Command("failed to evaluate Rhai UI source: Runtime error: component `/View[audit-cell-split]/Cell[cell]` has no mounted element ref `cell_root` @ 'components/cell' (line 8, position 27)\nin call to function 'check' (from 'components/cell') (line 10, position 53)")))

thread 'split_pane_preserves_formal_child_ref' (56278776) panicked at probe.rs:342:84:
SplitPane overwrites caller component ref
FAILED
test table_resize_rejected_value_restores_controlled_width ... table rejected preview: before_x=149, after_x=189, callbacks=1

thread 'table_resize_rejected_value_restores_controlled_width' (56278789) panicked at probe.rs:367:2:
rejected width must not remain as native override
FAILED

failures:

failures:
    active_draggable_suspend_is_safe
    aspect_corner_keyboard_vertical_resize_is_effective
    draggable_preserves_formal_handle_ref
    range_gap_preserves_the_global_step_grid
    range_source_replacement_cancels_existing_drag
    resizable_constraint_replacement_cancels_existing_drag
    resizable_keyboard_is_automatable
    split_pane_preserves_formal_child_ref
    table_resize_rejected_value_restores_controlled_width

test result: FAILED. 1 passed; 9 failed; 0 ignored; 0 measured; 0 filtered out; finished in 2.38s

error: test failed, to rerun pass `--test probe`
