collections-tree/probe/Cargo.lock: OK
collections-tree/probe/Cargo.toml: OK
collections-tree/probe/src/main.rs: OK
collections-tree/probe.log: OK
collections-tree/report.zh-CN.md: OK
dogfood-host/baseline.json: OK
dogfood-host/probe/Cargo.lock: OK
dogfood-host/probe/Cargo.toml: OK
dogfood-host/probe/src/capability.rs: OK
dogfood-host/probe/src/engine/classify.rs: OK
dogfood-host/probe/src/engine/filter.rs: OK
dogfood-host/probe/src/engine/insights.rs: OK
dogfood-host/probe/src/engine/mod.rs: OK
dogfood-host/probe/src/engine/node.rs: OK
dogfood-host/probe/src/engine/scan.rs: OK
dogfood-host/probe/src/engine/space.rs: OK
dogfood-host/probe/src/main.rs: OK
dogfood-host/probe-results.log: OK
dogfood-host/report.zh-CN.md: OK
dogfood-host/snapshot.json: OK
dogfood-script/probes.log: OK
dogfood-script/probes.rs: OK
dogfood-script/report.zh-CN.md: OK
dogfood-script/run-probes.py: OK
dogfood-script/source-metadata.json: OK
evidence/audit-build-cleanup.json: OK
evidence/baseline.json: OK
evidence/ci-104-current.json: OK
evidence/final-inventory.json: OK
evidence/gallery-default-stack.log: OK
evidence/issue-83.json: OK
evidence/issue-89.json: OK
evidence/issue-91.json: OK
evidence/issue-95.json: OK
evidence/issue-98.json: OK
evidence/native-default-stack.log: OK
evidence/pr-100.json: OK
evidence/pr-101.json: OK
evidence/pr-102.json: OK
evidence/pr-103.diff: OK
evidence/pr-103.json: OK
evidence/pr-104.diff: OK
evidence/pr-104.json: OK
evidence/pr-14.json: OK
evidence/pr-96.json: OK
evidence/pr-97.json: OK
evidence/pr-99.json: OK
evidence/verification-summary.json: OK
evidence/visual-session.json: OK
handoff.zh-CN.md: OK
report.zh-CN.md: OK
resize-controls/Cargo.lock: OK
resize-controls/Cargo.toml: OK
resize-controls/probe.log: OK
resize-controls/probe.rs: OK
resize-controls/report.zh-CN.md: OK
resize-controls/visual-followup.zh-CN.md: OK
runtime-core/probes.log: OK
runtime-core/probes.rs: OK
runtime-core/report.zh-CN.md: OK
runtime-core/run-probes.py: OK
style-geometry/Cargo.lock: OK
style-geometry/Cargo.toml: OK
style-geometry/baseline.json: OK
style-geometry/cow-probes.log: OK
style-geometry/report.zh-CN.md: OK
style-geometry/src/lib.rs: OK
visual/binary.json: OK
visual/capture-results.json: OK
visual/catppuccin-mocha.ar.rtl@2x.png: OK
visual/default-dark.en.selected.png: OK
visual/default-dark.en.selected@2x.png: OK
visual/default-light.en.empty.png: OK
visual/default-light.en.empty@2x.png: OK
visual/default-light.en.loading.png: OK
visual/default-light.en.loading@2x.png: OK
visual/default-light.en.ltr@2x.png: OK
visual/report.zh-CN.md: OK
visual/window-metadata.json: OK
