   Compiling gpui-rhai-native-keyboard-tests v0.0.0 (/var/folders/r0/rh2q01k55bv9w7lhwxn0_x240000gn/T/gpui-runtime-core-round4-audit-vrlb5ub0)
    Finished `test` profile [unoptimized + debuginfo] target(s) in 2.67s
     Running tests/runtime_core_round4_audit.rs (tests/native-keyboard/target/debug/deps/runtime_core_round4_audit-6acce73865571c5c)

running 5 tests
explicit=false active=1.1051709180756477 completed=1
explicit=true active=1.1051709180756477 completed=1
explicit=false Escape delivered first=0, after second=1
test idle_escape_reaches_host ... ok

thread 'debounced_wheel_releases_escape' (1041247) panicked at tests/runtime_core_round4_audit.rs:72:5:
assertion `left == right` failed: completed wheel must release interceptor ownership
  left: 0
 right: 1
note: run with `RUST_BACKTRACE=1` environment variable to display a backtrace
test disposing_view_releases_window_escape_owner ... ok
explicit=true Escape delivered first=1, after second=2
test explicitly_completed_wheel_releases_escape ... ok
test debounced_wheel_releases_escape ... FAILED
test other_window_escape_does_not_cancel_owner ... ok

failures:

failures:
    debounced_wheel_releases_escape

test result: FAILED. 4 passed; 1 failed; 0 ignored; 0 measured; 0 filtered out; finished in 0.86s

error: test failed, to rerun pass `--test runtime_core_round4_audit`
