   Compiling audit-018-collections-tree-round5 v0.0.0 (/Users/eddix/Codes/github.com/eddix/gpui-rhai/docs/audits/2026-10-02-interaction-0.1.8-round5/collections-tree/probe)
    Finished `dev` profile [unoptimized + debuginfo] target(s) in 4.72s
     Running `target/debug/audit-018-collections-tree-round5-r4-acceptance`
event-only no tracking; name validation; per-reader quota/dedup; release reclaim: passed
global 4096 pair quota and no mutation on rejection: passed
global 64KiB name bytes quota and no mutation on rejection: passed
negative-read transaction rollback and exact wakeup: passed
virtualized=false initial=Text { text: "missing" }
virtualized=false register render_dirty=true shown=Text { text: "ready:1" }
virtualized=false forced-render shown=Text { text: "ready:1" }
virtualized=false replace changed=true render_dirty=true shown=Text { text: "ready:2" }
virtualized=true initial=Text { text: "missing" }
virtualized=true register render_dirty=true shown=Text { text: "ready:1" }
virtualized=true forced-render shown=Text { text: "ready:1" }
virtualized=true replace changed=true render_dirty=true shown=Text { text: "ready:2" }
manifest add_row=true before callback=Ok(7), state=Some(Integer(7))
manifest add_row=true target=[0, 10], observed_state=Some(Integer(7))
manifest add_row=true after callback=Ok(7)
manifest add_row=false before callback=Ok(7), state=Some(Integer(7))
manifest add_row=false target=[0], observed_state=None
manifest add_row=false after callback=Err(Runtime(StaleComponentCallback { name: "read_count", component: ComponentInstancePath([ComponentInstanceSegment { component: "App", key: "prune-only" }, ComponentInstanceSegment { component: "VirtualCollection", key: "rows" }, ComponentInstanceSegment { component: "Counter", key: "row-1" }]) }))
