    Finished `test` profile [unoptimized + debuginfo] target(s) in 0.29s
     Running tests/e2e.rs (tests/performance/target/debug/deps/e2e-4e8b8dce2a6d0430)

running 1 test
{
  "schema": "gpui-rhai-chart-e2e-v1",
  "points": 100000,
  "prepare_us": 826417,
  "mount_first_frame_us": 340819,
  "resize_p50_us": 169439,
  "resize_p95_us": 169439,
  "streaming_p50_us": 255493,
  "streaming_p95_us": 255493,
  "retained_nodes": 53,
  "rhai_operations_after_stream": 0
}
test chart_end_to_end_baseline ... ok

test result: ok. 1 passed; 0 failed; 0 ignored; 0 measured; 5 filtered out; finished in 2.44s

     Running tests/state_structure.rs (tests/performance/target/debug/deps/state_structure-a3263b5c406d7cc5)

running 0 tests

test result: ok. 0 passed; 0 failed; 0 ignored; 0 measured; 1 filtered out; finished in 0.00s

