   Compiling gpui-rhai-native-keyboard-tests v0.0.0 (/var/folders/r0/rh2q01k55bv9w7lhwxn0_x240000gn/T/gpui-runtime-core-round2-audit-_ovd3ff7)
    Finished `test` profile [unoptimized + debuginfo] target(s) in 3.00s
     Running tests/runtime_core_round2_audit.rs (tests/native-keyboard/target/debug/deps/runtime_core_round2_audit-86267248d76b8f2a)

running 4 tests

thread 'idle_pan_zoom_suspend_is_safe' (56646217) panicked at /Users/eddix/.cargo/registry/src/index.crates.io-1949cf8c6b5b557f/gpui-pre-0.3.7/src/app/entity_map.rs:156:32:
cannot read gpui_rhai::app::ScriptHostView while it is already being updated
note: run with `RUST_BACKTRACE=1` environment variable to display a backtrace

thread 'idle_pan_zoom_suspend_is_safe' (56646217) panicked at /Users/eddix/.cargo/registry/src/index.crates.io-1949cf8c6b5b557f/gpui-pre-0.3.7/src/app/entity_map.rs:164:36:
cannot update gpui_rhai::pan_zoom::PanZoomEntity while it is already being updated
idle PanZoom suspend: Err(Suspend("native primitive suspend failed: primitive `PrimitiveId(\"gpui_rhai.pan_zoom\")` panicked during suspend; compensation failed: primitive `PrimitiveId(\"gpui_rhai.pan_zoom\")` panicked during resume")), state=Disposed

thread 'idle_pan_zoom_suspend_is_safe' (56646217) panicked at tests/runtime_core_round2_audit.rs:96:5:
idle PanZoom must support normal suspend without reentrant entity updates
test idle_pan_zoom_suspend_is_safe ... FAILED
external native=true error after replacement: None
external native=false error after replacement: None
normal pan final content: ["Canvas contents", "External", "50.0,1"]
external native=true final content: ["Canvas contents", "External", "300.0,0"]
external native=false final content: ["Canvas contents", "External", "300.0,0"]
test script_source_replacement_control ... ok
test native_source_replacement_is_equivalent ... ok
test pan_without_replacement_control ... ok

failures:

failures:
    idle_pan_zoom_suspend_is_safe

test result: FAILED. 3 passed; 1 failed; 0 ignored; 0 measured; 0 filtered out; finished in 0.88s

error: test failed, to rerun pass `--test runtime_core_round2_audit`
