Probe project: /var/folders/r0/rh2q01k55bv9w7lhwxn0_x240000gn/T//gpui-rhai-audit.G85sEj
   Compiling gpui-rhai v0.1.3 (/Users/eddix/Codes/github.com/eddix/gpui-rhai/crates/gpui-rhai)
   Compiling gpui-rhai-cli v0.1.3 (/Users/eddix/Codes/github.com/eddix/gpui-rhai/crates/gpui-rhai-cli)
   Compiling gpui-rhai-audit-probes v0.0.0 (/var/folders/r0/rh2q01k55bv9w7lhwxn0_x240000gn/T/gpui-rhai-audit.G85sEj)
    Finished `dev` profile [unoptimized + debuginfo] target(s) in 25.19s
     Running `target/debug/gpui-rhai-audit-probes`
PASS pause/seek and stale instance rejection
PASS None restart does not animate
reload generations old=ScriptGeneration(1) candidate=ScriptGeneration(2)
reload new_context_lookup=Ok(MotionHandle { runtime_id: 3, instance: 2, domain: "window:w/view:v/root", owner: ComponentInstancePath([ComponentInstanceSegment { component: "View", key: "v" }]), incarnation: ComponentIncarnation(1), generation: ScriptGeneration(2), node_path: "window:w/view:v/root/node:1", name: "intro" }) old_handle_still_valid=None progress=[0.25]
resume_reload state=Running expected_width=40 actual=[40.0] needs_frame=true
ghost after_remove active=1 samples={MotionKey { component: ComponentInstancePath([ComponentInstanceSegment { component: "UiNode", key: "window:w/view:v/root/ghost:3" }]), property: Opacity }: 1.0}
ghost after_unrelated_update expected_active=1 actual_active=1 samples={MotionKey { component: ComponentInstancePath([ComponentInstanceSegment { component: "UiNode", key: "window:w/view:v/root/ghost:3" }]), property: Opacity }: 0.9}
policy reduced_before={MotionKey { component: ComponentInstancePath([ComponentInstanceSegment { component: "UiNode", key: "root/card" }]), property: Opacity }: 1.0}
policy None_after={MotionKey { component: ComponentInstancePath([ComponentInstanceSegment { component: "UiNode", key: "root/card" }]), property: Opacity }: 0.0}
timeline_autoreverse normal_terminal={MotionKey { component: ComponentInstancePath([ComponentInstanceSegment { component: "UiNode", key: "root/card" }]), property: Opacity }: 0.0} none_terminal={MotionKey { component: ComponentInstancePath([ComponentInstanceSegment { component: "UiNode", key: "root/card" }]), property: Opacity }: 0.0}
slash_key distinct_retained_nodes reconcile=Ok({MotionKey { component: ComponentInstancePath([ComponentInstanceSegment { component: "UiNode", key: "root/key:61/key:62" }]), property: Opacity }: 0.0, MotionKey { component: ComponentInstancePath([ComponentInstanceSegment { component: "UiNode", key: "root/key:612f62" }]), property: Opacity }: 0.0})
root_remount unmounted=[NodeId(1)] old_handle_retained=false sample={MotionKey { component: ComponentInstancePath([ComponentInstanceSegment { component: "UiNode", key: "root" }]), property: Opacity }: 0.0}
sampling_debug count=100 inertia=false avg_frame_ms=0.266
sampling_debug count=100 inertia=true avg_frame_ms=0.269
sampling_debug count=1000 inertia=false avg_frame_ms=3.470
sampling_debug count=1000 inertia=true avg_frame_ms=3.600
budget_replace_playing_timeline_with_idle_plus_direct expected_success_active1 actual=Ok(true)
