   Compiling audit-018-collections-tree v0.0.0 (/Users/eddix/Codes/github.com/eddix/gpui-rhai/docs/audits/2026-09-30-interaction-0.1.8-round2/collections-tree/probe)
    Finished `dev` profile [unoptimized + debuginfo] target(s) in 8.16s
     Running `target/debug/audit-018-collections-tree`
projection count=257 reversed=false expanded=false, elapsed=3.805625ms, result=Ok(1)
projection count=257 reversed=true expanded=true, elapsed=5.350166ms, result=Ok(257)
projection count=258 reversed=false expanded=false, elapsed=2.504916ms, result=Err("Runtime error: outline cycle or depth limit at `k00257` (line 1, position 1)")
projection count=258 reversed=true expanded=true, elapsed=2.180041ms, result=Err("Runtime error: outline cycle or depth limit at `k00257` (line 1, position 1)")
projection count=1000 reversed=true expanded=false, elapsed=8.4025ms, result=Err("Runtime error: outline cycle or depth limit at `k00257` (line 1, position 1)")
live register initial root: Text { text: "missing" }
live register render_dirty: Ok(true)
live register after root invalidation: Text { text: "missing" }
live register after forced full render: Text { text: "ready:1" }
tree no active mounted
 key up: Some(String("a"))
 key down: Some(String("b"))
 key left: Some(Map({"kind": String("none")}))
 key right: Some(Map({"kind": String("none")}))
 key home: Some(String("a"))
 key end: Some(String("b"))
 key enter: Some(Map({"key": String("a"), "kind": String("select"), "label": String("A")}))
 handlers: ["key:down", "key:end", "key:enter", "key:home", "key:left", "key:right", "key:up"]
tree empty mounted
 key up: None
 key down: None
 key left: None
 key right: None
 key home: None
 key end: None
 key enter: None
 handlers: []
tree collapsed active child mounted
 key up: Some(String("parent"))
 key down: Some(String("next"))
 key left: Some(Map({"kind": String("none")}))
 key right: Some(Map({"key": String("parent"), "kind": String("toggle")}))
 key home: Some(String("parent"))
 key end: Some(String("next"))
 key enter: Some(Map({"key": String("parent"), "kind": String("select"), "label": String("Parent")}))
 handlers: ["key:down", "key:end", "key:enter", "key:home", "key:left", "key:right", "key:up"]
tree disabled parent mounted
 key up: Some(String("child"))
 key down: Some(String("next"))
 key left: Some(Map({"kind": String("none")}))
 key right: Some(Map({"kind": String("none")}))
 key home: Some(String("child"))
 key end: Some(String("next"))
 key enter: Some(Map({"key": String("child"), "kind": String("select"), "label": String("Child")}))
 handlers: ["key:down", "key:end", "key:enter", "key:home", "key:left", "key:right", "key:up"]
tree after accepting disabled parent mounted
 key up: Some(String("child"))
 key down: Some(String("next"))
 key left: Some(Map({"kind": String("none")}))
 key right: Some(Map({"kind": String("none")}))
 key home: Some(String("child"))
 key end: Some(String("next"))
 key enter: Some(Map({"key": String("child"), "kind": String("select"), "label": String("Child")}))
 handlers: ["key:down", "key:end", "key:enter", "key:home", "key:left", "key:right", "key:up"]
tree deleted expanded ERROR: failed to evaluate Rhai UI source: Runtime error: expanded outline key `deleted` is unknown @ 'components/tree' (line 116, position 14)
in call to function 'render_Tree' (from 'components/tree') @ 'components/tree' (line 54, position 16)
in call to function 'Tree' (from 'components/tree') (line 3, position 28); timing=Some(ExecutionTiming { operation: Render, source: "audit/tree.rhai", duration: 388.459µs, operations: 35, operation_semantics: 2, slow: false, succeeded: false })
tree 1000 rows depth128 disabled ancestry=false mounted
 key up: Some(String("k127"))
 key down: Some(String("k129"))
 key left: Some(Map({"key": String("k127"), "kind": String("active")}))
 key right: Some(Map({"kind": String("none")}))
 key home: Some(String("k0"))
 key end: Some(String("k999"))
 key enter: Some(Map({"key": String("k128"), "kind": String("select"), "label": String("Node 128")}))
 handlers: ["key:down", "key:end", "key:enter", "key:home", "key:left", "key:right", "key:up"]
tree 1000 rows depth128 disabled ancestry=true ERROR: failed to evaluate Rhai UI source: Script terminated; timing=Some(ExecutionTiming { operation: Render, source: "audit/tree.rhai", duration: 827.647375ms, operations: 1000001, operation_semantics: 2, slow: true, succeeded: false })
