   Compiling audit-style-geometry-round6 v0.0.0 (/Users/eddix/Codes/github.com/eddix/gpui-rhai/docs/audits/2026-10-02-interaction-0.1.8-round6/style-geometry)
warning: unused `rhai::types::dynamic::Dynamic` that must be used
   --> src/lib.rs:147:9
    |
147 | /         lifecycle
148 | |             .invoke_callback_transactional(&engine, &cb, UiValue::Null)
149 | |             .unwrap();
    | |_____________________^
    |
    = note: `#[warn(unused_must_use)]` (part of `#[warn(unused)]`) on by default
help: use `let _ = ...` to ignore the resulting value
    |
147 |         let _ = lifecycle
    |         +++++++

warning: `audit-style-geometry-round6` (lib test) generated 1 warning
    Finished `test` profile [unoptimized + debuginfo] target(s) in 3.12s
     Running unittests src/lib.rs (tests/native-keyboard/target/debug/deps/audit_style_geometry_round6-327d416cd908fbeb)

running 3 tests
hover/active/focus/disabled and nested clone isolation pass
input maps/vectors, sibling clones and future shared defaults isolated
test tests::pseudo_states_and_nested_node_clones_do_not_leak_mutation ... ok
test tests::public_style_inputs_and_shared_defaults_have_value_semantics ... ok
formal child rerender updates owned width; both caller styles and saved prior tree remain isolated
test tests::formal_owned_snapshot_update_keeps_old_tree_and_outer_presentations_isolated ... ok

test result: ok. 3 passed; 0 failed; 0 ignored; 0 measured; 0 filtered out; finished in 0.80s

